Archive member included to satisfy reference by file (symbol)

D:\devkitpro/libogc/lib/cube\libogc.a(system.o)
                              d:/devkitpro/devkitppc/bin/../lib/gcc/powerpc-eabi/10.2.0/../../../../powerpc-eabi/lib/crtmain.o (SYS_PreMain)
D:\devkitpro/libogc/lib/cube\libogc.a(system_asm.o)
                              D:\devkitpro/libogc/lib/cube\libogc.a(system.o) (__reset)
D:\devkitpro/libogc/lib/cube\libogc.a(cond.o)
                              D:\devkitpro/libogc/lib/cube\libogc.a(system.o) (__lwp_cond_init)
D:\devkitpro/libogc/lib/cube\libogc.a(decrementer.o)
                              D:\devkitpro/libogc/lib/cube\libogc.a(system.o) (__decrementer_init)
D:\devkitpro/libogc/lib/cube\libogc.a(message.o)
                              D:\devkitpro/libogc/lib/cube\libogc.a(system.o) (__lwp_mqbox_init)
D:\devkitpro/libogc/lib/cube\libogc.a(si.o)
                              D:\devkitpro/libogc/lib/cube\libogc.a(system.o) (__si_init)
D:\devkitpro/libogc/lib/cube\libogc.a(ogc_crt0.o)
                              (_start)
D:\devkitpro/libogc/lib/cube\libogc.a(timesupp.o)
                              D:\devkitpro/libogc/lib/cube\libogc.a(system.o) (gettick)
D:\devkitpro/libogc/lib/cube\libogc.a(lock_supp.o)
                              D:\devkitpro/libogc/lib/cube\libogc.a(system.o) (__libogc_lock_init)
D:\devkitpro/libogc/lib/cube\libogc.a(newlibc.o)
                              D:\devkitpro/libogc/lib/cube\libogc.a(system.o) (__libc_init)
D:\devkitpro/libogc/lib/cube\libogc.a(sbrk.o)
                              D:\devkitpro/libogc/lib/cube\libogc.a(system.o) (__libogc_sbrk_r)
D:\devkitpro/libogc/lib/cube\libogc.a(malloc_lock.o)
                              D:\devkitpro/libogc/lib/cube\libogc.a(system.o) (__memlock_init)
D:\devkitpro/libogc/lib/cube\libogc.a(argv.o)
                              D:\devkitpro/libogc/lib/cube\libogc.a(ogc_crt0.o) (__CheckARGV)
D:\devkitpro/libogc/lib/cube\libogc.a(lwp_priority.o)
                              D:\devkitpro/libogc/lib/cube\libogc.a(system.o) (__lwp_priority_init)
D:\devkitpro/libogc/lib/cube\libogc.a(lwp_threadq.o)
                              D:\devkitpro/libogc/lib/cube\libogc.a(cond.o) (__lwp_threadqueue_init)
D:\devkitpro/libogc/lib/cube\libogc.a(lwp_threads.o)
                              D:\devkitpro/libogc/lib/cube\libogc.a(cond.o) (_thr_executing)
D:\devkitpro/libogc/lib/cube\libogc.a(lwp_messages.o)
                              D:\devkitpro/libogc/lib/cube\libogc.a(message.o) (__lwpmq_initialize)
D:\devkitpro/libogc/lib/cube\libogc.a(lwp.o)
                              D:\devkitpro/libogc/lib/cube\libogc.a(system.o) (__lwp_sysinit)
D:\devkitpro/libogc/lib/cube\libogc.a(lwp_handler.o)
                              D:\devkitpro/libogc/lib/cube\libogc.a(lwp_threads.o) (_cpu_context_save_fp)
D:\devkitpro/libogc/lib/cube\libogc.a(lwp_stack.o)
                              D:\devkitpro/libogc/lib/cube\libogc.a(lwp_threads.o) (__lwp_stack_allocate)
D:\devkitpro/libogc/lib/cube\libogc.a(lwp_mutex.o)
                              D:\devkitpro/libogc/lib/cube\libogc.a(malloc_lock.o) (__lwp_mutex_initialize)
D:\devkitpro/libogc/lib/cube\libogc.a(lwp_watchdog.o)
                              D:\devkitpro/libogc/lib/cube\libogc.a(system.o) (__lwp_watchdog_init)
D:\devkitpro/libogc/lib/cube\libogc.a(lwp_wkspace.o)
                              D:\devkitpro/libogc/lib/cube\libogc.a(system.o) (__lwp_wkspace_init)
D:\devkitpro/libogc/lib/cube\libogc.a(lwp_objmgr.o)
                              D:\devkitpro/libogc/lib/cube\libogc.a(system.o) (__lwp_objmgr_initinfo)
D:\devkitpro/libogc/lib/cube\libogc.a(lwp_heap.o)
                              D:\devkitpro/libogc/lib/cube\libogc.a(lwp_wkspace.o) (__lwp_heap_init)
D:\devkitpro/libogc/lib/cube\libogc.a(sys_state.o)
                              D:\devkitpro/libogc/lib/cube\libogc.a(system.o) (_sys_state_curr)
D:\devkitpro/libogc/lib/cube\libogc.a(exception.o)
                              D:\devkitpro/libogc/lib/cube\libogc.a(system.o) (__systemcall_init)
D:\devkitpro/libogc/lib/cube\libogc.a(irq.o)
                              D:\devkitpro/libogc/lib/cube\libogc.a(system.o) (__UnmaskIrq)
D:\devkitpro/libogc/lib/cube\libogc.a(irq_handler.o)
                              D:\devkitpro/libogc/lib/cube\libogc.a(exception.o) (irq_exceptionhandler)
D:\devkitpro/libogc/lib/cube\libogc.a(semaphore.o)
                              D:\devkitpro/libogc/lib/cube\libogc.a(system.o) (__lwp_sema_init)
D:\devkitpro/libogc/lib/cube\libogc.a(video.o)
                              D:\devkitpro/libogc/lib/cube\libogc.a(exception.o) (VIDEO_SetFramebuffer)
D:\devkitpro/libogc/lib/cube\libogc.a(pad.o)
                              D:\devkitpro/libogc/lib/cube\libogc.a(system.o) (__PADDisableRecalibration)
D:\devkitpro/libogc/lib/cube\libogc.a(exi.o)
                              D:\devkitpro/libogc/lib/cube\libogc.a(system.o) (EXI_Lock)
D:\devkitpro/libogc/lib/cube\libogc.a(mutex.o)
[...]
Memory Configuration

Name             Origin             Length             Attributes
*default*        0x0000000000000000 0xffffffffffffffff

Linker script and memory map

                0x0000000080003100                . = 0x80003100

.init           0x0000000080003100      0x194
 *crt0.o(*.init)
 .init          0x0000000080003100      0x170 D:\devkitpro/libogc/lib/cube\libogc.a(ogc_crt0.o)
                0x0000000080003100                _start
                0x0000000080003240                _memset
 *(.init)
 .init          0x0000000080003270        0xc d:/devkitpro/devkitppc/bin/../lib/gcc/powerpc-eabi/10.2.0/ecrti.o
                0x0000000080003270                __init
 .init          0x000000008000327c        0x4 d:/devkitpro/devkitppc/bin/../lib/gcc/powerpc-eabi/10.2.0/crtbegin.o
 .init          0x0000000080003280        0x4 d:/devkitpro/devkitppc/bin/../lib/gcc/powerpc-eabi/10.2.0/crtend.o
 .init          0x0000000080003284       0x10 d:/devkitpro/devkitppc/bin/../lib/gcc/powerpc-eabi/10.2.0/ecrtn.o

.rela.dyn       0x0000000080003294        0x0
 .rela.iplt     0x0000000080003294        0x0 d:/devkitpro/devkitppc/bin/../lib/gcc/powerpc-eabi/10.2.0/crtbegin.o

.plt
 *(.plt)

.interp
 *(.interp)

.hash
 *(.hash)

.dynsym
 *(.dynsym)

.dynstr
 *(.dynstr)

.gnu.version
 *(.gnu.version)

.gnu.version_d
 *(.gnu.version_d)

.gnu.version_r
 *(.gnu.version_r)

.rel.init
 *(.rel.init)

.rela.init      0x0000000080003294        0x0
 *(.rela.init)
 .rela.init     0x0000000080003294        0x0 d:/devkitpro/devkitppc/bin/../lib/gcc/powerpc-eabi/10.2.0/crtbegin.o

.rel.text
 *(.rel.text .rel.text.* .rel.gnu.linkonce.t.*)

.rela.text      0x0000000080003294        0x0
 *(.rela.text .rela.text.* .rela.gnu.linkonce.t.*)
 .rela.text.deregister_tm_clones
                0x0000000080003294        0x0 d:/devkitpro/devkitppc/bin/../lib/gcc/powerpc-eabi/10.2.0/crtbegin.o
 .rela.text.register_tm_clones
                0x0000000080003294        0x0 d:/devkitpro/devkitppc/bin/../lib/gcc/powerpc-eabi/10.2.0/crtbegin.o
 .rela.text.__do_global_dtors_aux
                0x0000000080003294        0x0 d:/devkitpro/devkitppc/bin/../lib/gcc/powerpc-eabi/10.2.0/crtbegin.o
 .rela.text.frame_dummy
                0x0000000080003294        0x0 d:/devkitpro/devkitppc/bin/../lib/gcc/powerpc-eabi/10.2.0/crtbegin.o
 .rela.text.SYS_Init
                0x0000000080003294        0x0 d:/devkitpro/devkitppc/bin/../lib/gcc/powerpc-eabi/10.2.0/crtbegin.o
 .rela.text.__CheckARGV
                0x0000000080003294        0x0 d:/devkitpro/devkitppc/bin/../lib/gcc/powerpc-eabi/10.2.0/crtbegin.o
 .rela.text.__lwp_sysinit
                0x0000000080003294        0x0 d:/devkitpro/devkitppc/bin/../lib/gcc/powerpc-eabi/10.2.0/crtbegin.o
 .rela.text.__irq_init
                0x0000000080003294        0x0 d:/devkitpro/devkitppc/bin/../lib/gcc/powerpc-eabi/10.2.0/crtbegin.o
 .rela.text.GX_AbortFrame
                0x0000000080003294        0x0 d:/devkitpro/devkitppc/bin/../lib/gcc/powerpc-eabi/10.2.0/crtbegin.o

.rel.fini
 *(.rel.fini)

.rela.fini
 *(.rela.fini)

.rel.rodata
 *(.rel.rodata .rel.rodata.* .rel.gnu.linkonce.r.*)

.rela.rodata
 *(.rela.rodata .rela.rodata.* .rela.gnu.linkonce.r.*)

.rel.data
 *(.rel.data .rel.data.* .rel.gnu.linkonce.d.*)

.rela.data
 *(.rela.data .rela.data.* .rela.gnu.linkonce.d.*)

.rel.tdata
 *(.rel.tdata .rel.tdata.* .rel.gnu.linkonce.td.*)

.rela.tdata
 *(.rela.tdata .rela.tdata.* .rela.gnu.linkonce.td.*)

.rel.tbss
 *(.rel.tbss .rel.tbss.* .rel.gnu.linkonce.tb.*)

.rela.tbss
 *(.rela.tbss .rela.tbss.* .rela.gnu.linkonce.tb.*)

.rel.ctors
 *(.rel.ctors)

.rela.ctors
 *(.rela.ctors)

.rel.dtors
 *(.rel.dtors)

.rela.dtors
 *(.rela.dtors)

.rel.got
 *(.rel.got)

.rela.got
 *(.rela.got)

.rela.got1
 *(.rela.got1)

.rela.got2
 *(.rela.got2)

.rel.sdata
 *(.rel.sdata .rel.sdata.* .rel.gnu.linkonce.s.*)

.rela.sdata
 *(.rela.sdata .rela.sdata.* .rela.gnu.linkonce.s.*)

.rel.sbss
 *(.rel.sbss .rel.sbss.* .rel.gnu.linkonce.sb.*)

.rela.sbss
 *(.rela.sbss .rela.sbss.* .rel.gnu.linkonce.sb.*)

.rel.sdata2
 *(.rel.sdata2 .rel.sdata2.* .rel.gnu.linkonce.s2.*)

.rela.sdata2    0x0000000080003294        0x0
 *(.rela.sdata2 .rela.sdata2.* .rela.gnu.linkonce.s2.*)
 .rela.sdata2.__sys_inIPL
                0x0000000080003294        0x0 d:/devkitpro/devkitppc/bin/../lib/gcc/powerpc-eabi/10.2.0/crtbegin.o

.rel.sbss2
 *(.rel.sbss2 .rel.sbss2.* .rel.gnu.linkonce.sb2.*)

.rela.sbss2
 *(.rela.sbss2 .rela.sbss2.* .rela.gnu.linkonce.sb2.*)

.rel.bss
 *(.rel.bss .rel.bss.* .rel.gnu.linkonce.b.*)

.rela.bss
 *(.rela.bss .rela.bss.* .rela.gnu.linkonce.b.*)

.rel.plt
 *(.rel.plt)

.rela.plt
 *(.rela.plt)

.text           0x00000000800032a0    0x1a9c0
 *(.text)
 .text          0x00000000800032a0      0x434 D:\devkitpro/libogc/lib/cube\libogc.a(system_asm.o)
                0x00000000800032a0                __realmode
                0x00000000800032b8                __configBATS
                0x000000008000338c                __InitFPRS
                0x00000000800034b8                __InitPS
                0x0000000080003514                __InitCache
                0x000000008000356c                __InitSystem
                0x00000000800035e4                __flush_cache
                0x0000000080003618                __reset
                0x0000000080003688                __InitBATS
                0x00000000800036a4                SYS_SwitchFiber
 *fill*         0x00000000800036d4        0xc 00000000
 .text          0x00000000800036e0      0x44c D:\devkitpro/libogc/lib/cube\libogc.a(lwp_handler.o)
                0x00000000800036e0                _cpu_context_save_fp
                0x0000000080003820                _cpu_context_restore_fp
                0x0000000080003960                _cpu_context_switch
                0x0000000080003a40                _cpu_context_save
                0x0000000080003ac0                _cpu_context_restore
 .text          0x0000000080003b2c      0x1ac D:\devkitpro/libogc/lib/cube\libogc.a(irq_handler.o)
                0x0000000080003b2c                irq_exceptionhandler
 .text          0x0000000080003cd8      0x4f4 D:\devkitpro/libogc/lib/cube\libogc.a(cache_asm.o)
                0x0000000080003cd8                DCFlashInvalidate
                0x0000000080003cec                DCEnable
                0x0000000080003d00                DCDisable
                0x0000000080003d14                DCFreeze
                0x0000000080003d28                DCUnfreeze
                0x0000000080003d3c                DCTouchLoad
                0x0000000080003d44                DCBlockZero
                0x0000000080003d4c                DCBlockStore
                0x0000000080003d54                DCBlockFlush
                0x0000000080003d5c                DCBlockInvalidate
                0x0000000080003d64                DCInvalidateRange
                0x0000000080003d94                DCFlushRange
                0x0000000080003dc8                DCStoreRange
                0x0000000080003dfc                DCFlushRangeNoSync
                0x0000000080003e2c                DCStoreRangeNoSync
                0x0000000080003e5c                DCZeroRange
                0x0000000080003e8c                DCTouchRange
                0x0000000080003ebc                ICInvalidateRange
                0x0000000080003ef4                ICFlashInvalidate
                0x0000000080003f08                ICEnable
                0x0000000080003f1c                ICDisable
                0x0000000080003f30                ICFreeze
                0x0000000080003f44                ICUnfreeze
                0x0000000080003f58                ICBlockInvalidate
                0x0000000080003f60                ICSync
                0x0000000080003f68                L2Init
                0x0000000080003fb0                L2Enable
                0x0000000080003fcc                L2Disable
                0x0000000080003fe4                L2GlobalInvalidate
                0x000000008000403c                __LCEnable
                0x0000000080004108                LCDisable
                0x0000000080004130                LCAllocOneTag
                0x0000000080004144                LCAllocTags
                0x0000000080004184                LCLoadBlocks
                0x00000000800041a8                LCStoreBlocks
 .text          0x00000000800041cc      0x1ac D:\devkitpro/libogc/lib/cube\libogc.a(decrementer_handler.o)
                0x00000000800041cc                dec_exceptionhandler
 .text          0x0000000080004378      0x35c D:\devkitpro/libogc/lib/cube\libogc.a(exception_handler.o)
                0x0000000080004378                exceptionhandler_start
                0x00000000800043f4                exceptionhandler_patch
                0x0000000080004428                exceptionhandler_end
                0x000000008000442c                default_exceptionhandler
                0x000000008000455c                fpu_exceptionhandler
                0x00000000800046a4                systemcallhandler_start
                0x00000000800046d0                systemcallhandler_end
 .text          0x00000000800046d4       0x48 d:/devkitpro/devkitppc/bin/../lib/gcc/powerpc-eabi/10.2.0\libgcc.a(eabi.o)
                0x00000000800046d4                __eabi
 *(.text.*)
 .text.deregister_tm_clones
                0x000000008000471c       0x30 d:/devkitpro/devkitppc/bin/../lib/gcc/powerpc-eabi/10.2.0/crtbegin.o
 .text.register_tm_clones
                0x000000008000474c       0x3c d:/devkitpro/devkitppc/bin/../lib/gcc/powerpc-eabi/10.2.0/crtbegin.o
 .text.__do_global_dtors_aux
                0x0000000080004788       0xd0 d:/devkitpro/devkitppc/bin/../lib/gcc/powerpc-eabi/10.2.0/crtbegin.o
 .text.frame_dummy
                0x0000000080004858       0x44 d:/devkitpro/devkitppc/bin/../lib/gcc/powerpc-eabi/10.2.0/crtbegin.o
 .text.__crtmain
                0x000000008000489c       0x44 d:/devkitpro/devkitppc/bin/../lib/gcc/powerpc-eabi/10.2.0/../../../../powerpc-eabi/lib/crtmain.o
                0x00000000800048a0                __crtmain
 .text.do_test  0x00000000800048e0      0x2a0 main.o
                0x00000000800048e0                do_test
 .text.stop     0x0000000080004b80       0x10 main.o
                0x0000000080004b80                stop
 .text.main     0x0000000080004b90      0x184 main.o
                0x0000000080004b90                main
 .text.out_to_SIO
                0x0000000080004d14       0x3c output.o
                0x0000000080004d14                out_to_SIO
 .text.init_output
                0x0000000080004d50       0x44 output.o
                0x0000000080004d50                init_output
 .text.__reload
                0x0000000080004d94       0x14 D:\devkitpro/libogc/lib/cube\libogc.a(system.o)
                0x0000000080004d94                __reload
 .text.__call_resetfuncs
                0x0000000080004da8       0xbc D:\devkitpro/libogc/lib/cube\libogc.a(system.o)
 .text.__MEMInterruptHandler
                0x0000000080004e64       0x14 D:\devkitpro/libogc/lib/cube\libogc.a(system.o)
 .text.__RSWDefaultHandler
                0x0000000080004e78        0x4 D:\devkitpro/libogc/lib/cube\libogc.a(system.o)
 .text.__RSWHandler
                0x0000000080004e7c       0xf4 D:\devkitpro/libogc/lib/cube\libogc.a(system.o)
 .text.__sys_alarmhandler
                0x0000000080004f70       0xfc D:\devkitpro/libogc/lib/cube\libogc.a(system.o)
 .text.__sram_write
                0x000000008000506c      0x148 D:\devkitpro/libogc/lib/cube\libogc.a(system.o)
 .text.__sram_writecallback
                0x00000000800051b4       0x54 D:\devkitpro/libogc/lib/cube\libogc.a(system.o)
 .text.__mem_onreset
                0x0000000080005208       0x48 D:\devkitpro/libogc/lib/cube\libogc.a(system.o)
 .text.__unlocksram
                0x0000000080005250      0x178 D:\devkitpro/libogc/lib/cube\libogc.a(system.o)
 .text.__syscall_sbrk_r
                0x00000000800053c8        0x4 D:\devkitpro/libogc/lib/cube\libogc.a(system.o)
                0x00000000800053c8                __syscall_sbrk_r
 .text.__syscall_lock_init
                0x00000000800053cc        0x4 D:\devkitpro/libogc/lib/cube\libogc.a(system.o)
                0x00000000800053cc                __syscall_lock_init
 .text.__syscall_lock_close
                0x00000000800053d0        0x4 D:\devkitpro/libogc/lib/cube\libogc.a(system.o)
                0x00000000800053d0                __syscall_lock_close
 .text.__syscall_lock_release
                0x00000000800053d4        0x4 D:\devkitpro/libogc/lib/cube\libogc.a(system.o)
                0x00000000800053d4                __syscall_lock_release
 .text.__syscall_lock_acquire
                0x00000000800053d8        0x4 D:\devkitpro/libogc/lib/cube\libogc.a(system.o)
                0x00000000800053d8                __syscall_lock_acquire
 .text.__syscall_malloc_lock
                0x00000000800053dc        0x4 D:\devkitpro/libogc/lib/cube\libogc.a(system.o)
                0x00000000800053dc                __syscall_malloc_lock
 .text.__syscall_malloc_unlock
                0x00000000800053e0        0x4 D:\devkitpro/libogc/lib/cube\libogc.a(system.o)
                0x00000000800053e0                __syscall_malloc_unlock
 .text.__SYS_PreInit
                0x00000000800053e4        0x4 D:\devkitpro/libogc/lib/cube\libogc.a(system.o)
                0x00000000800053e4                __SYS_PreInit
 .text.SYS_PreMain
                0x00000000800053e8        0x4 D:\devkitpro/libogc/lib/cube\libogc.a(system.o)
                0x00000000800053e8                SYS_PreMain
 .text.SYS_ResetButtonDown
                0x00000000800053ec       0x18 D:\devkitpro/libogc/lib/cube\libogc.a(system.o)
                0x00000000800053ec                SYS_ResetButtonDown
 .text.SYS_ResetSystem
                0x0000000080005404      0x300 D:\devkitpro/libogc/lib/cube\libogc.a(system.o)
                0x0000000080005404                SYS_ResetSystem
 .text.__syscall_exit
                0x0000000080005704       0x34 D:\devkitpro/libogc/lib/cube\libogc.a(system.o)
                0x0000000080005704                __syscall_exit
 .text.SYS_RegisterResetFunc
                0x0000000080005738       0x78 D:\devkitpro/libogc/lib/cube\libogc.a(system.o)
                0x0000000080005738                SYS_RegisterResetFunc
 .text.SYS_SetArena1Lo
                0x00000000800057b0       0x38 D:\devkitpro/libogc/lib/cube\libogc.a(system.o)
                0x00000000800057b0                SYS_SetArena1Lo
 .text.SYS_GetArena1Lo
                0x00000000800057e8       0x38 D:\devkitpro/libogc/lib/cube\libogc.a(system.o)
                0x00000000800057e8                SYS_GetArena1Lo
 .text.SYS_GetArena1Hi
                0x0000000080005820       0x38 D:\devkitpro/libogc/lib/cube\libogc.a(system.o)
                0x0000000080005820                SYS_GetArena1Hi
 .text.SYS_CreateAlarm
                0x0000000080005858      0x10c D:\devkitpro/libogc/lib/cube\libogc.a(system.o)
                0x0000000080005858                SYS_CreateAlarm
 .text.SYS_SetAlarm
                0x0000000080005964      0x1e8 D:\devkitpro/libogc/lib/cube\libogc.a(system.o)
                0x0000000080005964                SYS_SetAlarm
 .text.SYS_CancelAlarm
                0x0000000080005b4c       0xdc D:\devkitpro/libogc/lib/cube\libogc.a(system.o)
                0x0000000080005b4c                SYS_CancelAlarm
 .text.SYS_SetWirelessID
                0x0000000080005c28       0x94 D:\devkitpro/libogc/lib/cube\libogc.a(system.o)
                0x0000000080005c28                SYS_SetWirelessID
 .text.SYS_GetWirelessID
                0x0000000080005cbc       0x90 D:\devkitpro/libogc/lib/cube\libogc.a(system.o)
                0x0000000080005cbc                SYS_GetWirelessID
 .text.SYS_SetGBSMode
                0x0000000080005d4c       0xa8 D:\devkitpro/libogc/lib/cube\libogc.a(system.o)
                0x0000000080005d4c                SYS_SetGBSMode
 .text.__sram_init
                0x0000000080005df4      0x1b0 D:\devkitpro/libogc/lib/cube\libogc.a(system.o)
                0x0000000080005df4                __sram_init
 .text.SYS_Init
                0x0000000080005fa4      0x664 D:\devkitpro/libogc/lib/cube\libogc.a(system.o)
                0x0000000080005fa4                SYS_Init
 .text.__lwp_cond_init
                0x0000000080006608       0x14 D:\devkitpro/libogc/lib/cube\libogc.a(cond.o)
                0x0000000080006608                __lwp_cond_init
 .text.__decrementer_init
                0x000000008000661c        0x4 D:\devkitpro/libogc/lib/cube\libogc.a(decrementer.o)
                0x000000008000661c                __decrementer_init
 .text.c_decrementer_handler
                0x0000000080006620        0xc D:\devkitpro/libogc/lib/cube\libogc.a(decrementer.o)
                0x0000000080006620                c_decrementer_handler
 .text.__lwp_mqbox_init
                0x000000008000662c       0x14 D:\devkitpro/libogc/lib/cube\libogc.a(message.o)
                0x000000008000662c                __lwp_mqbox_init
 .text.__si_transfer
                0x0000000080006640      0x188 D:\devkitpro/libogc/lib/cube\libogc.a(si.o)
 .text.__si_alarmhandler
                0x00000000800067c8      0x10c D:\devkitpro/libogc/lib/cube\libogc.a(si.o)
 .text.__si_completetransfer
                0x00000000800068d4      0x1f8 D:\devkitpro/libogc/lib/cube\libogc.a(si.o)
 .text.__si_transfernext
                0x0000000080006acc      0x294 D:\devkitpro/libogc/lib/cube\libogc.a(si.o)
 .text.SI_Busy  0x0000000080006d60       0x18 D:\devkitpro/libogc/lib/cube\libogc.a(si.o)
                0x0000000080006d60                SI_Busy
 .text.SI_IsChanBusy
                0x0000000080006d78       0x38 D:\devkitpro/libogc/lib/cube\libogc.a(si.o)
                0x0000000080006d78                SI_IsChanBusy
 .text.SI_SetXY
                0x0000000080006db0       0x64 D:\devkitpro/libogc/lib/cube\libogc.a(si.o)
                0x0000000080006db0                SI_SetXY
 .text.SI_EnablePolling
                0x0000000080006e14       0x80 D:\devkitpro/libogc/lib/cube\libogc.a(si.o)
                0x0000000080006e14                SI_EnablePolling
 .text.SI_DisablePolling
                0x0000000080006e94       0x58 D:\devkitpro/libogc/lib/cube\libogc.a(si.o)
                0x0000000080006e94                SI_DisablePolling
 .text.SI_SetSamplingRate
                0x0000000080006eec       0xdc D:\devkitpro/libogc/lib/cube\libogc.a(si.o)
                0x0000000080006eec                SI_SetSamplingRate
 .text.SI_RefreshSamplingRate
                0x0000000080006fc8        0x8 D:\devkitpro/libogc/lib/cube\libogc.a(si.o)
                0x0000000080006fc8                SI_RefreshSamplingRate
 .text.SI_GetStatus
                0x0000000080006fd0       0x78 D:\devkitpro/libogc/lib/cube\libogc.a(si.o)
                0x0000000080006fd0                SI_GetStatus
 .text.SI_GetResponseRaw
                0x0000000080007048       0xe8 D:\devkitpro/libogc/lib/cube\libogc.a(si.o)
                0x0000000080007048                SI_GetResponseRaw
 .text.SI_GetResponse
                0x0000000080007130       0xb8 D:\devkitpro/libogc/lib/cube\libogc.a(si.o)
                0x0000000080007130                SI_GetResponse
 .text.SI_SetCommand
                0x00000000800071e8       0x10 D:\devkitpro/libogc/lib/cube\libogc.a(si.o)
                0x00000000800071e8                SI_SetCommand
 .text.SI_Transfer
                0x00000000800071f8      0x274 D:\devkitpro/libogc/lib/cube\libogc.a(si.o)
                0x00000000800071f8                SI_Transfer
 .text.__si_gettypecallback
                0x000000008000746c      0x2c4 D:\devkitpro/libogc/lib/cube\libogc.a(si.o)
 .text.__si_interrupthandler
                0x0000000080007730      0x2bc D:\devkitpro/libogc/lib/cube\libogc.a(si.o)
 .text.SI_GetType
                0x00000000800079ec      0x214 D:\devkitpro/libogc/lib/cube\libogc.a(si.o)
                0x00000000800079ec                SI_GetType
 .text.SI_GetTypeAsync
                0x0000000080007c00      0x1a4 D:\devkitpro/libogc/lib/cube\libogc.a(si.o)
                0x0000000080007c00                SI_GetTypeAsync
 .text.SI_EnablePollingInterrupt
                0x0000000080007da4       0x80 D:\devkitpro/libogc/lib/cube\libogc.a(si.o)
                0x0000000080007da4                SI_EnablePollingInterrupt
 .text.SI_UnregisterPollingHandler
                0x0000000080007e24      0x118 D:\devkitpro/libogc/lib/cube\libogc.a(si.o)
                0x0000000080007e24                SI_UnregisterPollingHandler
 .text.__si_init
                0x0000000080007f3c       0xe8 D:\devkitpro/libogc/lib/cube\libogc.a(si.o)
                0x0000000080007f3c                __si_init
 .text.gettick  0x0000000080008024        0x8 D:\devkitpro/libogc/lib/cube\libogc.a(timesupp.o)
                0x0000000080008024                gettick
 .text.gettime  0x000000008000802c       0x18 D:\devkitpro/libogc/lib/cube\libogc.a(timesupp.o)
                0x000000008000802c                gettime
 .text.diff_usec
                0x0000000080008044       0x88 D:\devkitpro/libogc/lib/cube\libogc.a(timesupp.o)
                0x0000000080008044                diff_usec
 .text.__timesystem_init
                0x00000000800080cc       0x1c D:\devkitpro/libogc/lib/cube\libogc.a(timesupp.o)
                0x00000000800080cc                __timesystem_init
 .text.udelay   0x00000000800080e8       0xac D:\devkitpro/libogc/lib/cube\libogc.a(timesupp.o)
                0x00000000800080e8                udelay
 .text.__libogc_lock_init
                0x0000000080008194       0x78 D:\devkitpro/libogc/lib/cube\libogc.a(lock_supp.o)
                0x0000000080008194                __libogc_lock_init
 .text.__libogc_lock_close
                0x000000008000820c       0x64 D:\devkitpro/libogc/lib/cube\libogc.a(lock_supp.o)
                0x000000008000820c                __libogc_lock_close
 .text.__libogc_lock_acquire
                0x0000000080008270       0x20 D:\devkitpro/libogc/lib/cube\libogc.a(lock_supp.o)
                0x0000000080008270                __libogc_lock_acquire
 .text.__libogc_lock_release
                0x0000000080008290       0x20 D:\devkitpro/libogc/lib/cube\libogc.a(lock_supp.o)
                0x0000000080008290                __libogc_lock_release
 .text.__libc_create_hook
                0x00000000800082b0       0x10 D:\devkitpro/libogc/lib/cube\libogc.a(newlibc.o)
                0x00000000800082b0                __libc_create_hook
 .text.__libc_start_hook
                0x00000000800082c0       0x9c D:\devkitpro/libogc/lib/cube\libogc.a(newlibc.o)
                0x00000000800082c0                __libc_start_hook
 .text.__libc_delete_hook
                0x000000008000835c      0x108 D:\devkitpro/libogc/lib/cube\libogc.a(newlibc.o)
                0x000000008000835c                __libc_delete_hook
 .text.__libc_init
                0x0000000080008464       0xb0 D:\devkitpro/libogc/lib/cube\libogc.a(newlibc.o)
                0x0000000080008464                __libc_init
 .text.__libogc_sbrk_r
                0x0000000080008514       0xe0 D:\devkitpro/libogc/lib/cube\libogc.a(sbrk.o)
                0x0000000080008514                __libogc_sbrk_r
 .text.__memlock_init
                0x00000000800085f4       0x7c D:\devkitpro/libogc/lib/cube\libogc.a(malloc_lock.o)
                0x00000000800085f4                __memlock_init
 .text.__libogc_malloc_lock
                0x0000000080008670      0x1f8 D:\devkitpro/libogc/lib/cube\libogc.a(malloc_lock.o)
                0x0000000080008670                __libogc_malloc_lock
 .text.__libogc_malloc_unlock
                0x0000000080008868       0x64 D:\devkitpro/libogc/lib/cube\libogc.a(malloc_lock.o)
                0x0000000080008868                __libogc_malloc_unlock
 .text.__CheckARGV
                0x00000000800088cc       0x80 D:\devkitpro/libogc/lib/cube\libogc.a(argv.o)
                0x00000000800088cc                __CheckARGV
 .text.__lwp_priority_init
                0x000000008000894c       0x1c D:\devkitpro/libogc/lib/cube\libogc.a(lwp_priority.o)
                0x000000008000894c                __lwp_priority_init
 .text.__lwp_threadqueue_enqueuefifo
                0x0000000080008968      0x144 D:\devkitpro/libogc/lib/cube\libogc.a(lwp_threadq.o)
                0x0000000080008968                __lwp_threadqueue_enqueuefifo
 .text.__lwp_threadqueue_dequeuefifo
                0x0000000080008aac      0x14c D:\devkitpro/libogc/lib/cube\libogc.a(lwp_threadq.o)
                0x0000000080008aac                __lwp_threadqueue_dequeuefifo
 .text.__lwp_threadqueue_enqueuepriority
                0x0000000080008bf8      0x344 D:\devkitpro/libogc/lib/cube\libogc.a(lwp_threadq.o)
                0x0000000080008bf8                __lwp_threadqueue_enqueuepriority
 .text.__lwp_threadqueue_dequeuepriority
                0x0000000080008f3c      0x1d8 D:\devkitpro/libogc/lib/cube\libogc.a(lwp_threadq.o)
                0x0000000080008f3c                __lwp_threadqueue_dequeuepriority
 .text.__lwp_threadqueue_init
                0x0000000080009114       0x88 D:\devkitpro/libogc/lib/cube\libogc.a(lwp_threadq.o)
                0x0000000080009114                __lwp_threadqueue_init
 .text.__lwp_threadqueue_enqueue
                0x000000008000919c      0x138 D:\devkitpro/libogc/lib/cube\libogc.a(lwp_threadq.o)
                0x000000008000919c                __lwp_threadqueue_enqueue
 .text.__lwp_threadqueue_dequeue
                0x00000000800092d4       0x24 D:\devkitpro/libogc/lib/cube\libogc.a(lwp_threadq.o)
                0x00000000800092d4                __lwp_threadqueue_dequeue
 .text.__lwp_threadqueue_flush
                0x00000000800092f8       0x68 D:\devkitpro/libogc/lib/cube\libogc.a(lwp_threadq.o)
                0x00000000800092f8                __lwp_threadqueue_flush
 .text.__lwp_threadqueue_extractfifo
                0x0000000080009360       0xe8 D:\devkitpro/libogc/lib/cube\libogc.a(lwp_threadq.o)
                0x0000000080009360                __lwp_threadqueue_extractfifo
 .text.__lwp_threadqueue_extractpriority
                0x0000000080009448      0x148 D:\devkitpro/libogc/lib/cube\libogc.a(lwp_threadq.o)
                0x0000000080009448                __lwp_threadqueue_extractpriority
 .text.__lwp_threadqueue_timeout
                0x0000000080009590       0xd0 D:\devkitpro/libogc/lib/cube\libogc.a(lwp_threadq.o)
 .text.__lwp_threadqueue_extractproxy
                0x0000000080009660       0x88 D:\devkitpro/libogc/lib/cube\libogc.a(lwp_threadq.o)
                0x0000000080009660                __lwp_threadqueue_extractproxy
 .text.__lwp_isr_in_progress
                0x00000000800096e8        0x8 D:\devkitpro/libogc/lib/cube\libogc.a(lwp_threads.o)
                0x00000000800096e8                __lwp_isr_in_progress
 .text.__thread_dispatch_fp
                0x00000000800096f0       0x88 D:\devkitpro/libogc/lib/cube\libogc.a(lwp_threads.o)
                0x00000000800096f0                __thread_dispatch_fp
 .text.__thread_dispatch
                0x0000000080009778      0x110 D:\devkitpro/libogc/lib/cube\libogc.a(lwp_threads.o)
                0x0000000080009778                __thread_dispatch
 .text.__lwp_thread_resettimeslice
                0x0000000080009888       0xb4 D:\devkitpro/libogc/lib/cube\libogc.a(lwp_threads.o)
                0x0000000080009888                __lwp_thread_resettimeslice
 .text.__lwp_thread_tickle_timeslice
                0x000000008000993c       0xc8 D:\devkitpro/libogc/lib/cube\libogc.a(lwp_threads.o)
                0x000000008000993c                __lwp_thread_tickle_timeslice
 .text.__lwp_thread_setstate
                0x0000000080009a04      0x16c D:\devkitpro/libogc/lib/cube\libogc.a(lwp_threads.o)
                0x0000000080009a04                __lwp_thread_setstate
 .text.__lwp_thread_clearstate
                0x0000000080009b70       0xe4 D:\devkitpro/libogc/lib/cube\libogc.a(lwp_threads.o)
                0x0000000080009b70                __lwp_thread_clearstate
 .text.__lwp_thread_settransient
                0x0000000080009c54       0xb4 D:\devkitpro/libogc/lib/cube\libogc.a(lwp_threads.o)
                0x0000000080009c54                __lwp_thread_settransient
 .text.__lwp_thread_changepriority
                0x0000000080009d08      0x1f8 D:\devkitpro/libogc/lib/cube\libogc.a(lwp_threads.o)
                0x0000000080009d08                __lwp_thread_changepriority
 .text.__lwp_thread_ready
                0x0000000080009f00       0xf0 D:\devkitpro/libogc/lib/cube\libogc.a(lwp_threads.o)
                0x0000000080009f00                __lwp_thread_ready
 .text.__lwp_thread_init
                0x0000000080009ff0      0x16c D:\devkitpro/libogc/lib/cube\libogc.a(lwp_threads.o)
                0x0000000080009ff0                __lwp_thread_init
 .text.__lwp_thread_close
                0x000000008000a15c      0x138 D:\devkitpro/libogc/lib/cube\libogc.a(lwp_threads.o)
                0x000000008000a15c                __lwp_thread_close
 .text.__lwp_thread_handler
                0x000000008000a294       0xd8 D:\devkitpro/libogc/lib/cube\libogc.a(lwp_threads.o)
 .text.__lwp_thread_closeall
                0x000000008000a36c       0xb4 D:\devkitpro/libogc/lib/cube\libogc.a(lwp_threads.o)
                0x000000008000a36c                __lwp_thread_closeall
 .text.__lwp_thread_start
                0x000000008000a420       0xe8 D:\devkitpro/libogc/lib/cube\libogc.a(lwp_threads.o)
                0x000000008000a420                __lwp_thread_start
 .text.__lwp_thread_startmultitasking
                0x000000008000a508       0xac D:\devkitpro/libogc/lib/cube\libogc.a(lwp_threads.o)
                0x000000008000a508                __lwp_thread_startmultitasking
 .text.__lwp_thread_stopmultitasking
                0x000000008000a5b4       0x58 D:\devkitpro/libogc/lib/cube\libogc.a(lwp_threads.o)
                0x000000008000a5b4                __lwp_thread_stopmultitasking
 .text.__lwp_thread_coreinit
                0x000000008000a60c       0xc8 D:\devkitpro/libogc/lib/cube\libogc.a(lwp_threads.o)
                0x000000008000a60c                __lwp_thread_coreinit
 .text.idle_func
                0x000000008000a6d4        0x4 D:\devkitpro/libogc/lib/cube\libogc.a(lwp.o)
 .text.__lwp_sysinit
                0x000000008000a6d8      0x114 D:\devkitpro/libogc/lib/cube\libogc.a(lwp.o)
                0x000000008000a6d8                __lwp_sysinit
 .text.LWP_InitQueue
                0x000000008000a7ec      0x148 D:\devkitpro/libogc/lib/cube\libogc.a(lwp.o)
                0x000000008000a7ec                LWP_InitQueue
 .text.LWP_ThreadSleep
                0x000000008000a934      0x110 D:\devkitpro/libogc/lib/cube\libogc.a(lwp.o)
                0x000000008000a934                LWP_ThreadSleep
 .text.LWP_ThreadBroadcast
                0x000000008000aa44       0x88 D:\devkitpro/libogc/lib/cube\libogc.a(lwp.o)
                0x000000008000aa44                LWP_ThreadBroadcast
 .text.__lwp_stack_allocate
                0x000000008000aacc       0x60 D:\devkitpro/libogc/lib/cube\libogc.a(lwp_stack.o)
                0x000000008000aacc                __lwp_stack_allocate
 .text.__lwp_stack_free
                0x000000008000ab2c       0x1c D:\devkitpro/libogc/lib/cube\libogc.a(lwp_stack.o)
                0x000000008000ab2c                __lwp_stack_free
 .text.__lwp_mutex_initialize
                0x000000008000ab48       0xa4 D:\devkitpro/libogc/lib/cube\libogc.a(lwp_mutex.o)
                0x000000008000ab48                __lwp_mutex_initialize
 .text.__lwp_mutex_surrender
                0x000000008000abec      0x164 D:\devkitpro/libogc/lib/cube\libogc.a(lwp_mutex.o)
                0x000000008000abec                __lwp_mutex_surrender
 .text.__lwp_mutex_seize_irq_blocking
                0x000000008000ad50       0xf8 D:\devkitpro/libogc/lib/cube\libogc.a(lwp_mutex.o)
                0x000000008000ad50                __lwp_mutex_seize_irq_blocking
 .text.__lwp_mutex_flush
                0x000000008000ae48        0x4 D:\devkitpro/libogc/lib/cube\libogc.a(lwp_mutex.o)
                0x000000008000ae48                __lwp_mutex_flush
 .text.__lwp_wd_settimer
                0x000000008000ae4c       0xe0 D:\devkitpro/libogc/lib/cube\libogc.a(lwp_watchdog.o)
 .text.__lwp_watchdog_init
                0x000000008000af2c       0x2c D:\devkitpro/libogc/lib/cube\libogc.a(lwp_watchdog.o)
                0x000000008000af2c                __lwp_watchdog_init
 .text.__lwp_wd_insert
                0x000000008000af58      0x1b0 D:\devkitpro/libogc/lib/cube\libogc.a(lwp_watchdog.o)
                0x000000008000af58                __lwp_wd_insert
 .text.__lwp_wd_remove
                0x000000008000b108      0x138 D:\devkitpro/libogc/lib/cube\libogc.a(lwp_watchdog.o)
                0x000000008000b108                __lwp_wd_remove
 .text.__lwp_wd_tickle
                0x000000008000b240      0x120 D:\devkitpro/libogc/lib/cube\libogc.a(lwp_watchdog.o)
                0x000000008000b240                __lwp_wd_tickle
 .text.__lwp_wkspace_init
                0x000000008000b360       0xc0 D:\devkitpro/libogc/lib/cube\libogc.a(lwp_wkspace.o)
                0x000000008000b360                __lwp_wkspace_init
 .text.__lwp_objmgr_initinfo
                0x000000008000b420      0x1a0 D:\devkitpro/libogc/lib/cube\libogc.a(lwp_objmgr.o)
                0x000000008000b420                __lwp_objmgr_initinfo
 .text.__lwp_objmgr_getisrdisable
                0x000000008000b5c0       0x60 D:\devkitpro/libogc/lib/cube\libogc.a(lwp_objmgr.o)
                0x000000008000b5c0                __lwp_objmgr_getisrdisable
 .text.__lwp_objmgr_getnoprotection
                0x000000008000b620       0x24 D:\devkitpro/libogc/lib/cube\libogc.a(lwp_objmgr.o)
                0x000000008000b620                __lwp_objmgr_getnoprotection
 .text.__lwp_objmgr_get
                0x000000008000b644       0x70 D:\devkitpro/libogc/lib/cube\libogc.a(lwp_objmgr.o)
                0x000000008000b644                __lwp_objmgr_get
 .text.__lwp_objmgr_allocate
                0x000000008000b6b4       0x88 D:\devkitpro/libogc/lib/cube\libogc.a(lwp_objmgr.o)
                0x000000008000b6b4                __lwp_objmgr_allocate
 .text.__lwp_objmgr_free
                0x000000008000b73c       0x60 D:\devkitpro/libogc/lib/cube\libogc.a(lwp_objmgr.o)
                0x000000008000b73c                __lwp_objmgr_free
 .text.__lwp_heap_init
                0x000000008000b79c       0xa4 D:\devkitpro/libogc/lib/cube\libogc.a(lwp_heap.o)
                0x000000008000b79c                __lwp_heap_init
 .text.__lwp_heap_allocate
                0x000000008000b840      0x16c D:\devkitpro/libogc/lib/cube\libogc.a(lwp_heap.o)
                0x000000008000b840                __lwp_heap_allocate
 .text.__lwp_heap_free
                0x000000008000b9ac      0x188 D:\devkitpro/libogc/lib/cube\libogc.a(lwp_heap.o)
                0x000000008000b9ac                __lwp_heap_free
 .text.__systemcall_init
                0x000000008000bb34       0x70 D:\devkitpro/libogc/lib/cube\libogc.a(exception.o)
                0x000000008000bb34                __systemcall_init
 .text.__exception_init
                0x000000008000bba4      0x12c D:\devkitpro/libogc/lib/cube\libogc.a(exception.o)
                0x000000008000bba4                __exception_init
 .text.__exception_close
                0x000000008000bcd0       0xac D:\devkitpro/libogc/lib/cube\libogc.a(exception.o)
                0x000000008000bcd0                __exception_close
 .text.__exception_closeall
                0x000000008000bd7c       0x70 D:\devkitpro/libogc/lib/cube\libogc.a(exception.o)
                0x000000008000bd7c                __exception_closeall
 .text.c_default_exceptionhandler
                0x000000008000bdec      0x444 D:\devkitpro/libogc/lib/cube\libogc.a(exception.o)
                0x000000008000bdec                c_default_exceptionhandler
 .text.__SetInterrupts
                0x000000008000c230      0x28c D:\devkitpro/libogc/lib/cube\libogc.a(irq.o)
 .text.c_irqdispatcher
                0x000000008000c4bc      0x2a0 D:\devkitpro/libogc/lib/cube\libogc.a(irq.o)
                0x000000008000c4bc                c_irqdispatcher
 .text.__UnmaskIrq
                0x000000008000c75c       0x84 D:\devkitpro/libogc/lib/cube\libogc.a(irq.o)
                0x000000008000c75c                __UnmaskIrq
 .text.__MaskIrq
                0x000000008000c7e0       0x84 D:\devkitpro/libogc/lib/cube\libogc.a(irq.o)
                0x000000008000c7e0                __MaskIrq
 .text.__irq_init
                0x000000008000c864       0x9c D:\devkitpro/libogc/lib/cube\libogc.a(irq.o)
                0x000000008000c864                __irq_init
 .text.IRQ_Request
                0x000000008000c900       0x50 D:\devkitpro/libogc/lib/cube\libogc.a(irq.o)
                0x000000008000c900                IRQ_Request
 .text.IRQ_GetHandler
                0x000000008000c950       0x44 D:\devkitpro/libogc/lib/cube\libogc.a(irq.o)
                0x000000008000c950                IRQ_GetHandler
 .text.__lwp_sema_init
                0x000000008000c994       0x14 D:\devkitpro/libogc/lib/cube\libogc.a(semaphore.o)
                0x000000008000c994                __lwp_sema_init
 .text.__setFbbRegs.constprop.0
                0x000000008000c9a8      0x198 D:\devkitpro/libogc/lib/cube\libogc.a(video.o)
 .text.VIDEO_SetFramebuffer
                0x000000008000cb40      0x108 D:\devkitpro/libogc/lib/cube\libogc.a(video.o)
                0x000000008000cb40                VIDEO_SetFramebuffer
 .text.VIDEO_GetCurrentTvMode
                0x000000008000cc48       0x78 D:\devkitpro/libogc/lib/cube\libogc.a(video.o)
                0x000000008000cc48                VIDEO_GetCurrentTvMode
 .text.VIDEO_GetCurrentLine
                0x000000008000ccc0       0x98 D:\devkitpro/libogc/lib/cube\libogc.a(video.o)
                0x000000008000ccc0                VIDEO_GetCurrentLine
 .text.SPEC1_MakeStatus
                0x000000008000cd58      0x104 D:\devkitpro/libogc/lib/cube\libogc.a(pad.o)
 .text.__pad_samplinghandler
                0x000000008000ce5c        0x4 D:\devkitpro/libogc/lib/cube\libogc.a(pad.o)
 .text.__pad_doreset
                0x000000008000ce60       0x50 D:\devkitpro/libogc/lib/cube\libogc.a(pad.o)
 .text.__pad_updateorigin
                0x000000008000ceb0       0xa0 D:\devkitpro/libogc/lib/cube\libogc.a(pad.o)
 .text.__pad_disable
                0x000000008000cf50       0xbc D:\devkitpro/libogc/lib/cube\libogc.a(pad.o)
 .text.__pad_receivecheckcallback
                0x000000008000d00c       0x84 D:\devkitpro/libogc/lib/cube\libogc.a(pad.o)
 .text.__pad_typeandstatuscallback
                0x000000008000d090      0x1ac D:\devkitpro/libogc/lib/cube\libogc.a(pad.o)
 .text.__pad_originupdatecallback
                0x000000008000d23c       0x74 D:\devkitpro/libogc/lib/cube\libogc.a(pad.o)
 .text.__pad_onreset
                0x000000008000d2b0      0x108 D:\devkitpro/libogc/lib/cube\libogc.a(pad.o)
 .text.SPEC2_MakeStatus
                0x000000008000d3b8      0x208 D:\devkitpro/libogc/lib/cube\libogc.a(pad.o)
 .text.__pad_origincallback
                0x000000008000d5c0       0x74 D:\devkitpro/libogc/lib/cube\libogc.a(pad.o)
 .text.__pad_probecallback
                0x000000008000d634       0x88 D:\devkitpro/libogc/lib/cube\libogc.a(pad.o)
 .text.__PADDisableRecalibration
                0x000000008000d6bc       0x58 D:\devkitpro/libogc/lib/cube\libogc.a(pad.o)
                0x000000008000d6bc                __PADDisableRecalibration
 .text.PAD_Reset
                0x000000008000d714       0xf0 D:\devkitpro/libogc/lib/cube\libogc.a(pad.o)
                0x000000008000d714                PAD_Reset
 .text.PAD_Read
                0x000000008000d804      0x2f8 D:\devkitpro/libogc/lib/cube\libogc.a(pad.o)
                0x000000008000d804                PAD_Read
 .text.PAD_Init
                0x000000008000dafc       0xf8 D:\devkitpro/libogc/lib/cube\libogc.a(pad.o)
                0x000000008000dafc                PAD_Init
 .text.PAD_ScanPads
                0x000000008000dbf4      0x2f8 D:\devkitpro/libogc/lib/cube\libogc.a(pad.o)
                0x000000008000dbf4                PAD_ScanPads
 .text.PAD_ButtonsDown
                0x000000008000deec       0x38 D:\devkitpro/libogc/lib/cube\libogc.a(pad.o)
                0x000000008000deec                PAD_ButtonsDown
 .text.__exi_irq_handler
                0x000000008000df24       0x58 D:\devkitpro/libogc/lib/cube\libogc.a(exi.o)
 .text.__ext_irq_handler
                0x000000008000df7c       0xc8 D:\devkitpro/libogc/lib/cube\libogc.a(exi.o)
 .text.__tc_irq_handler
                0x000000008000e044      0x174 D:\devkitpro/libogc/lib/cube\libogc.a(exi.o)
 .text.__exi_probe
                0x000000008000e1b8      0x204 D:\devkitpro/libogc/lib/cube\libogc.a(exi.o)
 .text.__exi_attach
                0x000000008000e3bc      0x104 D:\devkitpro/libogc/lib/cube\libogc.a(exi.o)
 .text.EXI_Lock
                0x000000008000e4c0      0x218 D:\devkitpro/libogc/lib/cube\libogc.a(exi.o)
                0x000000008000e4c0                EXI_Lock
 .text.EXI_Unlock
                0x000000008000e6d8      0x228 D:\devkitpro/libogc/lib/cube\libogc.a(exi.o)
                0x000000008000e6d8                EXI_Unlock
 .text.EXI_Select
                0x000000008000e900      0x230 D:\devkitpro/libogc/lib/cube\libogc.a(exi.o)
                0x000000008000e900                EXI_Select
 .text.EXI_Deselect
                0x000000008000eb30      0x174 D:\devkitpro/libogc/lib/cube\libogc.a(exi.o)
                0x000000008000eb30                EXI_Deselect
 .text.EXI_Sync
                0x000000008000eca4      0x108 D:\devkitpro/libogc/lib/cube\libogc.a(exi.o)
                0x000000008000eca4                EXI_Sync
 .text.EXI_Imm  0x000000008000edac      0x1f4 D:\devkitpro/libogc/lib/cube\libogc.a(exi.o)
                0x000000008000edac                EXI_Imm
 .text.EXI_ImmEx
                0x000000008000efa0       0xd8 D:\devkitpro/libogc/lib/cube\libogc.a(exi.o)
                0x000000008000efa0                EXI_ImmEx
 .text.EXI_Dma  0x000000008000f078      0x16c D:\devkitpro/libogc/lib/cube\libogc.a(exi.o)
                0x000000008000f078                EXI_Dma
 .text.EXI_Detach
                0x000000008000f1e4       0xd4 D:\devkitpro/libogc/lib/cube\libogc.a(exi.o)
                0x000000008000f1e4                EXI_Detach
 .text.EXI_GetID
                0x000000008000f2b8      0x338 D:\devkitpro/libogc/lib/cube\libogc.a(exi.o)
                0x000000008000f2b8                EXI_GetID
 .text.__unlocked_handler
                0x000000008000f5f0       0x28 D:\devkitpro/libogc/lib/cube\libogc.a(exi.o)
 .text.EXI_ProbeReset
                0x000000008000f618       0x70 D:\devkitpro/libogc/lib/cube\libogc.a(exi.o)
                0x000000008000f618                EXI_ProbeReset
 .text.__exi_init
                0x000000008000f688      0x200 D:\devkitpro/libogc/lib/cube\libogc.a(exi.o)
                0x000000008000f688                __exi_init
 .text.__lwp_mutex_locksupp.constprop.0
                0x000000008000f888      0x294 D:\devkitpro/libogc/lib/cube\libogc.a(mutex.o)
 .text.__lwp_mutex_init
                0x000000008000fb1c       0x14 D:\devkitpro/libogc/lib/cube\libogc.a(mutex.o)
                0x000000008000fb1c                __lwp_mutex_init
 .text.LWP_MutexInit
                0x000000008000fb30       0xe4 D:\devkitpro/libogc/lib/cube\libogc.a(mutex.o)
                0x000000008000fb30                LWP_MutexInit
 .text.LWP_MutexDestroy
                0x000000008000fc14       0xf0 D:\devkitpro/libogc/lib/cube\libogc.a(mutex.o)
                0x000000008000fc14                LWP_MutexDestroy
 .text.LWP_MutexLock
                0x000000008000fd04        0x8 D:\devkitpro/libogc/lib/cube\libogc.a(mutex.o)
                0x000000008000fd04                LWP_MutexLock
 .text.LWP_MutexUnlock
                0x000000008000fd0c       0x9c D:\devkitpro/libogc/lib/cube\libogc.a(mutex.o)
                0x000000008000fd0c                LWP_MutexUnlock
 .text.GX_AbortFrame
                0x000000008000fda8      0x2b0 D:\devkitpro/libogc/lib/cube\libogc.a(gx.o)
                0x000000008000fda8                GX_AbortFrame
 .text.number   0x0000000080010058      0x364 D:\devkitpro/libogc/lib/cube\libogc.a(kprintf.o)
 .text.kvsprintf
                0x00000000800103bc      0x7a0 D:\devkitpro/libogc/lib/cube\libogc.a(kprintf.o)
                0x00000000800103bc                kvsprintf
 .text.kprintf  0x0000000080010b5c       0xac D:\devkitpro/libogc/lib/cube\libogc.a(kprintf.o)
                0x0000000080010b5c                kprintf
 .text.__console_clear_line
                0x0000000080010c08       0x90 D:\devkitpro/libogc/lib/cube\libogc.a(console.o)
 .text.__console_clear
                0x0000000080010c98       0x8c D:\devkitpro/libogc/lib/cube\libogc.a(console.o)
 .text.__console_write
                0x0000000080010d24      0x7c4 D:\devkitpro/libogc/lib/cube\libogc.a(console.o)
                0x0000000080010d24                __console_write
 .text.__console_init
                0x00000000800114e8      0x108 D:\devkitpro/libogc/lib/cube\libogc.a(console.o)
                0x00000000800114e8                __console_init
 .text.CON_EnableGecko
                0x00000000800115f0      0x100 D:\devkitpro/libogc/lib/cube\libogc.a(console.o)
                0x00000000800115f0                CON_EnableGecko
 .text.__lwp_queue_initialize
                0x00000000800116f0       0x98 D:\devkitpro/libogc/lib/cube\libogc.a(lwp_queue.o)
                0x00000000800116f0                __lwp_queue_initialize
 .text.__lwp_queue_get
                0x0000000080011788       0x74 D:\devkitpro/libogc/lib/cube\libogc.a(lwp_queue.o)
                0x0000000080011788                __lwp_queue_get
 .text.__lwp_queue_append
                0x00000000800117fc       0x4c D:\devkitpro/libogc/lib/cube\libogc.a(lwp_queue.o)
                0x00000000800117fc                __lwp_queue_append
 .text.__usbgecko_exi_unlock
                0x0000000080011848       0x34 D:\devkitpro/libogc/lib/cube\libogc.a(usbgecko.o)
 .text.usb_isgeckoalive
                0x000000008001187c      0x1c0 D:\devkitpro/libogc/lib/cube\libogc.a(usbgecko.o)
                0x000000008001187c                usb_isgeckoalive
 .text.usb_sendbuffer_ex
                0x0000000080011a3c      0x214 D:\devkitpro/libogc/lib/cube\libogc.a(usbgecko.o)
                0x0000000080011a3c                usb_sendbuffer_ex
 .text.usb_sendbuffer
                0x0000000080011c50        0x8 D:\devkitpro/libogc/lib/cube\libogc.a(usbgecko.o)
                0x0000000080011c50                usb_sendbuffer
 .text.usb_sendbuffer_safe_ex
                0x0000000080011c58      0x29c D:\devkitpro/libogc/lib/cube\libogc.a(usbgecko.o)
                0x0000000080011c58                usb_sendbuffer_safe_ex
 .text.usb_sendbuffer_safe
                0x0000000080011ef4        0x8 D:\devkitpro/libogc/lib/cube\libogc.a(usbgecko.o)
                0x0000000080011ef4                usb_sendbuffer_safe
 .text.__udivdi3
                0x0000000080011efc      0x3bc d:/devkitpro/devkitppc/bin/../lib/gcc/powerpc-eabi/10.2.0\libgcc.a(_udivdi3.o)
                0x0000000080011efc                __udivdi3
 .text.__umoddi3
                0x00000000800122b8      0x3a4 d:/devkitpro/devkitppc/bin/../lib/gcc/powerpc-eabi/10.2.0\libgcc.a(_umoddi3.o)
                0x00000000800122b8                __umoddi3
 .text.unlikely.abort
                0x000000008001265c       0x28 d:/devkitpro/devkitppc/bin/../lib/gcc/powerpc-eabi/10.2.0/../../../../powerpc-eabi/lib\libsysbase.a(abort.o)
                0x000000008001265c                abort
 .text.null_write
                0x0000000080012684        0x8 d:/devkitpro/devkitppc/bin/../lib/gcc/powerpc-eabi/10.2.0/../../../../powerpc-eabi/lib\libsysbase.a(iosupport.o)
 .text._exit    0x000000008001268c       0x28 d:/devkitpro/devkitppc/bin/../lib/gcc/powerpc-eabi/10.2.0/../../../../powerpc-eabi/lib\libsysbase.a(_exit.o)
                0x000000008001268c                _exit
 .text.build_argv
                0x00000000800126b4       0xcc d:/devkitpro/devkitppc/bin/../lib/gcc/powerpc-eabi/10.2.0/../../../../powerpc-eabi/lib\libsysbase.a(build_argv.o)
                0x00000000800126b4                build_argv
 .text.calloc   0x0000000080012780       0x18 d:/devkitpro/devkitppc/bin/../lib/gcc/powerpc-eabi/10.2.0/../../../../powerpc-eabi/lib\libc.a(lib_a-calloc.o)
                0x0000000080012780                calloc
 .text._calloc_r
                0x0000000080012798       0xc4 d:/devkitpro/devkitppc/bin/../lib/gcc/powerpc-eabi/10.2.0/../../../../powerpc-eabi/lib\libc.a(lib_a-callocr.o)
                0x0000000080012798                _calloc_r
 .text.exit     0x000000008001285c       0x40 d:/devkitpro/devkitppc/bin/../lib/gcc/powerpc-eabi/10.2.0/../../../../powerpc-eabi/lib\libc.a(lib_a-exit.o)
                0x000000008001285c                exit
 .text.malloc   0x000000008001289c       0x10 d:/devkitpro/devkitppc/bin/../lib/gcc/powerpc-eabi/10.2.0/../../../../powerpc-eabi/lib\libc.a(lib_a-malloc.o)
                0x000000008001289c                malloc
 .text.free     0x00000000800128ac       0x10 d:/devkitpro/devkitppc/bin/../lib/gcc/powerpc-eabi/10.2.0/../../../../powerpc-eabi/lib\libc.a(lib_a-malloc.o)
                0x00000000800128ac                free
 .text._malloc_r
                0x00000000800128bc      0x894 d:/devkitpro/devkitppc/bin/../lib/gcc/powerpc-eabi/10.2.0/../../../../powerpc-eabi/lib\libc.a(lib_a-mallocr.o)
                0x00000000800128bc                _malloc_r
 .text.memcpy   0x0000000080013150      0x13c d:/devkitpro/devkitppc/bin/../lib/gcc/powerpc-eabi/10.2.0/../../../../powerpc-eabi/lib\libc.a(lib_a-memcpy.o)
                0x0000000080013150                memcpy
 .text.memmove  0x000000008001328c      0x1ac d:/devkitpro/devkitppc/bin/../lib/gcc/powerpc-eabi/10.2.0/../../../../powerpc-eabi/lib\libc.a(lib_a-memmove.o)
                0x000000008001328c                memmove
 .text.memset   0x0000000080013438      0x1b0 d:/devkitpro/devkitppc/bin/../lib/gcc/powerpc-eabi/10.2.0/../../../../powerpc-eabi/lib\libc.a(lib_a-memset.o)
                0x0000000080013438                memset
 .text.cleanup_glue
                0x00000000800135e8       0xac d:/devkitpro/devkitppc/bin/../lib/gcc/powerpc-eabi/10.2.0/../../../../powerpc-eabi/lib\libc.a(lib_a-reent.o)
                0x00000000800135e8                cleanup_glue
 .text._reclaim_reent
                0x0000000080013694      0x14c d:/devkitpro/devkitppc/bin/../lib/gcc/powerpc-eabi/10.2.0/../../../../powerpc-eabi/lib\libc.a(lib_a-reent.o)
                0x0000000080013694                _reclaim_reent
 .text.setvbuf  0x00000000800137e0      0x308 d:/devkitpro/devkitppc/bin/../lib/gcc/powerpc-eabi/10.2.0/../../../../powerpc-eabi/lib\libc.a(lib_a-setvbuf.o)
                0x00000000800137e0                setvbuf
 .text.sprintf  0x0000000080013ae8       0xc8 d:/devkitpro/devkitppc/bin/../lib/gcc/powerpc-eabi/10.2.0/../../../../powerpc-eabi/lib\libc.a(lib_a-sprintf.o)
                0x0000000080013ae8                sprintf
 .text.strlen   0x0000000080013bb0       0x80 d:/devkitpro/devkitppc/bin/../lib/gcc/powerpc-eabi/10.2.0/../../../../powerpc-eabi/lib\libc.a(lib_a-strlen.o)
                0x0000000080013bb0                strlen
 .text.strnlen  0x0000000080013c30       0x78 d:/devkitpro/devkitppc/bin/../lib/gcc/powerpc-eabi/10.2.0/../../../../powerpc-eabi/lib\libc.a(lib_a-strnlen.o)
                0x0000000080013c30                strnlen
 .text._svfprintf_r
                0x0000000080013ca8     0x22f0 d:/devkitpro/devkitppc/bin/../lib/gcc/powerpc-eabi/10.2.0/../../../../powerpc-eabi/lib\libc.a(lib_a-svfprintf.o)
                0x0000000080013ca8                _svfprintf_r
 .text.write    0x0000000080015f98       0x20 d:/devkitpro/devkitppc/bin/../lib/gcc/powerpc-eabi/10.2.0/../../../../powerpc-eabi/lib\libc.a(lib_a-syswrite.o)
                0x0000000080015f98                write
 .text._wcrtomb_r
                0x0000000080015fb8       0xe4 d:/devkitpro/devkitppc/bin/../lib/gcc/powerpc-eabi/10.2.0/../../../../powerpc-eabi/lib\libc.a(lib_a-wcrtomb.o)
                0x0000000080015fb8                _wcrtomb_r
 .text._wcsrtombs_r
                0x000000008001609c       0x10 d:/devkitpro/devkitppc/bin/../lib/gcc/powerpc-eabi/10.2.0/../../../../powerpc-eabi/lib\libc.a(lib_a-wcsrtombs.o)
                0x000000008001609c                _wcsrtombs_r
 .text.__swsetup_r
                0x00000000800160ac      0x1bc d:/devkitpro/devkitppc/bin/../lib/gcc/powerpc-eabi/10.2.0/../../../../powerpc-eabi/lib\libc.a(lib_a-wsetup.o)
                0x00000000800160ac                __swsetup_r
 .text.__call_exitprocs
                0x0000000080016268      0x1a4 d:/devkitpro/devkitppc/bin/../lib/gcc/powerpc-eabi/10.2.0/../../../../powerpc-eabi/lib\libc.a(lib_a-__call_atexit.o)
                0x0000000080016268                __call_exitprocs
 .text.quorem   0x000000008001640c      0x2fc d:/devkitpro/devkitppc/bin/../lib/gcc/powerpc-eabi/10.2.0/../../../../powerpc-eabi/lib\libc.a(lib_a-dtoa.o)
 .text._dtoa_r  0x0000000080016708     0x1420 d:/devkitpro/devkitppc/bin/../lib/gcc/powerpc-eabi/10.2.0/../../../../powerpc-eabi/lib\libc.a(lib_a-dtoa.o)
                0x0000000080016708                _dtoa_r
 .text.__sflush_r
                0x0000000080017b28      0x340 d:/devkitpro/devkitppc/bin/../lib/gcc/powerpc-eabi/10.2.0/../../../../powerpc-eabi/lib\libc.a(lib_a-fflush.o)
                0x0000000080017b28                __sflush_r
 .text._fflush_r
                0x0000000080017e68      0x108 d:/devkitpro/devkitppc/bin/../lib/gcc/powerpc-eabi/10.2.0/../../../../powerpc-eabi/lib\libc.a(lib_a-fflush.o)
                0x0000000080017e68                _fflush_r
 .text._cleanup_r
                0x0000000080017f70        0xc d:/devkitpro/devkitppc/bin/../lib/gcc/powerpc-eabi/10.2.0/../../../../powerpc-eabi/lib\libc.a(lib_a-findfp.o)
                0x0000000080017f70                _cleanup_r
 .text.__sinit  0x0000000080017f7c      0x1f8 d:/devkitpro/devkitppc/bin/../lib/gcc/powerpc-eabi/10.2.0/../../../../powerpc-eabi/lib\libc.a(lib_a-findfp.o)
                0x0000000080017f7c                __sinit
 .text.__sfp_lock_acquire
                0x0000000080018174       0x58 d:/devkitpro/devkitppc/bin/../lib/gcc/powerpc-eabi/10.2.0/../../../../powerpc-eabi/lib\libc.a(lib_a-findfp.o)
                0x0000000080018174                __sfp_lock_acquire
 .text.__sfp_lock_release
                0x00000000800181cc        0xc d:/devkitpro/devkitppc/bin/../lib/gcc/powerpc-eabi/10.2.0/../../../../powerpc-eabi/lib\libc.a(lib_a-findfp.o)
                0x00000000800181cc                __sfp_lock_release
 .text._malloc_trim_r
                0x00000000800181d8      0x138 d:/devkitpro/devkitppc/bin/../lib/gcc/powerpc-eabi/10.2.0/../../../../powerpc-eabi/lib\libc.a(lib_a-freer.o)
                0x00000000800181d8                _malloc_trim_r
 .text._free_r  0x0000000080018310      0x340 d:/devkitpro/devkitppc/bin/../lib/gcc/powerpc-eabi/10.2.0/../../../../powerpc-eabi/lib\libc.a(lib_a-freer.o)
                0x0000000080018310                _free_r
 .text._fwalk_reent
                0x0000000080018650       0xb4 d:/devkitpro/devkitppc/bin/../lib/gcc/powerpc-eabi/10.2.0/../../../../powerpc-eabi/lib\libc.a(lib_a-fwalk.o)
                0x0000000080018650                _fwalk_reent
 .text._localeconv_r
                0x0000000080018704       0x2c d:/devkitpro/devkitppc/bin/../lib/gcc/powerpc-eabi/10.2.0/../../../../powerpc-eabi/lib\libc.a(lib_a-localeconv.o)
                0x0000000080018704                _localeconv_r
 .text.__locale_mb_cur_max
                0x0000000080018730       0x2c d:/devkitpro/devkitppc/bin/../lib/gcc/powerpc-eabi/10.2.0/../../../../powerpc-eabi/lib\libc.a(lib_a-locale.o)
                0x0000000080018730                __locale_mb_cur_max
 .text.__smakebuf_r
                0x000000008001875c      0x194 d:/devkitpro/devkitppc/bin/../lib/gcc/powerpc-eabi/10.2.0/../../../../powerpc-eabi/lib\libc.a(lib_a-makebuf.o)
                0x000000008001875c                __smakebuf_r
 .text.__swhatbuf_r
                0x00000000800188f0       0xdc d:/devkitpro/devkitppc/bin/../lib/gcc/powerpc-eabi/10.2.0/../../../../powerpc-eabi/lib\libc.a(lib_a-makebuf.o)
                0x00000000800188f0                __swhatbuf_r
 .text.__utf8_mbtowc
                0x00000000800189cc      0x5c8 d:/devkitpro/devkitppc/bin/../lib/gcc/powerpc-eabi/10.2.0/../../../../powerpc-eabi/lib\libc.a(lib_a-mbtowc_r.o)
                0x00000000800189cc                __utf8_mbtowc
 .text.memchr   0x0000000080018f94      0x158 d:/devkitpro/devkitppc/bin/../lib/gcc/powerpc-eabi/10.2.0/../../../../powerpc-eabi/lib\libc.a(lib_a-memchr.o)
                0x0000000080018f94                memchr
 .text._Balloc  0x00000000800190ec       0xe0 d:/devkitpro/devkitppc/bin/../lib/gcc/powerpc-eabi/10.2.0/../../../../powerpc-eabi/lib\libc.a(lib_a-mprec.o)
                0x00000000800190ec                _Balloc
 .text._Bfree   0x00000000800191cc       0x24 d:/devkitpro/devkitppc/bin/../lib/gcc/powerpc-eabi/10.2.0/../../../../powerpc-eabi/lib\libc.a(lib_a-mprec.o)
                0x00000000800191cc                _Bfree
 .text.__multadd
                0x00000000800191f0      0x158 d:/devkitpro/devkitppc/bin/../lib/gcc/powerpc-eabi/10.2.0/../../../../powerpc-eabi/lib\libc.a(lib_a-mprec.o)
                0x00000000800191f0                __multadd
 .text.__hi0bits
                0x0000000080019348       0x64 d:/devkitpro/devkitppc/bin/../lib/gcc/powerpc-eabi/10.2.0/../../../../powerpc-eabi/lib\libc.a(lib_a-mprec.o)
                0x0000000080019348                __hi0bits
 .text.__lo0bits
                0x00000000800193ac       0xb4 d:/devkitpro/devkitppc/bin/../lib/gcc/powerpc-eabi/10.2.0/../../../../powerpc-eabi/lib\libc.a(lib_a-mprec.o)
                0x00000000800193ac                __lo0bits
 .text.__i2b    0x0000000080019460      0x108 d:/devkitpro/devkitppc/bin/../lib/gcc/powerpc-eabi/10.2.0/../../../../powerpc-eabi/lib\libc.a(lib_a-mprec.o)
                0x0000000080019460                __i2b
 .text.__multiply
                0x0000000080019568      0x2e4 d:/devkitpro/devkitppc/bin/../lib/gcc/powerpc-eabi/10.2.0/../../../../powerpc-eabi/lib\libc.a(lib_a-mprec.o)
                0x0000000080019568                __multiply
 .text.__pow5mult
                0x000000008001984c      0x184 d:/devkitpro/devkitppc/bin/../lib/gcc/powerpc-eabi/10.2.0/../../../../powerpc-eabi/lib\libc.a(lib_a-mprec.o)
                0x000000008001984c                __pow5mult
 .text.__lshift
                0x00000000800199d0      0x228 d:/devkitpro/devkitppc/bin/../lib/gcc/powerpc-eabi/10.2.0/../../../../powerpc-eabi/lib\libc.a(lib_a-mprec.o)
                0x00000000800199d0                __lshift
 .text.__mcmp   0x0000000080019bf8       0xe0 d:/devkitpro/devkitppc/bin/../lib/gcc/powerpc-eabi/10.2.0/../../../../powerpc-eabi/lib\libc.a(lib_a-mprec.o)
                0x0000000080019bf8                __mcmp
 .text.__mdiff  0x0000000080019cd8      0x2d8 d:/devkitpro/devkitppc/bin/../lib/gcc/powerpc-eabi/10.2.0/../../../../powerpc-eabi/lib\libc.a(lib_a-mprec.o)
                0x0000000080019cd8                __mdiff
 .text.__d2b    0x0000000080019fb0      0x1ac d:/devkitpro/devkitppc/bin/../lib/gcc/powerpc-eabi/10.2.0/../../../../powerpc-eabi/lib\libc.a(lib_a-mprec.o)
                0x0000000080019fb0                __d2b
 .text.__sread  0x000000008001a15c       0x74 d:/devkitpro/devkitppc/bin/../lib/gcc/powerpc-eabi/10.2.0/../../../../powerpc-eabi/lib\libc.a(lib_a-stdio.o)
                0x000000008001a15c                __sread
 .text.__swrite
                0x000000008001a1d0       0xb8 d:/devkitpro/devkitppc/bin/../lib/gcc/powerpc-eabi/10.2.0/../../../../powerpc-eabi/lib\libc.a(lib_a-stdio.o)
                0x000000008001a1d0                __swrite
 .text.__sseek  0x000000008001a288       0x70 d:/devkitpro/devkitppc/bin/../lib/gcc/powerpc-eabi/10.2.0/../../../../powerpc-eabi/lib\libc.a(lib_a-stdio.o)
                0x000000008001a288                __sseek
 .text.__sclose
                0x000000008001a2f8        0x8 d:/devkitpro/devkitppc/bin/../lib/gcc/powerpc-eabi/10.2.0/../../../../powerpc-eabi/lib\libc.a(lib_a-stdio.o)
                0x000000008001a2f8                __sclose
 .text.__ssprint_r
                0x000000008001a300      0x24c d:/devkitpro/devkitppc/bin/../lib/gcc/powerpc-eabi/10.2.0/../../../../powerpc-eabi/lib\libc.a(lib_a-svfiprintf.o)
                0x000000008001a300                __ssprint_r
 .text.__sprint_r.part.0
                0x000000008001a54c      0x148 d:/devkitpro/devkitppc/bin/../lib/gcc/powerpc-eabi/10.2.0/../../../../powerpc-eabi/lib\libc.a(lib_a-vfiprintf.o)
 .text._vfiprintf_r
                0x000000008001a694     0x17c8 d:/devkitpro/devkitppc/bin/../lib/gcc/powerpc-eabi/10.2.0/../../../../powerpc-eabi/lib\libc.a(lib_a-vfiprintf.o)
                0x000000008001a694                _vfiprintf_r
 .text.__sbprintf
                0x000000008001be5c      0x100 d:/devkitpro/devkitppc/bin/../lib/gcc/powerpc-eabi/10.2.0/../../../../powerpc-eabi/lib\libc.a(lib_a-vfiprintf.o)
 .text._wcsnrtombs_l
                0x000000008001bf5c      0x214 d:/devkitpro/devkitppc/bin/../lib/gcc/powerpc-eabi/10.2.0/../../../../powerpc-eabi/lib\libc.a(lib_a-wcsnrtombs.o)
                0x000000008001bf5c                _wcsnrtombs_l
 .text._wcsnrtombs_r
                0x000000008001c170       0x24 d:/devkitpro/devkitppc/bin/../lib/gcc/powerpc-eabi/10.2.0/../../../../powerpc-eabi/lib\libc.a(lib_a-wcsnrtombs.o)
                0x000000008001c170                _wcsnrtombs_r
 .text.__utf8_wctomb
                0x000000008001c194      0x108 d:/devkitpro/devkitppc/bin/../lib/gcc/powerpc-eabi/10.2.0/../../../../powerpc-eabi/lib\libc.a(lib_a-wctomb_r.o)
                0x000000008001c194                __utf8_wctomb
 .text.__assert_func
                0x000000008001c29c       0x58 d:/devkitpro/devkitppc/bin/../lib/gcc/powerpc-eabi/10.2.0/../../../../powerpc-eabi/lib\libc.a(lib_a-assert.o)
                0x000000008001c29c                __assert_func
 .text._fclose_r
                0x000000008001c2f4      0x1fc d:/devkitpro/devkitppc/bin/../lib/gcc/powerpc-eabi/10.2.0/../../../../powerpc-eabi/lib\libc.a(lib_a-fclose.o)
                0x000000008001c2f4                _fclose_r
 .text.fiprintf
                0x000000008001c4f0       0x94 d:/devkitpro/devkitppc/bin/../lib/gcc/powerpc-eabi/10.2.0/../../../../powerpc-eabi/lib\libc.a(lib_a-fiprintf.o)
                0x000000008001c4f0                fiprintf
 .text.__fputwc
                0x000000008001c584      0x18c d:/devkitpro/devkitppc/bin/../lib/gcc/powerpc-eabi/10.2.0/../../../../powerpc-eabi/lib\libc.a(lib_a-fputwc.o)
                0x000000008001c584                __fputwc
 .text._fputwc_r
                0x000000008001c710       0xe0 d:/devkitpro/devkitppc/bin/../lib/gcc/powerpc-eabi/10.2.0/../../../../powerpc-eabi/lib\libc.a(lib_a-fputwc.o)
                0x000000008001c710                _fputwc_r
 .text.__sfvwrite_r
                0x000000008001c7f0      0x5b0 d:/devkitpro/devkitppc/bin/../lib/gcc/powerpc-eabi/10.2.0/../../../../powerpc-eabi/lib\libc.a(lib_a-fvwrite.o)
                0x000000008001c7f0                __sfvwrite_r
 .text._realloc_r
                0x000000008001cda0      0x670 d:/devkitpro/devkitppc/bin/../lib/gcc/powerpc-eabi/10.2.0/../../../../powerpc-eabi/lib\libc.a(lib_a-reallocr.o)
                0x000000008001cda0                _realloc_r
 .text.__swbuf_r
                0x000000008001d410      0x1c4 d:/devkitpro/devkitppc/bin/../lib/gcc/powerpc-eabi/10.2.0/../../../../powerpc-eabi/lib\libc.a(lib_a-wbuf.o)
                0x000000008001d410                __swbuf_r
 .text._close_r
                0x000000008001d5d4       0xec d:/devkitpro/devkitppc/bin/../lib/gcc/powerpc-eabi/10.2.0/../../../../powerpc-eabi/lib\libsysbase.a(close.o)
                0x000000008001d5d4                _close_r
 .text._fstat_r
                0x000000008001d6c0       0xb0 d:/devkitpro/devkitppc/bin/../lib/gcc/powerpc-eabi/10.2.0/../../../../powerpc-eabi/lib\libsysbase.a(fstat.o)
                0x000000008001d6c0                _fstat_r
 .text._isatty_r
                0x000000008001d770        0x8 d:/devkitpro/devkitppc/bin/../lib/gcc/powerpc-eabi/10.2.0/../../../../powerpc-eabi/lib\libsysbase.a(isatty.o)
                0x000000008001d770                _isatty_r
 .text._lseek_r
                0x000000008001d778       0xe0 d:/devkitpro/devkitppc/bin/../lib/gcc/powerpc-eabi/10.2.0/../../../../powerpc-eabi/lib\libsysbase.a(lseek.o)
                0x000000008001d778                _lseek_r
 .text._read_r  0x000000008001d858       0xc4 d:/devkitpro/devkitppc/bin/../lib/gcc/powerpc-eabi/10.2.0/../../../../powerpc-eabi/lib\libsysbase.a(read.o)
                0x000000008001d858                _read_r
 .text._sbrk_r  0x000000008001d91c       0x28 d:/devkitpro/devkitppc/bin/../lib/gcc/powerpc-eabi/10.2.0/../../../../powerpc-eabi/lib\libsysbase.a(sbrk.o)
                0x000000008001d91c                _sbrk_r
 .text._write_r
                0x000000008001d944       0xc4 d:/devkitpro/devkitppc/bin/../lib/gcc/powerpc-eabi/10.2.0/../../../../powerpc-eabi/lib\libsysbase.a(write.o)
                0x000000008001d944                _write_r
 .text.__flockfile
                0x000000008001da08       0x54 d:/devkitpro/devkitppc/bin/../lib/gcc/powerpc-eabi/10.2.0/../../../../powerpc-eabi/lib\libsysbase.a(flock.o)
                0x000000008001da08                __flockfile
 .text.__funlockfile
                0x000000008001da5c        0x8 d:/devkitpro/devkitppc/bin/../lib/gcc/powerpc-eabi/10.2.0/../../../../powerpc-eabi/lib\libsysbase.a(flock.o)
                0x000000008001da5c                __funlockfile
 .text.__release_handle
                0x000000008001da64       0xe4 d:/devkitpro/devkitppc/bin/../lib/gcc/powerpc-eabi/10.2.0/../../../../powerpc-eabi/lib\libsysbase.a(handle_manager.o)
                0x000000008001da64                __release_handle
 .text.__get_handle
                0x000000008001db48       0x24 d:/devkitpro/devkitppc/bin/../lib/gcc/powerpc-eabi/10.2.0/../../../../powerpc-eabi/lib\libsysbase.a(handle_manager.o)
                0x000000008001db48                __get_handle
 .text.__libc_lock_init
                0x000000008001db6c       0x1c d:/devkitpro/devkitppc/bin/../lib/gcc/powerpc-eabi/10.2.0/../../../../powerpc-eabi/lib\libsysbase.a(syscall_support.o)
                0x000000008001db6c                __libc_lock_init
 .text.__libc_lock_close
                0x000000008001db88       0x1c d:/devkitpro/devkitppc/bin/../lib/gcc/powerpc-eabi/10.2.0/../../../../powerpc-eabi/lib\libsysbase.a(syscall_support.o)
                0x000000008001db88                __libc_lock_close
 .text.__libc_lock_release
                0x000000008001dba4       0x1c d:/devkitpro/devkitppc/bin/../lib/gcc/powerpc-eabi/10.2.0/../../../../powerpc-eabi/lib\libsysbase.a(syscall_support.o)
                0x000000008001dba4                __libc_lock_release
 .text.__libc_lock_acquire
                0x000000008001dbc0       0x1c d:/devkitpro/devkitppc/bin/../lib/gcc/powerpc-eabi/10.2.0/../../../../powerpc-eabi/lib\libsysbase.a(syscall_support.o)
                0x000000008001dbc0                __libc_lock_acquire
 .text.__malloc_lock
                0x000000008001dbdc       0x14 d:/devkitpro/devkitppc/bin/../lib/gcc/powerpc-eabi/10.2.0/../../../../powerpc-eabi/lib\libsysbase.a(syscall_support.o)
                0x000000008001dbdc                __malloc_lock
 .text.__malloc_unlock
                0x000000008001dbf0       0x14 d:/devkitpro/devkitppc/bin/../lib/gcc/powerpc-eabi/10.2.0/../../../../powerpc-eabi/lib\libsysbase.a(syscall_support.o)
                0x000000008001dbf0                __malloc_unlock
 .text.__do_global_ctors_aux
                0x000000008001dc04       0x50 d:/devkitpro/devkitppc/bin/../lib/gcc/powerpc-eabi/10.2.0/crtend.o
 *(.gnu.warning)
 *(.gnu.linkonce.t.*)
                0x000000008001dc60                . = ALIGN (0x20)
 *fill*         0x000000008001dc54        0xc 00000000

.glink          0x000000008001dc60        0x0
 .glink         0x000000008001dc60        0x0 d:/devkitpro/devkitppc/bin/../lib/gcc/powerpc-eabi/10.2.0/crtbegin.o

.fini           0x000000008001dc60       0x20
 *(.fini)
 .fini          0x000000008001dc60        0xc d:/devkitpro/devkitppc/bin/../lib/gcc/powerpc-eabi/10.2.0/ecrti.o
                0x000000008001dc60                __fini
 .fini          0x000000008001dc6c        0x4 d:/devkitpro/devkitppc/bin/../lib/gcc/powerpc-eabi/10.2.0/crtbegin.o
 .fini          0x000000008001dc70       0x10 d:/devkitpro/devkitppc/bin/../lib/gcc/powerpc-eabi/10.2.0/ecrtn.o
                0x000000008001dc80                . = ALIGN (0x20)
                [!provide]                        PROVIDE (__etext = .)
                [!provide]                        PROVIDE (_etext = .)
                [!provide]                        PROVIDE (etext = .)

.rodata         0x000000008001dc80   0x1e956f
 *(.rodata)
 .rodata        0x000000008001dc80       0xa1 main.o
 *(.rodata.*)
 *fill*         0x000000008001dd21        0x3 
 .rodata.tests  0x000000008001dd24   0x1e8480 main.o
 .rodata.do_test
                0x00000000802061a4       0x2c main.o
 .rodata._dsp_initcode
                0x00000000802061d0       0x80 D:\devkitpro/libogc/lib/cube\libogc.a(system.o)
 .rodata.c_default_exceptionhandler.str1.4
                0x0000000080206250      0x263 D:\devkitpro/libogc/lib/cube\libogc.a(exception.o)
                                        0x267 (size before relaxing)
 *fill*         0x00000000802064b3        0x1 
 .rodata.str1.4
                0x00000000802064b4       0xa0 D:\devkitpro/libogc/lib/cube\libogc.a(exception.o)
 .rodata.exception_location
                0x0000000080206554       0x3c D:\devkitpro/libogc/lib/cube\libogc.a(exception.o)
 .rodata.exception_name
                0x0000000080206590       0x3c D:\devkitpro/libogc/lib/cube\libogc.a(exception.o)
 .rodata.number.str1.4
                0x00000000802065cc       0x4d D:\devkitpro/libogc/lib/cube\libogc.a(kprintf.o)
 *fill*         0x0000000080206619        0x3 
 .rodata.kvsprintf.str1.4
                0x000000008020661c        0x7 D:\devkitpro/libogc/lib/cube\libogc.a(kprintf.o)
 *fill*         0x0000000080206623        0x1 
 .rodata.kvsprintf
                0x0000000080206624      0x2e4 D:\devkitpro/libogc/lib/cube\libogc.a(kprintf.o)
 .rodata.__console_write
                0x0000000080206908       0xec D:\devkitpro/libogc/lib/cube\libogc.a(console.o)
 .rodata.str1.4
                0x00000000802069f4        0x7 D:\devkitpro/libogc/lib/cube\libogc.a(console.o)
 *fill*         0x00000000802069fb        0x1 
 .rodata.color_table
                0x00000000802069fc       0x40 D:\devkitpro/libogc/lib/cube\libogc.a(console.o)
 .rodata.dotab_stdout
                0x0000000080206a3c       0x70 D:\devkitpro/libogc/lib/cube\libogc.a(console.o)
                0x0000000080206a3c                dotab_stdout
 .rodata.abort.str1.4
                0x0000000080206aac        0xf d:/devkitpro/devkitppc/bin/../lib/gcc/powerpc-eabi/10.2.0/../../../../powerpc-eabi/lib\libsysbase.a(abort.o)
 *fill*         0x0000000080206abb        0x1 
 .rodata.AddDevice.str1.4
                0x0000000080206abc        0x8 d:/devkitpro/devkitppc/bin/../lib/gcc/powerpc-eabi/10.2.0/../../../../powerpc-eabi/lib\libsysbase.a(iosupport.o)
 .rodata.dotab_stdnull
                0x0000000080206ac4       0x70 d:/devkitpro/devkitppc/bin/../lib/gcc/powerpc-eabi/10.2.0/../../../../powerpc-eabi/lib\libsysbase.a(iosupport.o)
                0x0000000080206ac4                dotab_stdnull
 .rodata._ctype_
                0x0000000080206b34      0x101 d:/devkitpro/devkitppc/bin/../lib/gcc/powerpc-eabi/10.2.0/../../../../powerpc-eabi/lib\libc.a(lib_a-ctype_.o)
                0x0000000080206b34                _ctype_
 *fill*         0x0000000080206c35        0x3 
 .rodata._svfprintf_r.str1.4
                0x0000000080206c38       0x42 d:/devkitpro/devkitppc/bin/../lib/gcc/powerpc-eabi/10.2.0/../../../../powerpc-eabi/lib\libc.a(lib_a-svfprintf.o)
 *fill*         0x0000000080206c7a        0x2 
 .rodata._svfprintf_r
                0x0000000080206c7c      0x164 d:/devkitpro/devkitppc/bin/../lib/gcc/powerpc-eabi/10.2.0/../../../../powerpc-eabi/lib\libc.a(lib_a-svfprintf.o)
 .rodata.cst4   0x0000000080206de0        0x4 d:/devkitpro/devkitppc/bin/../lib/gcc/powerpc-eabi/10.2.0/../../../../powerpc-eabi/lib\libc.a(lib_a-svfprintf.o)
 *fill*         0x0000000080206de4        0x4 
 .rodata.cst8   0x0000000080206de8        0x8 d:/devkitpro/devkitppc/bin/../lib/gcc/powerpc-eabi/10.2.0/../../../../powerpc-eabi/lib\libc.a(lib_a-svfprintf.o)
 .rodata.blanks.1
                0x0000000080206df0       0x10 d:/devkitpro/devkitppc/bin/../lib/gcc/powerpc-eabi/10.2.0/../../../../powerpc-eabi/lib\libc.a(lib_a-svfprintf.o)
 .rodata.zeroes.0
                0x0000000080206e00       0x10 d:/devkitpro/devkitppc/bin/../lib/gcc/powerpc-eabi/10.2.0/../../../../powerpc-eabi/lib\libc.a(lib_a-svfprintf.o)
 .rodata._dtoa_r.str1.4
                0x0000000080206e10       0x5d d:/devkitpro/devkitppc/bin/../lib/gcc/powerpc-eabi/10.2.0/../../../../powerpc-eabi/lib\libc.a(lib_a-dtoa.o)
                                         0x61 (size before relaxing)
 *fill*         0x0000000080206e6d        0x3 
 .rodata.cst4   0x0000000080206e70       0x20 d:/devkitpro/devkitppc/bin/../lib/gcc/powerpc-eabi/10.2.0/../../../../powerpc-eabi/lib\libc.a(lib_a-dtoa.o)
                                         0x24 (size before relaxing)
 .rodata.cst8   0x0000000080206e90       0x18 d:/devkitpro/devkitppc/bin/../lib/gcc/powerpc-eabi/10.2.0/../../../../powerpc-eabi/lib\libc.a(lib_a-dtoa.o)
 .rodata.str1.4
                0x0000000080206ea8       0x48 d:/devkitpro/devkitppc/bin/../lib/gcc/powerpc-eabi/10.2.0/../../../../powerpc-eabi/lib\libc.a(lib_a-locale.o)
                                         0x4c (size before relaxing)
 .rodata.__multadd.str1.4
                0x0000000080206ef0       0x3a d:/devkitpro/devkitppc/bin/../lib/gcc/powerpc-eabi/10.2.0/../../../../powerpc-eabi/lib\libc.a(lib_a-mprec.o)
                                         0x4e (size before relaxing)
 *fill*         0x0000000080206f2a        0x6 
 .rodata.__mprec_bigtens
                0x0000000080206f30       0x28 d:/devkitpro/devkitppc/bin/../lib/gcc/powerpc-eabi/10.2.0/../../../../powerpc-eabi/lib\libc.a(lib_a-mprec.o)
                0x0000000080206f30                __mprec_bigtens
 .rodata.__mprec_tens
                0x0000000080206f58       0xc8 d:/devkitpro/devkitppc/bin/../lib/gcc/powerpc-eabi/10.2.0/../../../../powerpc-eabi/lib\libc.a(lib_a-mprec.o)
                0x0000000080206f58                __mprec_tens
 .rodata.p05.0  0x0000000080207020        0xc d:/devkitpro/devkitppc/bin/../lib/gcc/powerpc-eabi/10.2.0/../../../../powerpc-eabi/lib\libc.a(lib_a-mprec.o)
 .rodata._vfiprintf_r.str1.4
                0x000000008020702c       0x2f d:/devkitpro/devkitppc/bin/../lib/gcc/powerpc-eabi/10.2.0/../../../../powerpc-eabi/lib\libc.a(lib_a-vfiprintf.o)
 .rodata._vfiprintf_r
                0x000000008020702c      0x164 d:/devkitpro/devkitppc/bin/../lib/gcc/powerpc-eabi/10.2.0/../../../../powerpc-eabi/lib\libc.a(lib_a-vfiprintf.o)
 .rodata.blanks.1
                0x0000000080207190       0x10 d:/devkitpro/devkitppc/bin/../lib/gcc/powerpc-eabi/10.2.0/../../../../powerpc-eabi/lib\libc.a(lib_a-vfiprintf.o)
 .rodata.zeroes.0
                0x00000000802071a0       0x10 d:/devkitpro/devkitppc/bin/../lib/gcc/powerpc-eabi/10.2.0/../../../../powerpc-eabi/lib\libc.a(lib_a-vfiprintf.o)
 .rodata.__assert_func.str1.4
                0x00000000802071b0       0x3f d:/devkitpro/devkitppc/bin/../lib/gcc/powerpc-eabi/10.2.0/../../../../powerpc-eabi/lib\libc.a(lib_a-assert.o)
                                         0x43 (size before relaxing)
 *(.gnu.linkonce.r.*)

.eh_frame_hdr   0x00000000802071f0      0x9c4
 .eh_frame_hdr  0x00000000802071f0      0x9c4 d:/devkitpro/devkitppc/bin/../lib/gcc/powerpc-eabi/10.2.0/../../../../powerpc-eabi/lib/crtmain.o
                0x00000000802071f0                __GNU_EH_FRAME_HDR

.rodata1
 *(.rodata1)

.sdata2         0x0000000080207bb4        0x4
                0x0000000080207bb4                PROVIDE (_SDA2_BASE_ = .)
 *(.sdata2)
 .sdata2        0x0000000080207bb4        0x0 d:/devkitpro/devkitppc/bin/../lib/gcc/powerpc-eabi/10.2.0/ecrti.o
                0x0000000080207bb4                __SDATA2_START__
 .sdata2        0x0000000080207bb4        0x0 d:/devkitpro/devkitppc/bin/../lib/gcc/powerpc-eabi/10.2.0/crtbegin.o
 *(.sdata2.*)
 .sdata2.__sys_inIPL
                0x0000000080207bb4        0x4 D:\devkitpro/libogc/lib/cube\libogc.a(system.o)
 *(.gnu.linkonce.s2.*)

.sbss2          0x0000000080207bb8        0x0
 *(.sbss2)
 .sbss2         0x0000000080207bb8        0x0 d:/devkitpro/devkitppc/bin/../lib/gcc/powerpc-eabi/10.2.0/ecrtn.o
 *(.sbss2.*)
 *(.gnu.linkonce.sb2.*)
                0x0000000080207bb8                . = ALIGN (0x4)
                [!provide]                        PROVIDE (__preinit_array_start = .)

.preinit_array
 *(.preinit_array)
                [!provide]                        PROVIDE (__preinit_array_end = .)
                [!provide]                        PROVIDE (__init_array_start = .)

.init_array
 *(.init_array)
                [!provide]                        PROVIDE (__init_array_end = .)
                [!provide]                        PROVIDE (__fini_array_start = .)

.fini_array
 *(.fini_array)
                [!provide]                        PROVIDE (__fini_array_end = .)

.data           0x0000000080207bb8     0x2b08
 *(.data)
 .data          0x0000000080207bb8       0x10 D:\devkitpro/libogc/lib/cube\libogc.a(system_asm.o)
 .data          0x0000000080207bc8        0x4 d:/devkitpro/devkitppc/bin/../lib/gcc/powerpc-eabi/10.2.0\libgcc.a(eabi.o)
 *(.data.*)
 .data.opcodes  0x0000000080207bcc       0x28 main.o
 .data.mem_resetinfo
                0x0000000080207bf4       0x10 D:\devkitpro/libogc/lib/cube\libogc.a(system.o)
 .data.si_type  0x0000000080207c04       0x10 D:\devkitpro/libogc/lib/cube\libogc.a(si.o)
 .data.sicntrl  0x0000000080207c14       0x14 D:\devkitpro/libogc/lib/cube\libogc.a(si.o)
 .data.xy       0x0000000080207c28       0x60 D:\devkitpro/libogc/lib/cube\libogc.a(si.o)
 .data.pad_resetinfo
                0x0000000080207c88       0x10 D:\devkitpro/libogc/lib/cube\libogc.a(pad.o)
 .data.console_font_8x16
                0x0000000080207c98     0x1000 D:\devkitpro/libogc/lib/cube\libogc.a(console_font_8x16.o)
                0x0000000080207c98                console_font_8x16
 .data.devoptab_list
                0x0000000080208c98       0x40 d:/devkitpro/devkitppc/bin/../lib/gcc/powerpc-eabi/10.2.0/../../../../powerpc-eabi/lib\libsysbase.a(iosupport.o)
                0x0000000080208c98                devoptab_list
 .data.impure_data
                0x0000000080208cd8      0x448 d:/devkitpro/devkitppc/bin/../lib/gcc/powerpc-eabi/10.2.0/../../../../powerpc-eabi/lib\libc.a(lib_a-impure.o)
 .data.__malloc_av_
                0x0000000080209120      0x408 d:/devkitpro/devkitppc/bin/../lib/gcc/powerpc-eabi/10.2.0/../../../../powerpc-eabi/lib\libc.a(lib_a-mallocr.o)
                0x0000000080209120                __malloc_av_
 .data.__global_locale
                0x0000000080209528      0x16c d:/devkitpro/devkitppc/bin/../lib/gcc/powerpc-eabi/10.2.0/../../../../powerpc-eabi/lib\libc.a(lib_a-locale.o)
                0x0000000080209528                __global_locale
 .data.__stderr_handle
                0x0000000080209694        0xc d:/devkitpro/devkitppc/bin/../lib/gcc/powerpc-eabi/10.2.0/../../../../powerpc-eabi/lib\libsysbase.a(handle_manager.o)
 .data.__stdin_handle
                0x00000000802096a0        0xc d:/devkitpro/devkitppc/bin/../lib/gcc/powerpc-eabi/10.2.0/../../../../powerpc-eabi/lib\libsysbase.a(handle_manager.o)
 .data.__stdout_handle
                0x00000000802096ac        0xc d:/devkitpro/devkitppc/bin/../lib/gcc/powerpc-eabi/10.2.0/../../../../powerpc-eabi/lib\libsysbase.a(handle_manager.o)
 .data.handles  0x00000000802096b8     0x1000 d:/devkitpro/devkitppc/bin/../lib/gcc/powerpc-eabi/10.2.0/../../../../powerpc-eabi/lib\libsysbase.a(handle_manager.o)
 *(.gnu.linkonce.d.*)
                0x000000008020a6c0                . = ALIGN (0x20)
 *fill*         0x000000008020a6b8        0x8 

.tm_clone_table
                0x000000008020a6c0        0x0
 .tm_clone_table
                0x000000008020a6c0        0x0 d:/devkitpro/devkitppc/bin/../lib/gcc/powerpc-eabi/10.2.0/crtbegin.o
 .tm_clone_table
                0x000000008020a6c0        0x0 d:/devkitpro/devkitppc/bin/../lib/gcc/powerpc-eabi/10.2.0/crtend.o

.branch_lt      0x000000008020a6c0        0x0
 .branch_lt     0x000000008020a6c0        0x0 d:/devkitpro/devkitppc/bin/../lib/gcc/powerpc-eabi/10.2.0/crtbegin.o

.data1
 *(.data1)

.tdata
 *(.tdata .tdata.* .gnu.linkonce.td.*)

.tbss
 *(.tbss .tbss.* .gnu.linkonce.tb.*)
 *(.tcommon)

.eh_frame       0x000000008020a6c0     0x3f04
 *(.eh_frame)
 .eh_frame      0x000000008020a6c0        0x0 d:/devkitpro/devkitppc/bin/../lib/gcc/powerpc-eabi/10.2.0/ecrti.o
                0x000000008020a6c0                __EH_FRAME_BEGIN__
 .eh_frame      0x000000008020a6c0        0x0 d:/devkitpro/devkitppc/bin/../lib/gcc/powerpc-eabi/10.2.0/crtbegin.o
 .eh_frame      0x000000008020a6c0        0x0 d:/devkitpro/devkitppc/bin/../lib/gcc/powerpc-eabi/10.2.0/crtbegin.o
 .eh_frame      0x000000008020a6c0       0x34 d:/devkitpro/devkitppc/bin/../lib/gcc/powerpc-eabi/10.2.0/../../../../powerpc-eabi/lib/crtmain.o
 .eh_frame      0x000000008020a6f4       0x70 main.o
                                         0x84 (size before relaxing)
 .eh_frame      0x000000008020a764       0x4c output.o
                                         0x60 (size before relaxing)
 .eh_frame      0x000000008020a7b0      0x4d4 D:\devkitpro/libogc/lib/cube\libogc.a(system.o)
                                        0xa74 (size before relaxing)
 .eh_frame      0x000000008020ac84       0x14 D:\devkitpro/libogc/lib/cube\libogc.a(cond.o)
                                        0x204 (size before relaxing)
 .eh_frame      0x000000008020ac98       0x28 D:\devkitpro/libogc/lib/cube\libogc.a(decrementer.o)
                                         0x3c (size before relaxing)
 .eh_frame      0x000000008020acc0       0x14 D:\devkitpro/libogc/lib/cube\libogc.a(message.o)
                                        0x178 (size before relaxing)
 .eh_frame      0x000000008020acd4      0x468 D:\devkitpro/libogc/lib/cube\libogc.a(si.o)
                                        0x558 (size before relaxing)
 .eh_frame      0x000000008020b13c       0x90 D:\devkitpro/libogc/lib/cube\libogc.a(timesupp.o)
                                        0x1ec (size before relaxing)
 .eh_frame      0x000000008020b1cc       0xa0 D:\devkitpro/libogc/lib/cube\libogc.a(lock_supp.o)
                                         0xb4 (size before relaxing)
 .eh_frame      0x000000008020b26c       0xc0 D:\devkitpro/libogc/lib/cube\libogc.a(newlibc.o)
                                         0xd4 (size before relaxing)
 .eh_frame      0x000000008020b32c       0x3c D:\devkitpro/libogc/lib/cube\libogc.a(sbrk.o)
                                         0x50 (size before relaxing)
 .eh_frame      0x000000008020b368       0x74 D:\devkitpro/libogc/lib/cube\libogc.a(malloc_lock.o)
                                         0x88 (size before relaxing)
 .eh_frame      0x000000008020b3dc       0x20 D:\devkitpro/libogc/lib/cube\libogc.a(argv.o)
                                         0x34 (size before relaxing)
 .eh_frame      0x000000008020b3fc       0x14 D:\devkitpro/libogc/lib/cube\libogc.a(lwp_priority.o)
                                         0x28 (size before relaxing)
 .eh_frame      0x000000008020b410      0x28c D:\devkitpro/libogc/lib/cube\libogc.a(lwp_threadq.o)
                                        0x2f0 (size before relaxing)
 .eh_frame      0x000000008020b69c      0x290 D:\devkitpro/libogc/lib/cube\libogc.a(lwp_threads.o)
                                        0x378 (size before relaxing)
 .eh_frame      0x000000008020b92c        0x0 D:\devkitpro/libogc/lib/cube\libogc.a(lwp_messages.o)
                                        0x270 (size before relaxing)
 .eh_frame      0x000000008020b92c      0x104 D:\devkitpro/libogc/lib/cube\libogc.a(lwp.o)
                                        0x434 (size before relaxing)
 .eh_frame      0x000000008020ba30       0x3c D:\devkitpro/libogc/lib/cube\libogc.a(lwp_stack.o)
                                         0x50 (size before relaxing)
 .eh_frame      0x000000008020ba6c       0xac D:\devkitpro/libogc/lib/cube\libogc.a(lwp_mutex.o)
                                         0xc0 (size before relaxing)
 .eh_frame      0x000000008020bb18      0x124 D:\devkitpro/libogc/lib/cube\libogc.a(lwp_watchdog.o)
                                        0x1a0 (size before relaxing)
 .eh_frame      0x000000008020bc3c       0x30 D:\devkitpro/libogc/lib/cube\libogc.a(lwp_wkspace.o)
                                         0xa8 (size before relaxing)
 .eh_frame      0x000000008020bc6c       0xb8 D:\devkitpro/libogc/lib/cube\libogc.a(lwp_objmgr.o)
                                         0xe0 (size before relaxing)
 .eh_frame      0x000000008020bd24       0x3c D:\devkitpro/libogc/lib/cube\libogc.a(lwp_heap.o)
                                         0x64 (size before relaxing)
 .eh_frame      0x000000008020bd60       0xf0 D:\devkitpro/libogc/lib/cube\libogc.a(exception.o)
                                        0x164 (size before relaxing)
 .eh_frame      0x000000008020be50       0xc8 D:\devkitpro/libogc/lib/cube\libogc.a(irq.o)
                                        0x118 (size before relaxing)
 .eh_frame      0x000000008020bf18       0x14 D:\devkitpro/libogc/lib/cube\libogc.a(semaphore.o)
                                        0x160 (size before relaxing)
 .eh_frame      0x000000008020bf2c       0x64 D:\devkitpro/libogc/lib/cube\libogc.a(video.o)
                                        0x2c0 (size before relaxing)
 .eh_frame      0x000000008020bf90      0x334 D:\devkitpro/libogc/lib/cube\libogc.a(pad.o)
                                        0x508 (size before relaxing)
 .eh_frame      0x000000008020c2c4      0x518 D:\devkitpro/libogc/lib/cube\libogc.a(exi.o)
                                        0x80c (size before relaxing)
 .eh_frame      0x000000008020c7dc      0x128 D:\devkitpro/libogc/lib/cube\libogc.a(mutex.o)
                                        0x150 (size before relaxing)
 .eh_frame      0x000000008020c904       0x38 D:\devkitpro/libogc/lib/cube\libogc.a(gx.o)
                                       0x1668 (size before relaxing)
 .eh_frame      0x000000008020c93c      0x120 D:\devkitpro/libogc/lib/cube\libogc.a(kprintf.o)
                                        0x134 (size before relaxing)
 .eh_frame      0x000000008020ca5c      0x170 D:\devkitpro/libogc/lib/cube\libogc.a(console.o)
                                        0x248 (size before relaxing)
 .eh_frame      0x000000008020cbcc       0x3c D:\devkitpro/libogc/lib/cube\libogc.a(lwp_queue.o)
                                         0x78 (size before relaxing)
 .eh_frame      0x000000008020cc08        0x0 D:\devkitpro/libogc/lib/cube\libogc.a(lwp_sema.o)
                                         0xa4 (size before relaxing)
 .eh_frame      0x000000008020cc08      0x154 D:\devkitpro/libogc/lib/cube\libogc.a(usbgecko.o)
                                        0x3d8 (size before relaxing)
 .eh_frame      0x000000008020cd5c        0x0 d:/devkitpro/devkitppc/bin/../lib/gcc/powerpc-eabi/10.2.0/../../../../powerpc-eabi/lib\libm.a(lib_a-sf_cos.o)
                                         0x54 (size before relaxing)
 .eh_frame      0x000000008020cd5c        0x0 d:/devkitpro/devkitppc/bin/../lib/gcc/powerpc-eabi/10.2.0/../../../../powerpc-eabi/lib\libm.a(lib_a-wf_sqrt.o)
                                         0x54 (size before relaxing)
 .eh_frame      0x000000008020cd5c        0x0 d:/devkitpro/devkitppc/bin/../lib/gcc/powerpc-eabi/10.2.0/../../../../powerpc-eabi/lib\libm.a(lib_a-ef_rem_pio2.o)
                                         0x8c (size before relaxing)
 .eh_frame      0x000000008020cd5c        0x0 d:/devkitpro/devkitppc/bin/../lib/gcc/powerpc-eabi/10.2.0/../../../../powerpc-eabi/lib\libm.a(lib_a-ef_sqrt.o)
                                         0x3c (size before relaxing)
 .eh_frame      0x000000008020cd5c        0x0 d:/devkitpro/devkitppc/bin/../lib/gcc/powerpc-eabi/10.2.0/../../../../powerpc-eabi/lib\libm.a(lib_a-kf_cos.o)
                                         0x38 (size before relaxing)
 .eh_frame      0x000000008020cd5c        0x0 d:/devkitpro/devkitppc/bin/../lib/gcc/powerpc-eabi/10.2.0/../../../../powerpc-eabi/lib\libm.a(lib_a-kf_rem_pio2.o)
                                         0x84 (size before relaxing)
 .eh_frame      0x000000008020cd5c        0x0 d:/devkitpro/devkitppc/bin/../lib/gcc/powerpc-eabi/10.2.0/../../../../powerpc-eabi/lib\libm.a(lib_a-kf_sin.o)
                                         0x34 (size before relaxing)
 .eh_frame      0x000000008020cd5c        0x0 d:/devkitpro/devkitppc/bin/../lib/gcc/powerpc-eabi/10.2.0/../../../../powerpc-eabi/lib\libm.a(lib_a-sf_fabs.o)
                                         0x2c (size before relaxing)
 .eh_frame      0x000000008020cd5c        0x0 d:/devkitpro/devkitppc/bin/../lib/gcc/powerpc-eabi/10.2.0/../../../../powerpc-eabi/lib\libm.a(lib_a-sf_floor.o)
                                         0x34 (size before relaxing)
 .eh_frame      0x000000008020cd5c        0x0 d:/devkitpro/devkitppc/bin/../lib/gcc/powerpc-eabi/10.2.0/../../../../powerpc-eabi/lib\libm.a(lib_a-sf_scalbn.o)
                                         0x3c (size before relaxing)
 .eh_frame      0x000000008020cd5c        0x0 d:/devkitpro/devkitppc/bin/../lib/gcc/powerpc-eabi/10.2.0\libgcc.a(_moddi3.o)
                                         0x44 (size before relaxing)
 .eh_frame      0x000000008020cd5c       0x34 d:/devkitpro/devkitppc/bin/../lib/gcc/powerpc-eabi/10.2.0\libgcc.a(_udivdi3.o)
                                         0x48 (size before relaxing)
 .eh_frame      0x000000008020cd90       0x44 d:/devkitpro/devkitppc/bin/../lib/gcc/powerpc-eabi/10.2.0\libgcc.a(_umoddi3.o)
                                         0x58 (size before relaxing)
 .eh_frame      0x000000008020cdd4       0x18 d:/devkitpro/devkitppc/bin/../lib/gcc/powerpc-eabi/10.2.0/../../../../powerpc-eabi/lib\libsysbase.a(abort.o)
                                         0x2c (size before relaxing)
 .eh_frame      0x000000008020cdec       0x14 d:/devkitpro/devkitppc/bin/../lib/gcc/powerpc-eabi/10.2.0/../../../../powerpc-eabi/lib\libsysbase.a(iosupport.o)
                                        0x128 (size before relaxing)
 .eh_frame      0x000000008020ce00        0x0 d:/devkitpro/devkitppc/bin/../lib/gcc/powerpc-eabi/10.2.0/../../../../powerpc-eabi/lib\libsysbase.a(usleep.o)
                                         0x40 (size before relaxing)
 .eh_frame      0x000000008020ce00       0x20 d:/devkitpro/devkitppc/bin/../lib/gcc/powerpc-eabi/10.2.0/../../../../powerpc-eabi/lib\libsysbase.a(_exit.o)
                                         0x34 (size before relaxing)
 .eh_frame      0x000000008020ce20       0x14 d:/devkitpro/devkitppc/bin/../lib/gcc/powerpc-eabi/10.2.0/../../../../powerpc-eabi/lib\libsysbase.a(build_argv.o)
                                         0x28 (size before relaxing)
 .eh_frame      0x000000008020ce34        0x0 d:/devkitpro/devkitppc/bin/../lib/gcc/powerpc-eabi/10.2.0/../../../../powerpc-eabi/lib\libsysbase.a(nanosleep.o)
                                         0x34 (size before relaxing)
 .eh_frame      0x000000008020ce34       0x14 d:/devkitpro/devkitppc/bin/../lib/gcc/powerpc-eabi/10.2.0/../../../../powerpc-eabi/lib\libc.a(lib_a-calloc.o)
                                         0x28 (size before relaxing)
 .eh_frame      0x000000008020ce48       0x30 d:/devkitpro/devkitppc/bin/../lib/gcc/powerpc-eabi/10.2.0/../../../../powerpc-eabi/lib\libc.a(lib_a-callocr.o)
                                         0x44 (size before relaxing)
 .eh_frame      0x000000008020ce78        0x0 d:/devkitpro/devkitppc/bin/../lib/gcc/powerpc-eabi/10.2.0/../../../../powerpc-eabi/lib\libc.a(lib_a-ctype_.o)
                                         0x28 (size before relaxing)
 .eh_frame      0x000000008020ce78        0x0 d:/devkitpro/devkitppc/bin/../lib/gcc/powerpc-eabi/10.2.0/../../../../powerpc-eabi/lib\libc.a(lib_a-errno.o)
                                         0x28 (size before relaxing)
 .eh_frame      0x000000008020ce78       0x20 d:/devkitpro/devkitppc/bin/../lib/gcc/powerpc-eabi/10.2.0/../../../../powerpc-eabi/lib\libc.a(lib_a-exit.o)
                                         0x34 (size before relaxing)
 .eh_frame      0x000000008020ce98        0x0 d:/devkitpro/devkitppc/bin/../lib/gcc/powerpc-eabi/10.2.0/../../../../powerpc-eabi/lib\libc.a(lib_a-malign.o)
                                         0x28 (size before relaxing)
 .eh_frame      0x000000008020ce98        0x0 d:/devkitpro/devkitppc/bin/../lib/gcc/powerpc-eabi/10.2.0/../../../../powerpc-eabi/lib\libc.a(lib_a-malignr.o)
                                         0x74 (size before relaxing)
 .eh_frame      0x000000008020ce98       0x28 d:/devkitpro/devkitppc/bin/../lib/gcc/powerpc-eabi/10.2.0/../../../../powerpc-eabi/lib\libc.a(lib_a-malloc.o)
                                         0x3c (size before relaxing)
 .eh_frame      0x000000008020cec0       0xe8 d:/devkitpro/devkitppc/bin/../lib/gcc/powerpc-eabi/10.2.0/../../../../powerpc-eabi/lib\libc.a(lib_a-mallocr.o)
                                         0xfc (size before relaxing)
 .eh_frame      0x000000008020cfa8       0x14 d:/devkitpro/devkitppc/bin/../lib/gcc/powerpc-eabi/10.2.0/../../../../powerpc-eabi/lib\libc.a(lib_a-memcpy.o)
                                         0x28 (size before relaxing)