Archive member included to satisfy reference by file (symbol)

D:\devkitpro/libogc/lib/cube\libogc.a(system.o)
                              d:/devkitpro/devkitppc/bin/../lib/gcc/powerpc-eabi/10.2.0/../../../../powerpc-eabi/lib/crtmain.o (SYS_PreMain)
D:\devkitpro/libogc/lib/cube\libogc.a(system_asm.o)
                              D:\devkitpro/libogc/lib/cube\libogc.a(system.o) (__reset)
D:\devkitpro/libogc/lib/cube\libogc.a(cond.o)
                              D:\devkitpro/libogc/lib/cube\libogc.a(system.o) (__lwp_cond_init)
D:\devkitpro/libogc/lib/cube\libogc.a(decrementer.o)
                              D:\devkitpro/libogc/lib/cube\libogc.a(system.o) (__decrementer_init)
D:\devkitpro/libogc/lib/cube\libogc.a(message.o)
                              D:\devkitpro/libogc/lib/cube\libogc.a(system.o) (__lwp_mqbox_init)
D:\devkitpro/libogc/lib/cube\libogc.a(si.o)
                              D:\devkitpro/libogc/lib/cube\libogc.a(system.o) (__si_init)
D:\devkitpro/libogc/lib/cube\libogc.a(ogc_crt0.o)
                              (_start)
D:\devkitpro/libogc/lib/cube\libogc.a(timesupp.o)
                              D:\devkitpro/libogc/lib/cube\libogc.a(system.o) (gettick)
D:\devkitpro/libogc/lib/cube\libogc.a(lock_supp.o)
                              D:\devkitpro/libogc/lib/cube\libogc.a(system.o) (__libogc_lock_init)
D:\devkitpro/libogc/lib/cube\libogc.a(newlibc.o)
                              D:\devkitpro/libogc/lib/cube\libogc.a(system.o) (__libc_init)
D:\devkitpro/libogc/lib/cube\libogc.a(sbrk.o)
                              D:\devkitpro/libogc/lib/cube\libogc.a(system.o) (__libogc_sbrk_r)
D:\devkitpro/libogc/lib/cube\libogc.a(malloc_lock.o)
                              D:\devkitpro/libogc/lib/cube\libogc.a(system.o) (__memlock_init)
D:\devkitpro/libogc/lib/cube\libogc.a(argv.o)
                              D:\devkitpro/libogc/lib/cube\libogc.a(ogc_crt0.o) (__CheckARGV)
D:\devkitpro/libogc/lib/cube\libogc.a(lwp_priority.o)
                              D:\devkitpro/libogc/lib/cube\libogc.a(system.o) (__lwp_priority_init)
D:\devkitpro/libogc/lib/cube\libogc.a(lwp_threadq.o)
                              D:\devkitpro/libogc/lib/cube\libogc.a(cond.o) (__lwp_threadqueue_init)
D:\devkitpro/libogc/lib/cube\libogc.a(lwp_threads.o)
                              D:\devkitpro/libogc/lib/cube\libogc.a(cond.o) (_thr_executing)
D:\devkitpro/libogc/lib/cube\libogc.a(lwp_messages.o)
                              D:\devkitpro/libogc/lib/cube\libogc.a(message.o) (__lwpmq_initialize)
D:\devkitpro/libogc/lib/cube\libogc.a(lwp.o)
                              D:\devkitpro/libogc/lib/cube\libogc.a(system.o) (__lwp_sysinit)
D:\devkitpro/libogc/lib/cube\libogc.a(lwp_handler.o)
                              D:\devkitpro/libogc/lib/cube\libogc.a(lwp_threads.o) (_cpu_context_save_fp)
D:\devkitpro/libogc/lib/cube\libogc.a(lwp_stack.o)
                              D:\devkitpro/libogc/lib/cube\libogc.a(lwp_threads.o) (__lwp_stack_allocate)
D:\devkitpro/libogc/lib/cube\libogc.a(lwp_mutex.o)
                              D:\devkitpro/libogc/lib/cube\libogc.a(malloc_lock.o) (__lwp_mutex_initialize)
D:\devkitpro/libogc/lib/cube\libogc.a(lwp_watchdog.o)
                              D:\devkitpro/libogc/lib/cube\libogc.a(system.o) (__lwp_watchdog_init)
D:\devkitpro/libogc/lib/cube\libogc.a(lwp_wkspace.o)
                              D:\devkitpro/libogc/lib/cube\libogc.a(system.o) (__lwp_wkspace_init)
D:\devkitpro/libogc/lib/cube\libogc.a(lwp_objmgr.o)
                              D:\devkitpro/libogc/lib/cube\libogc.a(system.o) (__lwp_objmgr_initinfo)
D:\devkitpro/libogc/lib/cube\libogc.a(lwp_heap.o)
                              D:\devkitpro/libogc/lib/cube\libogc.a(lwp_wkspace.o) (__lwp_heap_init)
D:\devkitpro/libogc/lib/cube\libogc.a(sys_state.o)
                              D:\devkitpro/libogc/lib/cube\libogc.a(system.o) (_sys_state_curr)
D:\devkitpro/libogc/lib/cube\libogc.a(exception.o)
                              D:\devkitpro/libogc/lib/cube\libogc.a(system.o) (__systemcall_init)
D:\devkitpro/libogc/lib/cube\libogc.a(irq.o)
                              D:\devkitpro/libogc/lib/cube\libogc.a(system.o) (__UnmaskIrq)
D:\devkitpro/libogc/lib/cube\libogc.a(irq_handler.o)
                              D:\devkitpro/libogc/lib/cube\libogc.a(exception.o) (irq_exceptionhandler)
D:\devkitpro/libogc/lib/cube\libogc.a(semaphore.o)
                              D:\devkitpro/libogc/lib/cube\libogc.a(system.o) (__lwp_sema_init)
D:\devkitpro/libogc/lib/cube\libogc.a(video.o)
                              D:\devkitpro/libogc/lib/cube\libogc.a(exception.o) (VIDEO_SetFramebuffer)
D:\devkitpro/libogc/lib/cube\libogc.a(pad.o)
                              D:\devkitpro/libogc/lib/cube\libogc.a(system.o) (__PADDisableRecalibration)
D:\devkitpro/libogc/lib/cube\libogc.a(exi.o)
                              D:\devkitpro/libogc/lib/cube\libogc.a(system.o) (EXI_Lock)
D:\devkitpro/libogc/lib/cube\libogc.a(mutex.o)
[...]
Memory Configuration

Name             Origin             Length             Attributes
*default*        0x0000000000000000 0xffffffffffffffff

Linker script and memory map

                0x0000000080003100                . = 0x80003100

.init           0x0000000080003100      0x194
 *crt0.o(*.init)
 .init          0x0000000080003100      0x170 D:\devkitpro/libogc/lib/cube\libogc.a(ogc_crt0.o)
                0x0000000080003100                _start
                0x0000000080003240                _memset
 *(.init)
 .init          0x0000000080003270        0xc d:/devkitpro/devkitppc/bin/../lib/gcc/powerpc-eabi/10.2.0/ecrti.o
                0x0000000080003270                __init
 .init          0x000000008000327c        0x4 d:/devkitpro/devkitppc/bin/../lib/gcc/powerpc-eabi/10.2.0/crtbegin.o
 .init          0x0000000080003280        0x4 d:/devkitpro/devkitppc/bin/../lib/gcc/powerpc-eabi/10.2.0/crtend.o
 .init          0x0000000080003284       0x10 d:/devkitpro/devkitppc/bin/../lib/gcc/powerpc-eabi/10.2.0/ecrtn.o

.rela.dyn       0x0000000080003294        0x0
 .rela.iplt     0x0000000080003294        0x0 d:/devkitpro/devkitppc/bin/../lib/gcc/powerpc-eabi/10.2.0/crtbegin.o

.plt
 *(.plt)

.interp
 *(.interp)

.hash
 *(.hash)

.dynsym
 *(.dynsym)

.dynstr
 *(.dynstr)

.gnu.version
 *(.gnu.version)

.gnu.version_d
 *(.gnu.version_d)

.gnu.version_r
 *(.gnu.version_r)

.rel.init
 *(.rel.init)

.rela.init      0x0000000080003294        0x0
 *(.rela.init)
 .rela.init     0x0000000080003294        0x0 d:/devkitpro/devkitppc/bin/../lib/gcc/powerpc-eabi/10.2.0/crtbegin.o

.rel.text
 *(.rel.text .rel.text.* .rel.gnu.linkonce.t.*)

.rela.text      0x0000000080003294        0x0
 *(.rela.text .rela.text.* .rela.gnu.linkonce.t.*)
 .rela.text.deregister_tm_clones
                0x0000000080003294        0x0 d:/devkitpro/devkitppc/bin/../lib/gcc/powerpc-eabi/10.2.0/crtbegin.o
 .rela.text.register_tm_clones
                0x0000000080003294        0x0 d:/devkitpro/devkitppc/bin/../lib/gcc/powerpc-eabi/10.2.0/crtbegin.o
 .rela.text.__do_global_dtors_aux
                0x0000000080003294        0x0 d:/devkitpro/devkitppc/bin/../lib/gcc/powerpc-eabi/10.2.0/crtbegin.o
 .rela.text.frame_dummy
                0x0000000080003294        0x0 d:/devkitpro/devkitppc/bin/../lib/gcc/powerpc-eabi/10.2.0/crtbegin.o
 .rela.text.SYS_Init
                0x0000000080003294        0x0 d:/devkitpro/devkitppc/bin/../lib/gcc/powerpc-eabi/10.2.0/crtbegin.o
 .rela.text.__CheckARGV
                0x0000000080003294        0x0 d:/devkitpro/devkitppc/bin/../lib/gcc/powerpc-eabi/10.2.0/crtbegin.o
 .rela.text.__lwp_sysinit
                0x0000000080003294        0x0 d:/devkitpro/devkitppc/bin/../lib/gcc/powerpc-eabi/10.2.0/crtbegin.o
 .rela.text.__irq_init
                0x0000000080003294        0x0 d:/devkitpro/devkitppc/bin/../lib/gcc/powerpc-eabi/10.2.0/crtbegin.o
 .rela.text.GX_AbortFrame
                0x0000000080003294        0x0 d:/devkitpro/devkitppc/bin/../lib/gcc/powerpc-eabi/10.2.0/crtbegin.o

.rel.fini
 *(.rel.fini)

.rela.fini
 *(.rela.fini)

.rel.rodata
 *(.rel.rodata .rel.rodata.* .rel.gnu.linkonce.r.*)

.rela.rodata
 *(.rela.rodata .rela.rodata.* .rela.gnu.linkonce.r.*)

.rel.data
 *(.rel.data .rel.data.* .rel.gnu.linkonce.d.*)

.rela.data
 *(.rela.data .rela.data.* .rela.gnu.linkonce.d.*)

.rel.tdata
 *(.rel.tdata .rel.tdata.* .rel.gnu.linkonce.td.*)

.rela.tdata
 *(.rela.tdata .rela.tdata.* .rela.gnu.linkonce.td.*)

.rel.tbss
 *(.rel.tbss .rel.tbss.* .rel.gnu.linkonce.tb.*)

.rela.tbss
 *(.rela.tbss .rela.tbss.* .rela.gnu.linkonce.tb.*)

.rel.ctors
 *(.rel.ctors)

.rela.ctors
 *(.rela.ctors)

.rel.dtors
 *(.rel.dtors)

.rela.dtors
 *(.rela.dtors)

.rel.got
 *(.rel.got)

.rela.got
 *(.rela.got)

.rela.got1
 *(.rela.got1)

.rela.got2
 *(.rela.got2)

.rel.sdata
 *(.rel.sdata .rel.sdata.* .rel.gnu.linkonce.s.*)

.rela.sdata
 *(.rela.sdata .rela.sdata.* .rela.gnu.linkonce.s.*)

.rel.sbss
 *(.rel.sbss .rel.sbss.* .rel.gnu.linkonce.sb.*)

.rela.sbss
 *(.rela.sbss .rela.sbss.* .rel.gnu.linkonce.sb.*)

.rel.sdata2
 *(.rel.sdata2 .rel.sdata2.* .rel.gnu.linkonce.s2.*)

.rela.sdata2    0x0000000080003294        0x0
 *(.rela.sdata2 .rela.sdata2.* .rela.gnu.linkonce.s2.*)
 .rela.sdata2.__sys_inIPL
                0x0000000080003294        0x0 d:/devkitpro/devkitppc/bin/../lib/gcc/powerpc-eabi/10.2.0/crtbegin.o

.rel.sbss2
 *(.rel.sbss2 .rel.sbss2.* .rel.gnu.linkonce.sb2.*)

.rela.sbss2
 *(.rela.sbss2 .rela.sbss2.* .rela.gnu.linkonce.sb2.*)

.rel.bss
 *(.rel.bss .rel.bss.* .rel.gnu.linkonce.b.*)

.rela.bss
 *(.rela.bss .rela.bss.* .rela.gnu.linkonce.b.*)

.rel.plt
 *(.rel.plt)

.rela.plt
 *(.rela.plt)

.text           0x00000000800032a0    0x1a8a0
 *(.text)
 .text          0x00000000800032a0      0x434 D:\devkitpro/libogc/lib/cube\libogc.a(system_asm.o)
                0x00000000800032a0                __realmode
                0x00000000800032b8                __configBATS
                0x000000008000338c                __InitFPRS
                0x00000000800034b8                __InitPS
                0x0000000080003514                __InitCache
                0x000000008000356c                __InitSystem
                0x00000000800035e4                __flush_cache
                0x0000000080003618                __reset
                0x0000000080003688                __InitBATS
                0x00000000800036a4                SYS_SwitchFiber
 *fill*         0x00000000800036d4        0xc 00000000
 .text          0x00000000800036e0      0x44c D:\devkitpro/libogc/lib/cube\libogc.a(lwp_handler.o)
                0x00000000800036e0                _cpu_context_save_fp
                0x0000000080003820                _cpu_context_restore_fp
                0x0000000080003960                _cpu_context_switch
                0x0000000080003a40                _cpu_context_save
                0x0000000080003ac0                _cpu_context_restore
 .text          0x0000000080003b2c      0x1ac D:\devkitpro/libogc/lib/cube\libogc.a(irq_handler.o)
                0x0000000080003b2c                irq_exceptionhandler
 .text          0x0000000080003cd8      0x4f4 D:\devkitpro/libogc/lib/cube\libogc.a(cache_asm.o)
                0x0000000080003cd8                DCFlashInvalidate
                0x0000000080003cec                DCEnable
                0x0000000080003d00                DCDisable
                0x0000000080003d14                DCFreeze
                0x0000000080003d28                DCUnfreeze
                0x0000000080003d3c                DCTouchLoad
                0x0000000080003d44                DCBlockZero
                0x0000000080003d4c                DCBlockStore
                0x0000000080003d54                DCBlockFlush
                0x0000000080003d5c                DCBlockInvalidate
                0x0000000080003d64                DCInvalidateRange
                0x0000000080003d94                DCFlushRange
                0x0000000080003dc8                DCStoreRange
                0x0000000080003dfc                DCFlushRangeNoSync
                0x0000000080003e2c                DCStoreRangeNoSync
                0x0000000080003e5c                DCZeroRange
                0x0000000080003e8c                DCTouchRange
                0x0000000080003ebc                ICInvalidateRange
                0x0000000080003ef4                ICFlashInvalidate
                0x0000000080003f08                ICEnable
                0x0000000080003f1c                ICDisable
                0x0000000080003f30                ICFreeze
                0x0000000080003f44                ICUnfreeze
                0x0000000080003f58                ICBlockInvalidate
                0x0000000080003f60                ICSync
                0x0000000080003f68                L2Init
                0x0000000080003fb0                L2Enable
                0x0000000080003fcc                L2Disable
                0x0000000080003fe4                L2GlobalInvalidate
                0x000000008000403c                __LCEnable
                0x0000000080004108                LCDisable
                0x0000000080004130                LCAllocOneTag
                0x0000000080004144                LCAllocTags
                0x0000000080004184                LCLoadBlocks
                0x00000000800041a8                LCStoreBlocks
 .text          0x00000000800041cc      0x1ac D:\devkitpro/libogc/lib/cube\libogc.a(decrementer_handler.o)
                0x00000000800041cc                dec_exceptionhandler
 .text          0x0000000080004378      0x35c D:\devkitpro/libogc/lib/cube\libogc.a(exception_handler.o)
                0x0000000080004378                exceptionhandler_start
                0x00000000800043f4                exceptionhandler_patch
                0x0000000080004428                exceptionhandler_end
                0x000000008000442c                default_exceptionhandler
                0x000000008000455c                fpu_exceptionhandler
                0x00000000800046a4                systemcallhandler_start
                0x00000000800046d0                systemcallhandler_end
 .text          0x00000000800046d4       0x48 d:/devkitpro/devkitppc/bin/../lib/gcc/powerpc-eabi/10.2.0\libgcc.a(eabi.o)
                0x00000000800046d4                __eabi
 *(.text.*)
 .text.deregister_tm_clones
                0x000000008000471c       0x30 d:/devkitpro/devkitppc/bin/../lib/gcc/powerpc-eabi/10.2.0/crtbegin.o
 .text.register_tm_clones
                0x000000008000474c       0x3c d:/devkitpro/devkitppc/bin/../lib/gcc/powerpc-eabi/10.2.0/crtbegin.o
 .text.__do_global_dtors_aux
                0x0000000080004788       0xd0 d:/devkitpro/devkitppc/bin/../lib/gcc/powerpc-eabi/10.2.0/crtbegin.o
 .text.frame_dummy
                0x0000000080004858       0x44 d:/devkitpro/devkitppc/bin/../lib/gcc/powerpc-eabi/10.2.0/crtbegin.o
 .text.__crtmain
                0x000000008000489c       0x44 d:/devkitpro/devkitppc/bin/../lib/gcc/powerpc-eabi/10.2.0/../../../../powerpc-eabi/lib/crtmain.o
                0x00000000800048a0                __crtmain
 .text.main     0x00000000800048e0       0x44 main.o
                0x00000000800048e0                main
 .text.out_to_SIO
                0x0000000080004924       0x3c output.o
                0x0000000080004924                out_to_SIO
 .text.init_output
                0x0000000080004960       0x44 output.o
                0x0000000080004960                init_output
 .text.stop     0x00000000800049a4       0x10 single_fuzzer/single_fuzzer.o
 .text.do_test_single
                0x00000000800049b4      0x118 single_fuzzer/single_fuzzer.o
                0x00000000800049b4                do_test_single
 .text.single_fuzzer_main
                0x0000000080004acc      0x1a4 single_fuzzer/single_fuzzer.o
                0x0000000080004acc                single_fuzzer_main
 .text.__reload
                0x0000000080004c70       0x14 D:\devkitpro/libogc/lib/cube\libogc.a(system.o)
                0x0000000080004c70                __reload
 .text.__call_resetfuncs
                0x0000000080004c84       0xbc D:\devkitpro/libogc/lib/cube\libogc.a(system.o)
 .text.__MEMInterruptHandler
                0x0000000080004d40       0x14 D:\devkitpro/libogc/lib/cube\libogc.a(system.o)
 .text.__RSWDefaultHandler
                0x0000000080004d54        0x4 D:\devkitpro/libogc/lib/cube\libogc.a(system.o)
 .text.__RSWHandler
                0x0000000080004d58       0xf4 D:\devkitpro/libogc/lib/cube\libogc.a(system.o)
 .text.__sys_alarmhandler
                0x0000000080004e4c       0xfc D:\devkitpro/libogc/lib/cube\libogc.a(system.o)
 .text.__sram_write
                0x0000000080004f48      0x148 D:\devkitpro/libogc/lib/cube\libogc.a(system.o)
 .text.__sram_writecallback
                0x0000000080005090       0x54 D:\devkitpro/libogc/lib/cube\libogc.a(system.o)
 .text.__mem_onreset
                0x00000000800050e4       0x48 D:\devkitpro/libogc/lib/cube\libogc.a(system.o)
 .text.__unlocksram
                0x000000008000512c      0x178 D:\devkitpro/libogc/lib/cube\libogc.a(system.o)
 .text.__syscall_sbrk_r
                0x00000000800052a4        0x4 D:\devkitpro/libogc/lib/cube\libogc.a(system.o)
                0x00000000800052a4                __syscall_sbrk_r
 .text.__syscall_lock_init
                0x00000000800052a8        0x4 D:\devkitpro/libogc/lib/cube\libogc.a(system.o)
                0x00000000800052a8                __syscall_lock_init
 .text.__syscall_lock_close
                0x00000000800052ac        0x4 D:\devkitpro/libogc/lib/cube\libogc.a(system.o)
                0x00000000800052ac                __syscall_lock_close
 .text.__syscall_lock_release
                0x00000000800052b0        0x4 D:\devkitpro/libogc/lib/cube\libogc.a(system.o)
                0x00000000800052b0                __syscall_lock_release
 .text.__syscall_lock_acquire
                0x00000000800052b4        0x4 D:\devkitpro/libogc/lib/cube\libogc.a(system.o)
                0x00000000800052b4                __syscall_lock_acquire
 .text.__syscall_malloc_lock
                0x00000000800052b8        0x4 D:\devkitpro/libogc/lib/cube\libogc.a(system.o)
                0x00000000800052b8                __syscall_malloc_lock
 .text.__syscall_malloc_unlock
                0x00000000800052bc        0x4 D:\devkitpro/libogc/lib/cube\libogc.a(system.o)
                0x00000000800052bc                __syscall_malloc_unlock
 .text.__SYS_PreInit
                0x00000000800052c0        0x4 D:\devkitpro/libogc/lib/cube\libogc.a(system.o)
                0x00000000800052c0                __SYS_PreInit
 .text.SYS_PreMain
                0x00000000800052c4        0x4 D:\devkitpro/libogc/lib/cube\libogc.a(system.o)
                0x00000000800052c4                SYS_PreMain
 .text.SYS_ResetButtonDown
                0x00000000800052c8       0x18 D:\devkitpro/libogc/lib/cube\libogc.a(system.o)
                0x00000000800052c8                SYS_ResetButtonDown
 .text.SYS_ResetSystem
                0x00000000800052e0      0x300 D:\devkitpro/libogc/lib/cube\libogc.a(system.o)
                0x00000000800052e0                SYS_ResetSystem
 .text.__syscall_exit
                0x00000000800055e0       0x34 D:\devkitpro/libogc/lib/cube\libogc.a(system.o)
                0x00000000800055e0                __syscall_exit
 .text.SYS_RegisterResetFunc
                0x0000000080005614       0x78 D:\devkitpro/libogc/lib/cube\libogc.a(system.o)
                0x0000000080005614                SYS_RegisterResetFunc
 .text.SYS_SetArena1Lo
                0x000000008000568c       0x38 D:\devkitpro/libogc/lib/cube\libogc.a(system.o)
                0x000000008000568c                SYS_SetArena1Lo
 .text.SYS_GetArena1Lo
                0x00000000800056c4       0x38 D:\devkitpro/libogc/lib/cube\libogc.a(system.o)
                0x00000000800056c4                SYS_GetArena1Lo
 .text.SYS_GetArena1Hi
                0x00000000800056fc       0x38 D:\devkitpro/libogc/lib/cube\libogc.a(system.o)
                0x00000000800056fc                SYS_GetArena1Hi
 .text.SYS_CreateAlarm
                0x0000000080005734      0x10c D:\devkitpro/libogc/lib/cube\libogc.a(system.o)
                0x0000000080005734                SYS_CreateAlarm
 .text.SYS_SetAlarm
                0x0000000080005840      0x1e8 D:\devkitpro/libogc/lib/cube\libogc.a(system.o)
                0x0000000080005840                SYS_SetAlarm
 .text.SYS_CancelAlarm
                0x0000000080005a28       0xdc D:\devkitpro/libogc/lib/cube\libogc.a(system.o)
                0x0000000080005a28                SYS_CancelAlarm
 .text.SYS_SetWirelessID
                0x0000000080005b04       0x94 D:\devkitpro/libogc/lib/cube\libogc.a(system.o)
                0x0000000080005b04                SYS_SetWirelessID
 .text.SYS_GetWirelessID
                0x0000000080005b98       0x90 D:\devkitpro/libogc/lib/cube\libogc.a(system.o)
                0x0000000080005b98                SYS_GetWirelessID
 .text.SYS_SetGBSMode
                0x0000000080005c28       0xa8 D:\devkitpro/libogc/lib/cube\libogc.a(system.o)
                0x0000000080005c28                SYS_SetGBSMode
 .text.__sram_init
                0x0000000080005cd0      0x1b0 D:\devkitpro/libogc/lib/cube\libogc.a(system.o)
                0x0000000080005cd0                __sram_init
 .text.SYS_Init
                0x0000000080005e80      0x664 D:\devkitpro/libogc/lib/cube\libogc.a(system.o)
                0x0000000080005e80                SYS_Init
 .text.__lwp_cond_init
                0x00000000800064e4       0x14 D:\devkitpro/libogc/lib/cube\libogc.a(cond.o)
                0x00000000800064e4                __lwp_cond_init
 .text.__decrementer_init
                0x00000000800064f8        0x4 D:\devkitpro/libogc/lib/cube\libogc.a(decrementer.o)
                0x00000000800064f8                __decrementer_init
 .text.c_decrementer_handler
                0x00000000800064fc        0xc D:\devkitpro/libogc/lib/cube\libogc.a(decrementer.o)
                0x00000000800064fc                c_decrementer_handler
 .text.__lwp_mqbox_init
                0x0000000080006508       0x14 D:\devkitpro/libogc/lib/cube\libogc.a(message.o)
                0x0000000080006508                __lwp_mqbox_init
 .text.__si_transfer
                0x000000008000651c      0x188 D:\devkitpro/libogc/lib/cube\libogc.a(si.o)
 .text.__si_alarmhandler
                0x00000000800066a4      0x10c D:\devkitpro/libogc/lib/cube\libogc.a(si.o)
 .text.__si_completetransfer
                0x00000000800067b0      0x1f8 D:\devkitpro/libogc/lib/cube\libogc.a(si.o)
 .text.__si_transfernext
                0x00000000800069a8      0x294 D:\devkitpro/libogc/lib/cube\libogc.a(si.o)
 .text.SI_Busy  0x0000000080006c3c       0x18 D:\devkitpro/libogc/lib/cube\libogc.a(si.o)
                0x0000000080006c3c                SI_Busy
 .text.SI_IsChanBusy
                0x0000000080006c54       0x38 D:\devkitpro/libogc/lib/cube\libogc.a(si.o)
                0x0000000080006c54                SI_IsChanBusy
 .text.SI_SetXY
                0x0000000080006c8c       0x64 D:\devkitpro/libogc/lib/cube\libogc.a(si.o)
                0x0000000080006c8c                SI_SetXY
 .text.SI_EnablePolling
                0x0000000080006cf0       0x80 D:\devkitpro/libogc/lib/cube\libogc.a(si.o)
                0x0000000080006cf0                SI_EnablePolling
 .text.SI_DisablePolling
                0x0000000080006d70       0x58 D:\devkitpro/libogc/lib/cube\libogc.a(si.o)
                0x0000000080006d70                SI_DisablePolling
 .text.SI_SetSamplingRate
                0x0000000080006dc8       0xdc D:\devkitpro/libogc/lib/cube\libogc.a(si.o)
                0x0000000080006dc8                SI_SetSamplingRate
 .text.SI_RefreshSamplingRate
                0x0000000080006ea4        0x8 D:\devkitpro/libogc/lib/cube\libogc.a(si.o)
                0x0000000080006ea4                SI_RefreshSamplingRate
 .text.SI_GetStatus
                0x0000000080006eac       0x78 D:\devkitpro/libogc/lib/cube\libogc.a(si.o)
                0x0000000080006eac                SI_GetStatus
 .text.SI_GetResponseRaw
                0x0000000080006f24       0xe8 D:\devkitpro/libogc/lib/cube\libogc.a(si.o)
                0x0000000080006f24                SI_GetResponseRaw
 .text.SI_GetResponse
                0x000000008000700c       0xb8 D:\devkitpro/libogc/lib/cube\libogc.a(si.o)
                0x000000008000700c                SI_GetResponse
 .text.SI_SetCommand
                0x00000000800070c4       0x10 D:\devkitpro/libogc/lib/cube\libogc.a(si.o)
                0x00000000800070c4                SI_SetCommand
 .text.SI_Transfer
                0x00000000800070d4      0x274 D:\devkitpro/libogc/lib/cube\libogc.a(si.o)
                0x00000000800070d4                SI_Transfer
 .text.__si_gettypecallback
                0x0000000080007348      0x2c4 D:\devkitpro/libogc/lib/cube\libogc.a(si.o)
 .text.__si_interrupthandler
                0x000000008000760c      0x2bc D:\devkitpro/libogc/lib/cube\libogc.a(si.o)
 .text.SI_GetType
                0x00000000800078c8      0x214 D:\devkitpro/libogc/lib/cube\libogc.a(si.o)
                0x00000000800078c8                SI_GetType
 .text.SI_GetTypeAsync
                0x0000000080007adc      0x1a4 D:\devkitpro/libogc/lib/cube\libogc.a(si.o)
                0x0000000080007adc                SI_GetTypeAsync
 .text.SI_EnablePollingInterrupt
                0x0000000080007c80       0x80 D:\devkitpro/libogc/lib/cube\libogc.a(si.o)
                0x0000000080007c80                SI_EnablePollingInterrupt
 .text.SI_UnregisterPollingHandler
                0x0000000080007d00      0x118 D:\devkitpro/libogc/lib/cube\libogc.a(si.o)
                0x0000000080007d00                SI_UnregisterPollingHandler
 .text.__si_init
                0x0000000080007e18       0xe8 D:\devkitpro/libogc/lib/cube\libogc.a(si.o)
                0x0000000080007e18                __si_init
 .text.gettick  0x0000000080007f00        0x8 D:\devkitpro/libogc/lib/cube\libogc.a(timesupp.o)
                0x0000000080007f00                gettick
 .text.gettime  0x0000000080007f08       0x18 D:\devkitpro/libogc/lib/cube\libogc.a(timesupp.o)
                0x0000000080007f08                gettime
 .text.diff_usec
                0x0000000080007f20       0x88 D:\devkitpro/libogc/lib/cube\libogc.a(timesupp.o)
                0x0000000080007f20                diff_usec
 .text.__timesystem_init
                0x0000000080007fa8       0x1c D:\devkitpro/libogc/lib/cube\libogc.a(timesupp.o)
                0x0000000080007fa8                __timesystem_init
 .text.udelay   0x0000000080007fc4       0xac D:\devkitpro/libogc/lib/cube\libogc.a(timesupp.o)
                0x0000000080007fc4                udelay
 .text.__libogc_lock_init
                0x0000000080008070       0x78 D:\devkitpro/libogc/lib/cube\libogc.a(lock_supp.o)
                0x0000000080008070                __libogc_lock_init
 .text.__libogc_lock_close
                0x00000000800080e8       0x64 D:\devkitpro/libogc/lib/cube\libogc.a(lock_supp.o)
                0x00000000800080e8                __libogc_lock_close
 .text.__libogc_lock_acquire
                0x000000008000814c       0x20 D:\devkitpro/libogc/lib/cube\libogc.a(lock_supp.o)
                0x000000008000814c                __libogc_lock_acquire
 .text.__libogc_lock_release
                0x000000008000816c       0x20 D:\devkitpro/libogc/lib/cube\libogc.a(lock_supp.o)
                0x000000008000816c                __libogc_lock_release
 .text.__libc_create_hook
                0x000000008000818c       0x10 D:\devkitpro/libogc/lib/cube\libogc.a(newlibc.o)
                0x000000008000818c                __libc_create_hook
 .text.__libc_start_hook
                0x000000008000819c       0x9c D:\devkitpro/libogc/lib/cube\libogc.a(newlibc.o)
                0x000000008000819c                __libc_start_hook
 .text.__libc_delete_hook
                0x0000000080008238      0x108 D:\devkitpro/libogc/lib/cube\libogc.a(newlibc.o)
                0x0000000080008238                __libc_delete_hook
 .text.__libc_init
                0x0000000080008340       0xb0 D:\devkitpro/libogc/lib/cube\libogc.a(newlibc.o)
                0x0000000080008340                __libc_init
 .text.__libogc_sbrk_r
                0x00000000800083f0       0xe0 D:\devkitpro/libogc/lib/cube\libogc.a(sbrk.o)
                0x00000000800083f0                __libogc_sbrk_r
 .text.__memlock_init
                0x00000000800084d0       0x7c D:\devkitpro/libogc/lib/cube\libogc.a(malloc_lock.o)
                0x00000000800084d0                __memlock_init
 .text.__libogc_malloc_lock
                0x000000008000854c      0x1f8 D:\devkitpro/libogc/lib/cube\libogc.a(malloc_lock.o)
                0x000000008000854c                __libogc_malloc_lock
 .text.__libogc_malloc_unlock
                0x0000000080008744       0x64 D:\devkitpro/libogc/lib/cube\libogc.a(malloc_lock.o)
                0x0000000080008744                __libogc_malloc_unlock
 .text.__CheckARGV
                0x00000000800087a8       0x80 D:\devkitpro/libogc/lib/cube\libogc.a(argv.o)
                0x00000000800087a8                __CheckARGV
 .text.__lwp_priority_init
                0x0000000080008828       0x1c D:\devkitpro/libogc/lib/cube\libogc.a(lwp_priority.o)
                0x0000000080008828                __lwp_priority_init
 .text.__lwp_threadqueue_enqueuefifo
                0x0000000080008844      0x144 D:\devkitpro/libogc/lib/cube\libogc.a(lwp_threadq.o)
                0x0000000080008844                __lwp_threadqueue_enqueuefifo
 .text.__lwp_threadqueue_dequeuefifo
                0x0000000080008988      0x14c D:\devkitpro/libogc/lib/cube\libogc.a(lwp_threadq.o)
                0x0000000080008988                __lwp_threadqueue_dequeuefifo
 .text.__lwp_threadqueue_enqueuepriority
                0x0000000080008ad4      0x344 D:\devkitpro/libogc/lib/cube\libogc.a(lwp_threadq.o)
                0x0000000080008ad4                __lwp_threadqueue_enqueuepriority
 .text.__lwp_threadqueue_dequeuepriority
                0x0000000080008e18      0x1d8 D:\devkitpro/libogc/lib/cube\libogc.a(lwp_threadq.o)
                0x0000000080008e18                __lwp_threadqueue_dequeuepriority
 .text.__lwp_threadqueue_init
                0x0000000080008ff0       0x88 D:\devkitpro/libogc/lib/cube\libogc.a(lwp_threadq.o)
                0x0000000080008ff0                __lwp_threadqueue_init
 .text.__lwp_threadqueue_enqueue
                0x0000000080009078      0x138 D:\devkitpro/libogc/lib/cube\libogc.a(lwp_threadq.o)
                0x0000000080009078                __lwp_threadqueue_enqueue
 .text.__lwp_threadqueue_dequeue
                0x00000000800091b0       0x24 D:\devkitpro/libogc/lib/cube\libogc.a(lwp_threadq.o)
                0x00000000800091b0                __lwp_threadqueue_dequeue
 .text.__lwp_threadqueue_flush
                0x00000000800091d4       0x68 D:\devkitpro/libogc/lib/cube\libogc.a(lwp_threadq.o)
                0x00000000800091d4                __lwp_threadqueue_flush
 .text.__lwp_threadqueue_extractfifo
                0x000000008000923c       0xe8 D:\devkitpro/libogc/lib/cube\libogc.a(lwp_threadq.o)
                0x000000008000923c                __lwp_threadqueue_extractfifo
 .text.__lwp_threadqueue_extractpriority
                0x0000000080009324      0x148 D:\devkitpro/libogc/lib/cube\libogc.a(lwp_threadq.o)
                0x0000000080009324                __lwp_threadqueue_extractpriority
 .text.__lwp_threadqueue_timeout
                0x000000008000946c       0xd0 D:\devkitpro/libogc/lib/cube\libogc.a(lwp_threadq.o)
 .text.__lwp_threadqueue_extractproxy
                0x000000008000953c       0x88 D:\devkitpro/libogc/lib/cube\libogc.a(lwp_threadq.o)
                0x000000008000953c                __lwp_threadqueue_extractproxy
 .text.__lwp_isr_in_progress
                0x00000000800095c4        0x8 D:\devkitpro/libogc/lib/cube\libogc.a(lwp_threads.o)
                0x00000000800095c4                __lwp_isr_in_progress
 .text.__thread_dispatch_fp
                0x00000000800095cc       0x88 D:\devkitpro/libogc/lib/cube\libogc.a(lwp_threads.o)
                0x00000000800095cc                __thread_dispatch_fp
 .text.__thread_dispatch
                0x0000000080009654      0x110 D:\devkitpro/libogc/lib/cube\libogc.a(lwp_threads.o)
                0x0000000080009654                __thread_dispatch
 .text.__lwp_thread_resettimeslice
                0x0000000080009764       0xb4 D:\devkitpro/libogc/lib/cube\libogc.a(lwp_threads.o)
                0x0000000080009764                __lwp_thread_resettimeslice
 .text.__lwp_thread_tickle_timeslice
                0x0000000080009818       0xc8 D:\devkitpro/libogc/lib/cube\libogc.a(lwp_threads.o)
                0x0000000080009818                __lwp_thread_tickle_timeslice
 .text.__lwp_thread_setstate
                0x00000000800098e0      0x16c D:\devkitpro/libogc/lib/cube\libogc.a(lwp_threads.o)
                0x00000000800098e0                __lwp_thread_setstate
 .text.__lwp_thread_clearstate
                0x0000000080009a4c       0xe4 D:\devkitpro/libogc/lib/cube\libogc.a(lwp_threads.o)
                0x0000000080009a4c                __lwp_thread_clearstate
 .text.__lwp_thread_settransient
                0x0000000080009b30       0xb4 D:\devkitpro/libogc/lib/cube\libogc.a(lwp_threads.o)
                0x0000000080009b30                __lwp_thread_settransient
 .text.__lwp_thread_changepriority
                0x0000000080009be4      0x1f8 D:\devkitpro/libogc/lib/cube\libogc.a(lwp_threads.o)
                0x0000000080009be4                __lwp_thread_changepriority
 .text.__lwp_thread_ready
                0x0000000080009ddc       0xf0 D:\devkitpro/libogc/lib/cube\libogc.a(lwp_threads.o)
                0x0000000080009ddc                __lwp_thread_ready
 .text.__lwp_thread_init
                0x0000000080009ecc      0x16c D:\devkitpro/libogc/lib/cube\libogc.a(lwp_threads.o)
                0x0000000080009ecc                __lwp_thread_init
 .text.__lwp_thread_close
                0x000000008000a038      0x138 D:\devkitpro/libogc/lib/cube\libogc.a(lwp_threads.o)
                0x000000008000a038                __lwp_thread_close
 .text.__lwp_thread_handler
                0x000000008000a170       0xd8 D:\devkitpro/libogc/lib/cube\libogc.a(lwp_threads.o)
 .text.__lwp_thread_closeall
                0x000000008000a248       0xb4 D:\devkitpro/libogc/lib/cube\libogc.a(lwp_threads.o)
                0x000000008000a248                __lwp_thread_closeall
 .text.__lwp_thread_start
                0x000000008000a2fc       0xe8 D:\devkitpro/libogc/lib/cube\libogc.a(lwp_threads.o)
                0x000000008000a2fc                __lwp_thread_start
 .text.__lwp_thread_startmultitasking
                0x000000008000a3e4       0xac D:\devkitpro/libogc/lib/cube\libogc.a(lwp_threads.o)
                0x000000008000a3e4                __lwp_thread_startmultitasking
 .text.__lwp_thread_stopmultitasking
                0x000000008000a490       0x58 D:\devkitpro/libogc/lib/cube\libogc.a(lwp_threads.o)
                0x000000008000a490                __lwp_thread_stopmultitasking
 .text.__lwp_thread_coreinit
                0x000000008000a4e8       0xc8 D:\devkitpro/libogc/lib/cube\libogc.a(lwp_threads.o)
                0x000000008000a4e8                __lwp_thread_coreinit
 .text.idle_func
                0x000000008000a5b0        0x4 D:\devkitpro/libogc/lib/cube\libogc.a(lwp.o)
 .text.__lwp_sysinit
                0x000000008000a5b4      0x114 D:\devkitpro/libogc/lib/cube\libogc.a(lwp.o)
                0x000000008000a5b4                __lwp_sysinit
 .text.LWP_InitQueue
                0x000000008000a6c8      0x148 D:\devkitpro/libogc/lib/cube\libogc.a(lwp.o)
                0x000000008000a6c8                LWP_InitQueue
 .text.LWP_ThreadSleep
                0x000000008000a810      0x110 D:\devkitpro/libogc/lib/cube\libogc.a(lwp.o)
                0x000000008000a810                LWP_ThreadSleep
 .text.LWP_ThreadBroadcast
                0x000000008000a920       0x88 D:\devkitpro/libogc/lib/cube\libogc.a(lwp.o)
                0x000000008000a920                LWP_ThreadBroadcast
 .text.__lwp_stack_allocate
                0x000000008000a9a8       0x60 D:\devkitpro/libogc/lib/cube\libogc.a(lwp_stack.o)
                0x000000008000a9a8                __lwp_stack_allocate
 .text.__lwp_stack_free
                0x000000008000aa08       0x1c D:\devkitpro/libogc/lib/cube\libogc.a(lwp_stack.o)
                0x000000008000aa08                __lwp_stack_free
 .text.__lwp_mutex_initialize
                0x000000008000aa24       0xa4 D:\devkitpro/libogc/lib/cube\libogc.a(lwp_mutex.o)
                0x000000008000aa24                __lwp_mutex_initialize
 .text.__lwp_mutex_surrender
                0x000000008000aac8      0x164 D:\devkitpro/libogc/lib/cube\libogc.a(lwp_mutex.o)
                0x000000008000aac8                __lwp_mutex_surrender
 .text.__lwp_mutex_seize_irq_blocking
                0x000000008000ac2c       0xf8 D:\devkitpro/libogc/lib/cube\libogc.a(lwp_mutex.o)
                0x000000008000ac2c                __lwp_mutex_seize_irq_blocking
 .text.__lwp_mutex_flush
                0x000000008000ad24        0x4 D:\devkitpro/libogc/lib/cube\libogc.a(lwp_mutex.o)
                0x000000008000ad24                __lwp_mutex_flush
 .text.__lwp_wd_settimer
                0x000000008000ad28       0xe0 D:\devkitpro/libogc/lib/cube\libogc.a(lwp_watchdog.o)
 .text.__lwp_watchdog_init
                0x000000008000ae08       0x2c D:\devkitpro/libogc/lib/cube\libogc.a(lwp_watchdog.o)
                0x000000008000ae08                __lwp_watchdog_init
 .text.__lwp_wd_insert
                0x000000008000ae34      0x1b0 D:\devkitpro/libogc/lib/cube\libogc.a(lwp_watchdog.o)
                0x000000008000ae34                __lwp_wd_insert
 .text.__lwp_wd_remove
                0x000000008000afe4      0x138 D:\devkitpro/libogc/lib/cube\libogc.a(lwp_watchdog.o)
                0x000000008000afe4                __lwp_wd_remove
 .text.__lwp_wd_tickle
                0x000000008000b11c      0x120 D:\devkitpro/libogc/lib/cube\libogc.a(lwp_watchdog.o)
                0x000000008000b11c                __lwp_wd_tickle
 .text.__lwp_wkspace_init
                0x000000008000b23c       0xc0 D:\devkitpro/libogc/lib/cube\libogc.a(lwp_wkspace.o)
                0x000000008000b23c                __lwp_wkspace_init
 .text.__lwp_objmgr_initinfo
                0x000000008000b2fc      0x1a0 D:\devkitpro/libogc/lib/cube\libogc.a(lwp_objmgr.o)
                0x000000008000b2fc                __lwp_objmgr_initinfo
 .text.__lwp_objmgr_getisrdisable
                0x000000008000b49c       0x60 D:\devkitpro/libogc/lib/cube\libogc.a(lwp_objmgr.o)
                0x000000008000b49c                __lwp_objmgr_getisrdisable
 .text.__lwp_objmgr_getnoprotection
                0x000000008000b4fc       0x24 D:\devkitpro/libogc/lib/cube\libogc.a(lwp_objmgr.o)
                0x000000008000b4fc                __lwp_objmgr_getnoprotection
 .text.__lwp_objmgr_get
                0x000000008000b520       0x70 D:\devkitpro/libogc/lib/cube\libogc.a(lwp_objmgr.o)
                0x000000008000b520                __lwp_objmgr_get
 .text.__lwp_objmgr_allocate
                0x000000008000b590       0x88 D:\devkitpro/libogc/lib/cube\libogc.a(lwp_objmgr.o)
                0x000000008000b590                __lwp_objmgr_allocate
 .text.__lwp_objmgr_free
                0x000000008000b618       0x60 D:\devkitpro/libogc/lib/cube\libogc.a(lwp_objmgr.o)
                0x000000008000b618                __lwp_objmgr_free
 .text.__lwp_heap_init
                0x000000008000b678       0xa4 D:\devkitpro/libogc/lib/cube\libogc.a(lwp_heap.o)
                0x000000008000b678                __lwp_heap_init
 .text.__lwp_heap_allocate
                0x000000008000b71c      0x16c D:\devkitpro/libogc/lib/cube\libogc.a(lwp_heap.o)
                0x000000008000b71c                __lwp_heap_allocate
 .text.__lwp_heap_free
                0x000000008000b888      0x188 D:\devkitpro/libogc/lib/cube\libogc.a(lwp_heap.o)
                0x000000008000b888                __lwp_heap_free
 .text.__systemcall_init
                0x000000008000ba10       0x70 D:\devkitpro/libogc/lib/cube\libogc.a(exception.o)
                0x000000008000ba10                __systemcall_init
 .text.__exception_init
                0x000000008000ba80      0x12c D:\devkitpro/libogc/lib/cube\libogc.a(exception.o)
                0x000000008000ba80                __exception_init
 .text.__exception_close
                0x000000008000bbac       0xac D:\devkitpro/libogc/lib/cube\libogc.a(exception.o)
                0x000000008000bbac                __exception_close
 .text.__exception_closeall
                0x000000008000bc58       0x70 D:\devkitpro/libogc/lib/cube\libogc.a(exception.o)
                0x000000008000bc58                __exception_closeall
 .text.c_default_exceptionhandler
                0x000000008000bcc8      0x444 D:\devkitpro/libogc/lib/cube\libogc.a(exception.o)
                0x000000008000bcc8                c_default_exceptionhandler
 .text.__SetInterrupts
                0x000000008000c10c      0x28c D:\devkitpro/libogc/lib/cube\libogc.a(irq.o)
 .text.c_irqdispatcher
                0x000000008000c398      0x2a0 D:\devkitpro/libogc/lib/cube\libogc.a(irq.o)
                0x000000008000c398                c_irqdispatcher
 .text.__UnmaskIrq
                0x000000008000c638       0x84 D:\devkitpro/libogc/lib/cube\libogc.a(irq.o)
                0x000000008000c638                __UnmaskIrq
 .text.__MaskIrq
                0x000000008000c6bc       0x84 D:\devkitpro/libogc/lib/cube\libogc.a(irq.o)
                0x000000008000c6bc                __MaskIrq
 .text.__irq_init
                0x000000008000c740       0x9c D:\devkitpro/libogc/lib/cube\libogc.a(irq.o)
                0x000000008000c740                __irq_init
 .text.IRQ_Request
                0x000000008000c7dc       0x50 D:\devkitpro/libogc/lib/cube\libogc.a(irq.o)
                0x000000008000c7dc                IRQ_Request
 .text.IRQ_GetHandler
                0x000000008000c82c       0x44 D:\devkitpro/libogc/lib/cube\libogc.a(irq.o)
                0x000000008000c82c                IRQ_GetHandler
 .text.__lwp_sema_init
                0x000000008000c870       0x14 D:\devkitpro/libogc/lib/cube\libogc.a(semaphore.o)
                0x000000008000c870                __lwp_sema_init
 .text.__setFbbRegs.constprop.0
                0x000000008000c884      0x198 D:\devkitpro/libogc/lib/cube\libogc.a(video.o)
 .text.VIDEO_SetFramebuffer
                0x000000008000ca1c      0x108 D:\devkitpro/libogc/lib/cube\libogc.a(video.o)
                0x000000008000ca1c                VIDEO_SetFramebuffer
 .text.VIDEO_GetCurrentTvMode
                0x000000008000cb24       0x78 D:\devkitpro/libogc/lib/cube\libogc.a(video.o)
                0x000000008000cb24                VIDEO_GetCurrentTvMode
 .text.VIDEO_GetCurrentLine
                0x000000008000cb9c       0x98 D:\devkitpro/libogc/lib/cube\libogc.a(video.o)
                0x000000008000cb9c                VIDEO_GetCurrentLine
 .text.SPEC1_MakeStatus
                0x000000008000cc34      0x104 D:\devkitpro/libogc/lib/cube\libogc.a(pad.o)
 .text.__pad_samplinghandler
                0x000000008000cd38        0x4 D:\devkitpro/libogc/lib/cube\libogc.a(pad.o)
 .text.__pad_doreset
                0x000000008000cd3c       0x50 D:\devkitpro/libogc/lib/cube\libogc.a(pad.o)
 .text.__pad_updateorigin
                0x000000008000cd8c       0xa0 D:\devkitpro/libogc/lib/cube\libogc.a(pad.o)
 .text.__pad_disable
                0x000000008000ce2c       0xbc D:\devkitpro/libogc/lib/cube\libogc.a(pad.o)
 .text.__pad_receivecheckcallback
                0x000000008000cee8       0x84 D:\devkitpro/libogc/lib/cube\libogc.a(pad.o)
 .text.__pad_typeandstatuscallback
                0x000000008000cf6c      0x1ac D:\devkitpro/libogc/lib/cube\libogc.a(pad.o)
 .text.__pad_originupdatecallback
                0x000000008000d118       0x74 D:\devkitpro/libogc/lib/cube\libogc.a(pad.o)
 .text.__pad_onreset
                0x000000008000d18c      0x108 D:\devkitpro/libogc/lib/cube\libogc.a(pad.o)
 .text.SPEC2_MakeStatus
                0x000000008000d294      0x208 D:\devkitpro/libogc/lib/cube\libogc.a(pad.o)
 .text.__pad_origincallback
                0x000000008000d49c       0x74 D:\devkitpro/libogc/lib/cube\libogc.a(pad.o)
 .text.__pad_probecallback
                0x000000008000d510       0x88 D:\devkitpro/libogc/lib/cube\libogc.a(pad.o)
 .text.__PADDisableRecalibration
                0x000000008000d598       0x58 D:\devkitpro/libogc/lib/cube\libogc.a(pad.o)
                0x000000008000d598                __PADDisableRecalibration
 .text.PAD_Reset
                0x000000008000d5f0       0xf0 D:\devkitpro/libogc/lib/cube\libogc.a(pad.o)
                0x000000008000d5f0                PAD_Reset
 .text.PAD_Read
                0x000000008000d6e0      0x2f8 D:\devkitpro/libogc/lib/cube\libogc.a(pad.o)
                0x000000008000d6e0                PAD_Read
 .text.PAD_Init
                0x000000008000d9d8       0xf8 D:\devkitpro/libogc/lib/cube\libogc.a(pad.o)
                0x000000008000d9d8                PAD_Init
 .text.PAD_ScanPads
                0x000000008000dad0      0x2f8 D:\devkitpro/libogc/lib/cube\libogc.a(pad.o)
                0x000000008000dad0                PAD_ScanPads
 .text.PAD_ButtonsDown
                0x000000008000ddc8       0x38 D:\devkitpro/libogc/lib/cube\libogc.a(pad.o)
                0x000000008000ddc8                PAD_ButtonsDown
 .text.__exi_irq_handler
                0x000000008000de00       0x58 D:\devkitpro/libogc/lib/cube\libogc.a(exi.o)
 .text.__ext_irq_handler
                0x000000008000de58       0xc8 D:\devkitpro/libogc/lib/cube\libogc.a(exi.o)
 .text.__tc_irq_handler
                0x000000008000df20      0x174 D:\devkitpro/libogc/lib/cube\libogc.a(exi.o)
 .text.__exi_probe
                0x000000008000e094      0x204 D:\devkitpro/libogc/lib/cube\libogc.a(exi.o)
 .text.__exi_attach
                0x000000008000e298      0x104 D:\devkitpro/libogc/lib/cube\libogc.a(exi.o)
 .text.EXI_Lock
                0x000000008000e39c      0x218 D:\devkitpro/libogc/lib/cube\libogc.a(exi.o)
                0x000000008000e39c                EXI_Lock
 .text.EXI_Unlock
                0x000000008000e5b4      0x228 D:\devkitpro/libogc/lib/cube\libogc.a(exi.o)
                0x000000008000e5b4                EXI_Unlock
 .text.EXI_Select
                0x000000008000e7dc      0x230 D:\devkitpro/libogc/lib/cube\libogc.a(exi.o)
                0x000000008000e7dc                EXI_Select
 .text.EXI_Deselect
                0x000000008000ea0c      0x174 D:\devkitpro/libogc/lib/cube\libogc.a(exi.o)
                0x000000008000ea0c                EXI_Deselect
 .text.EXI_Sync
                0x000000008000eb80      0x108 D:\devkitpro/libogc/lib/cube\libogc.a(exi.o)
                0x000000008000eb80                EXI_Sync
 .text.EXI_Imm  0x000000008000ec88      0x1f4 D:\devkitpro/libogc/lib/cube\libogc.a(exi.o)
                0x000000008000ec88                EXI_Imm
 .text.EXI_ImmEx
                0x000000008000ee7c       0xd8 D:\devkitpro/libogc/lib/cube\libogc.a(exi.o)
                0x000000008000ee7c                EXI_ImmEx
 .text.EXI_Dma  0x000000008000ef54      0x16c D:\devkitpro/libogc/lib/cube\libogc.a(exi.o)
                0x000000008000ef54                EXI_Dma
 .text.EXI_Detach
                0x000000008000f0c0       0xd4 D:\devkitpro/libogc/lib/cube\libogc.a(exi.o)
                0x000000008000f0c0                EXI_Detach
 .text.EXI_GetID
                0x000000008000f194      0x338 D:\devkitpro/libogc/lib/cube\libogc.a(exi.o)
                0x000000008000f194                EXI_GetID
 .text.__unlocked_handler
                0x000000008000f4cc       0x28 D:\devkitpro/libogc/lib/cube\libogc.a(exi.o)
 .text.EXI_ProbeReset
                0x000000008000f4f4       0x70 D:\devkitpro/libogc/lib/cube\libogc.a(exi.o)
                0x000000008000f4f4                EXI_ProbeReset
 .text.__exi_init
                0x000000008000f564      0x200 D:\devkitpro/libogc/lib/cube\libogc.a(exi.o)
                0x000000008000f564                __exi_init
 .text.__lwp_mutex_locksupp.constprop.0
                0x000000008000f764      0x294 D:\devkitpro/libogc/lib/cube\libogc.a(mutex.o)
 .text.__lwp_mutex_init
                0x000000008000f9f8       0x14 D:\devkitpro/libogc/lib/cube\libogc.a(mutex.o)
                0x000000008000f9f8                __lwp_mutex_init
 .text.LWP_MutexInit
                0x000000008000fa0c       0xe4 D:\devkitpro/libogc/lib/cube\libogc.a(mutex.o)
                0x000000008000fa0c                LWP_MutexInit
 .text.LWP_MutexDestroy
                0x000000008000faf0       0xf0 D:\devkitpro/libogc/lib/cube\libogc.a(mutex.o)
                0x000000008000faf0                LWP_MutexDestroy
 .text.LWP_MutexLock
                0x000000008000fbe0        0x8 D:\devkitpro/libogc/lib/cube\libogc.a(mutex.o)
                0x000000008000fbe0                LWP_MutexLock
 .text.LWP_MutexUnlock
                0x000000008000fbe8       0x9c D:\devkitpro/libogc/lib/cube\libogc.a(mutex.o)
                0x000000008000fbe8                LWP_MutexUnlock
 .text.GX_AbortFrame
                0x000000008000fc84      0x2b0 D:\devkitpro/libogc/lib/cube\libogc.a(gx.o)
                0x000000008000fc84                GX_AbortFrame
 .text.number   0x000000008000ff34      0x364 D:\devkitpro/libogc/lib/cube\libogc.a(kprintf.o)
 .text.kvsprintf
                0x0000000080010298      0x7a0 D:\devkitpro/libogc/lib/cube\libogc.a(kprintf.o)
                0x0000000080010298                kvsprintf
 .text.kprintf  0x0000000080010a38       0xac D:\devkitpro/libogc/lib/cube\libogc.a(kprintf.o)
                0x0000000080010a38                kprintf
 .text.__console_clear_line
                0x0000000080010ae4       0x90 D:\devkitpro/libogc/lib/cube\libogc.a(console.o)
 .text.__console_clear
                0x0000000080010b74       0x8c D:\devkitpro/libogc/lib/cube\libogc.a(console.o)
 .text.__console_write
                0x0000000080010c00      0x7c4 D:\devkitpro/libogc/lib/cube\libogc.a(console.o)
                0x0000000080010c00                __console_write
 .text.__console_init
                0x00000000800113c4      0x108 D:\devkitpro/libogc/lib/cube\libogc.a(console.o)
                0x00000000800113c4                __console_init
 .text.CON_EnableGecko
                0x00000000800114cc      0x100 D:\devkitpro/libogc/lib/cube\libogc.a(console.o)
                0x00000000800114cc                CON_EnableGecko
 .text.__lwp_queue_initialize
                0x00000000800115cc       0x98 D:\devkitpro/libogc/lib/cube\libogc.a(lwp_queue.o)
                0x00000000800115cc                __lwp_queue_initialize
 .text.__lwp_queue_get
                0x0000000080011664       0x74 D:\devkitpro/libogc/lib/cube\libogc.a(lwp_queue.o)
                0x0000000080011664                __lwp_queue_get
 .text.__lwp_queue_append
                0x00000000800116d8       0x4c D:\devkitpro/libogc/lib/cube\libogc.a(lwp_queue.o)
                0x00000000800116d8                __lwp_queue_append
 .text.__usbgecko_exi_unlock
                0x0000000080011724       0x34 D:\devkitpro/libogc/lib/cube\libogc.a(usbgecko.o)
 .text.usb_isgeckoalive
                0x0000000080011758      0x1c0 D:\devkitpro/libogc/lib/cube\libogc.a(usbgecko.o)
                0x0000000080011758                usb_isgeckoalive
 .text.usb_sendbuffer_ex
                0x0000000080011918      0x214 D:\devkitpro/libogc/lib/cube\libogc.a(usbgecko.o)
                0x0000000080011918                usb_sendbuffer_ex
 .text.usb_sendbuffer
                0x0000000080011b2c        0x8 D:\devkitpro/libogc/lib/cube\libogc.a(usbgecko.o)
                0x0000000080011b2c                usb_sendbuffer
 .text.usb_sendbuffer_safe_ex
                0x0000000080011b34      0x29c D:\devkitpro/libogc/lib/cube\libogc.a(usbgecko.o)
                0x0000000080011b34                usb_sendbuffer_safe_ex
 .text.usb_sendbuffer_safe
                0x0000000080011dd0        0x8 D:\devkitpro/libogc/lib/cube\libogc.a(usbgecko.o)
                0x0000000080011dd0                usb_sendbuffer_safe
 .text.__udivdi3
                0x0000000080011dd8      0x3bc d:/devkitpro/devkitppc/bin/../lib/gcc/powerpc-eabi/10.2.0\libgcc.a(_udivdi3.o)
                0x0000000080011dd8                __udivdi3
 .text.__umoddi3
                0x0000000080012194      0x3a4 d:/devkitpro/devkitppc/bin/../lib/gcc/powerpc-eabi/10.2.0\libgcc.a(_umoddi3.o)
                0x0000000080012194                __umoddi3
 .text.unlikely.abort
                0x0000000080012538       0x28 d:/devkitpro/devkitppc/bin/../lib/gcc/powerpc-eabi/10.2.0/../../../../powerpc-eabi/lib\libsysbase.a(abort.o)
                0x0000000080012538                abort
 .text.null_write
                0x0000000080012560        0x8 d:/devkitpro/devkitppc/bin/../lib/gcc/powerpc-eabi/10.2.0/../../../../powerpc-eabi/lib\libsysbase.a(iosupport.o)
 .text._exit    0x0000000080012568       0x28 d:/devkitpro/devkitppc/bin/../lib/gcc/powerpc-eabi/10.2.0/../../../../powerpc-eabi/lib\libsysbase.a(_exit.o)
                0x0000000080012568                _exit
 .text.build_argv
                0x0000000080012590       0xcc d:/devkitpro/devkitppc/bin/../lib/gcc/powerpc-eabi/10.2.0/../../../../powerpc-eabi/lib\libsysbase.a(build_argv.o)
                0x0000000080012590                build_argv
 .text.calloc   0x000000008001265c       0x18 d:/devkitpro/devkitppc/bin/../lib/gcc/powerpc-eabi/10.2.0/../../../../powerpc-eabi/lib\libc.a(lib_a-calloc.o)
                0x000000008001265c                calloc
 .text._calloc_r
                0x0000000080012674       0xc4 d:/devkitpro/devkitppc/bin/../lib/gcc/powerpc-eabi/10.2.0/../../../../powerpc-eabi/lib\libc.a(lib_a-callocr.o)
                0x0000000080012674                _calloc_r
 .text.exit     0x0000000080012738       0x40 d:/devkitpro/devkitppc/bin/../lib/gcc/powerpc-eabi/10.2.0/../../../../powerpc-eabi/lib\libc.a(lib_a-exit.o)
                0x0000000080012738                exit
 .text.malloc   0x0000000080012778       0x10 d:/devkitpro/devkitppc/bin/../lib/gcc/powerpc-eabi/10.2.0/../../../../powerpc-eabi/lib\libc.a(lib_a-malloc.o)
                0x0000000080012778                malloc
 .text.free     0x0000000080012788       0x10 d:/devkitpro/devkitppc/bin/../lib/gcc/powerpc-eabi/10.2.0/../../../../powerpc-eabi/lib\libc.a(lib_a-malloc.o)
                0x0000000080012788                free
 .text._malloc_r
                0x0000000080012798      0x894 d:/devkitpro/devkitppc/bin/../lib/gcc/powerpc-eabi/10.2.0/../../../../powerpc-eabi/lib\libc.a(lib_a-mallocr.o)
                0x0000000080012798                _malloc_r
 .text.memcpy   0x000000008001302c      0x13c d:/devkitpro/devkitppc/bin/../lib/gcc/powerpc-eabi/10.2.0/../../../../powerpc-eabi/lib\libc.a(lib_a-memcpy.o)
                0x000000008001302c                memcpy
 .text.memmove  0x0000000080013168      0x1ac d:/devkitpro/devkitppc/bin/../lib/gcc/powerpc-eabi/10.2.0/../../../../powerpc-eabi/lib\libc.a(lib_a-memmove.o)
                0x0000000080013168                memmove
 .text.memset   0x0000000080013314      0x1b0 d:/devkitpro/devkitppc/bin/../lib/gcc/powerpc-eabi/10.2.0/../../../../powerpc-eabi/lib\libc.a(lib_a-memset.o)
                0x0000000080013314                memset
 .text.cleanup_glue
                0x00000000800134c4       0xac d:/devkitpro/devkitppc/bin/../lib/gcc/powerpc-eabi/10.2.0/../../../../powerpc-eabi/lib\libc.a(lib_a-reent.o)
                0x00000000800134c4                cleanup_glue
 .text._reclaim_reent
                0x0000000080013570      0x14c d:/devkitpro/devkitppc/bin/../lib/gcc/powerpc-eabi/10.2.0/../../../../powerpc-eabi/lib\libc.a(lib_a-reent.o)
                0x0000000080013570                _reclaim_reent
 .text.setvbuf  0x00000000800136bc      0x308 d:/devkitpro/devkitppc/bin/../lib/gcc/powerpc-eabi/10.2.0/../../../../powerpc-eabi/lib\libc.a(lib_a-setvbuf.o)
                0x00000000800136bc                setvbuf
 .text.sprintf  0x00000000800139c4       0xc8 d:/devkitpro/devkitppc/bin/../lib/gcc/powerpc-eabi/10.2.0/../../../../powerpc-eabi/lib\libc.a(lib_a-sprintf.o)
                0x00000000800139c4                sprintf
 .text.strlen   0x0000000080013a8c       0x80 d:/devkitpro/devkitppc/bin/../lib/gcc/powerpc-eabi/10.2.0/../../../../powerpc-eabi/lib\libc.a(lib_a-strlen.o)
                0x0000000080013a8c                strlen
 .text.strnlen  0x0000000080013b0c       0x78 d:/devkitpro/devkitppc/bin/../lib/gcc/powerpc-eabi/10.2.0/../../../../powerpc-eabi/lib\libc.a(lib_a-strnlen.o)
                0x0000000080013b0c                strnlen
 .text._svfprintf_r
                0x0000000080013b84     0x22f0 d:/devkitpro/devkitppc/bin/../lib/gcc/powerpc-eabi/10.2.0/../../../../powerpc-eabi/lib\libc.a(lib_a-svfprintf.o)
                0x0000000080013b84                _svfprintf_r
 .text.write    0x0000000080015e74       0x20 d:/devkitpro/devkitppc/bin/../lib/gcc/powerpc-eabi/10.2.0/../../../../powerpc-eabi/lib\libc.a(lib_a-syswrite.o)
                0x0000000080015e74                write
 .text._wcrtomb_r
                0x0000000080015e94       0xe4 d:/devkitpro/devkitppc/bin/../lib/gcc/powerpc-eabi/10.2.0/../../../../powerpc-eabi/lib\libc.a(lib_a-wcrtomb.o)
                0x0000000080015e94                _wcrtomb_r
 .text._wcsrtombs_r
                0x0000000080015f78       0x10 d:/devkitpro/devkitppc/bin/../lib/gcc/powerpc-eabi/10.2.0/../../../../powerpc-eabi/lib\libc.a(lib_a-wcsrtombs.o)
                0x0000000080015f78                _wcsrtombs_r
 .text.__swsetup_r
                0x0000000080015f88      0x1bc d:/devkitpro/devkitppc/bin/../lib/gcc/powerpc-eabi/10.2.0/../../../../powerpc-eabi/lib\libc.a(lib_a-wsetup.o)
                0x0000000080015f88                __swsetup_r
 .text.__call_exitprocs
                0x0000000080016144      0x1a4 d:/devkitpro/devkitppc/bin/../lib/gcc/powerpc-eabi/10.2.0/../../../../powerpc-eabi/lib\libc.a(lib_a-__call_atexit.o)
                0x0000000080016144                __call_exitprocs
 .text.quorem   0x00000000800162e8      0x2fc d:/devkitpro/devkitppc/bin/../lib/gcc/powerpc-eabi/10.2.0/../../../../powerpc-eabi/lib\libc.a(lib_a-dtoa.o)
 .text._dtoa_r  0x00000000800165e4     0x1420 d:/devkitpro/devkitppc/bin/../lib/gcc/powerpc-eabi/10.2.0/../../../../powerpc-eabi/lib\libc.a(lib_a-dtoa.o)
                0x00000000800165e4                _dtoa_r
 .text.__sflush_r
                0x0000000080017a04      0x340 d:/devkitpro/devkitppc/bin/../lib/gcc/powerpc-eabi/10.2.0/../../../../powerpc-eabi/lib\libc.a(lib_a-fflush.o)
                0x0000000080017a04                __sflush_r
 .text._fflush_r
                0x0000000080017d44      0x108 d:/devkitpro/devkitppc/bin/../lib/gcc/powerpc-eabi/10.2.0/../../../../powerpc-eabi/lib\libc.a(lib_a-fflush.o)
                0x0000000080017d44                _fflush_r
 .text._cleanup_r
                0x0000000080017e4c        0xc d:/devkitpro/devkitppc/bin/../lib/gcc/powerpc-eabi/10.2.0/../../../../powerpc-eabi/lib\libc.a(lib_a-findfp.o)
                0x0000000080017e4c                _cleanup_r
 .text.__sinit  0x0000000080017e58      0x1f8 d:/devkitpro/devkitppc/bin/../lib/gcc/powerpc-eabi/10.2.0/../../../../powerpc-eabi/lib\libc.a(lib_a-findfp.o)
                0x0000000080017e58                __sinit
 .text.__sfp_lock_acquire
                0x0000000080018050       0x58 d:/devkitpro/devkitppc/bin/../lib/gcc/powerpc-eabi/10.2.0/../../../../powerpc-eabi/lib\libc.a(lib_a-findfp.o)
                0x0000000080018050                __sfp_lock_acquire
 .text.__sfp_lock_release
                0x00000000800180a8        0xc d:/devkitpro/devkitppc/bin/../lib/gcc/powerpc-eabi/10.2.0/../../../../powerpc-eabi/lib\libc.a(lib_a-findfp.o)
                0x00000000800180a8                __sfp_lock_release
 .text._malloc_trim_r
                0x00000000800180b4      0x138 d:/devkitpro/devkitppc/bin/../lib/gcc/powerpc-eabi/10.2.0/../../../../powerpc-eabi/lib\libc.a(lib_a-freer.o)
                0x00000000800180b4                _malloc_trim_r
 .text._free_r  0x00000000800181ec      0x340 d:/devkitpro/devkitppc/bin/../lib/gcc/powerpc-eabi/10.2.0/../../../../powerpc-eabi/lib\libc.a(lib_a-freer.o)
                0x00000000800181ec                _free_r
 .text._fwalk_reent
                0x000000008001852c       0xb4 d:/devkitpro/devkitppc/bin/../lib/gcc/powerpc-eabi/10.2.0/../../../../powerpc-eabi/lib\libc.a(lib_a-fwalk.o)
                0x000000008001852c                _fwalk_reent
 .text._localeconv_r
                0x00000000800185e0       0x2c d:/devkitpro/devkitppc/bin/../lib/gcc/powerpc-eabi/10.2.0/../../../../powerpc-eabi/lib\libc.a(lib_a-localeconv.o)
                0x00000000800185e0                _localeconv_r
 .text.__locale_mb_cur_max
                0x000000008001860c       0x2c d:/devkitpro/devkitppc/bin/../lib/gcc/powerpc-eabi/10.2.0/../../../../powerpc-eabi/lib\libc.a(lib_a-locale.o)
                0x000000008001860c                __locale_mb_cur_max
 .text.__smakebuf_r
                0x0000000080018638      0x194 d:/devkitpro/devkitppc/bin/../lib/gcc/powerpc-eabi/10.2.0/../../../../powerpc-eabi/lib\libc.a(lib_a-makebuf.o)
                0x0000000080018638                __smakebuf_r
 .text.__swhatbuf_r
                0x00000000800187cc       0xdc d:/devkitpro/devkitppc/bin/../lib/gcc/powerpc-eabi/10.2.0/../../../../powerpc-eabi/lib\libc.a(lib_a-makebuf.o)
                0x00000000800187cc                __swhatbuf_r
 .text.__utf8_mbtowc
                0x00000000800188a8      0x5c8 d:/devkitpro/devkitppc/bin/../lib/gcc/powerpc-eabi/10.2.0/../../../../powerpc-eabi/lib\libc.a(lib_a-mbtowc_r.o)
                0x00000000800188a8                __utf8_mbtowc
 .text.memchr   0x0000000080018e70      0x158 d:/devkitpro/devkitppc/bin/../lib/gcc/powerpc-eabi/10.2.0/../../../../powerpc-eabi/lib\libc.a(lib_a-memchr.o)
                0x0000000080018e70                memchr
 .text._Balloc  0x0000000080018fc8       0xe0 d:/devkitpro/devkitppc/bin/../lib/gcc/powerpc-eabi/10.2.0/../../../../powerpc-eabi/lib\libc.a(lib_a-mprec.o)
                0x0000000080018fc8                _Balloc
 .text._Bfree   0x00000000800190a8       0x24 d:/devkitpro/devkitppc/bin/../lib/gcc/powerpc-eabi/10.2.0/../../../../powerpc-eabi/lib\libc.a(lib_a-mprec.o)
                0x00000000800190a8                _Bfree
 .text.__multadd
                0x00000000800190cc      0x158 d:/devkitpro/devkitppc/bin/../lib/gcc/powerpc-eabi/10.2.0/../../../../powerpc-eabi/lib\libc.a(lib_a-mprec.o)
                0x00000000800190cc                __multadd
 .text.__hi0bits
                0x0000000080019224       0x64 d:/devkitpro/devkitppc/bin/../lib/gcc/powerpc-eabi/10.2.0/../../../../powerpc-eabi/lib\libc.a(lib_a-mprec.o)
                0x0000000080019224                __hi0bits
 .text.__lo0bits
                0x0000000080019288       0xb4 d:/devkitpro/devkitppc/bin/../lib/gcc/powerpc-eabi/10.2.0/../../../../powerpc-eabi/lib\libc.a(lib_a-mprec.o)
                0x0000000080019288                __lo0bits
 .text.__i2b    0x000000008001933c      0x108 d:/devkitpro/devkitppc/bin/../lib/gcc/powerpc-eabi/10.2.0/../../../../powerpc-eabi/lib\libc.a(lib_a-mprec.o)
                0x000000008001933c                __i2b
 .text.__multiply
                0x0000000080019444      0x2e4 d:/devkitpro/devkitppc/bin/../lib/gcc/powerpc-eabi/10.2.0/../../../../powerpc-eabi/lib\libc.a(lib_a-mprec.o)
                0x0000000080019444                __multiply
 .text.__pow5mult
                0x0000000080019728      0x184 d:/devkitpro/devkitppc/bin/../lib/gcc/powerpc-eabi/10.2.0/../../../../powerpc-eabi/lib\libc.a(lib_a-mprec.o)
                0x0000000080019728                __pow5mult
 .text.__lshift
                0x00000000800198ac      0x228 d:/devkitpro/devkitppc/bin/../lib/gcc/powerpc-eabi/10.2.0/../../../../powerpc-eabi/lib\libc.a(lib_a-mprec.o)
                0x00000000800198ac                __lshift
 .text.__mcmp   0x0000000080019ad4       0xe0 d:/devkitpro/devkitppc/bin/../lib/gcc/powerpc-eabi/10.2.0/../../../../powerpc-eabi/lib\libc.a(lib_a-mprec.o)
                0x0000000080019ad4                __mcmp
 .text.__mdiff  0x0000000080019bb4      0x2d8 d:/devkitpro/devkitppc/bin/../lib/gcc/powerpc-eabi/10.2.0/../../../../powerpc-eabi/lib\libc.a(lib_a-mprec.o)
                0x0000000080019bb4                __mdiff
 .text.__d2b    0x0000000080019e8c      0x1ac d:/devkitpro/devkitppc/bin/../lib/gcc/powerpc-eabi/10.2.0/../../../../powerpc-eabi/lib\libc.a(lib_a-mprec.o)
                0x0000000080019e8c                __d2b
 .text.__sread  0x000000008001a038       0x74 d:/devkitpro/devkitppc/bin/../lib/gcc/powerpc-eabi/10.2.0/../../../../powerpc-eabi/lib\libc.a(lib_a-stdio.o)
                0x000000008001a038                __sread
 .text.__swrite
                0x000000008001a0ac       0xb8 d:/devkitpro/devkitppc/bin/../lib/gcc/powerpc-eabi/10.2.0/../../../../powerpc-eabi/lib\libc.a(lib_a-stdio.o)
                0x000000008001a0ac                __swrite
 .text.__sseek  0x000000008001a164       0x70 d:/devkitpro/devkitppc/bin/../lib/gcc/powerpc-eabi/10.2.0/../../../../powerpc-eabi/lib\libc.a(lib_a-stdio.o)
                0x000000008001a164                __sseek
 .text.__sclose
                0x000000008001a1d4        0x8 d:/devkitpro/devkitppc/bin/../lib/gcc/powerpc-eabi/10.2.0/../../../../powerpc-eabi/lib\libc.a(lib_a-stdio.o)
                0x000000008001a1d4                __sclose
 .text.__ssprint_r
                0x000000008001a1dc      0x24c d:/devkitpro/devkitppc/bin/../lib/gcc/powerpc-eabi/10.2.0/../../../../powerpc-eabi/lib\libc.a(lib_a-svfiprintf.o)
                0x000000008001a1dc                __ssprint_r
 .text.__sprint_r.part.0
                0x000000008001a428      0x148 d:/devkitpro/devkitppc/bin/../lib/gcc/powerpc-eabi/10.2.0/../../../../powerpc-eabi/lib\libc.a(lib_a-vfiprintf.o)
 .text._vfiprintf_r
                0x000000008001a570     0x17c8 d:/devkitpro/devkitppc/bin/../lib/gcc/powerpc-eabi/10.2.0/../../../../powerpc-eabi/lib\libc.a(lib_a-vfiprintf.o)
                0x000000008001a570                _vfiprintf_r
 .text.__sbprintf
                0x000000008001bd38      0x100 d:/devkitpro/devkitppc/bin/../lib/gcc/powerpc-eabi/10.2.0/../../../../powerpc-eabi/lib\libc.a(lib_a-vfiprintf.o)
 .text._wcsnrtombs_l
                0x000000008001be38      0x214 d:/devkitpro/devkitppc/bin/../lib/gcc/powerpc-eabi/10.2.0/../../../../powerpc-eabi/lib\libc.a(lib_a-wcsnrtombs.o)
                0x000000008001be38                _wcsnrtombs_l
 .text._wcsnrtombs_r
                0x000000008001c04c       0x24 d:/devkitpro/devkitppc/bin/../lib/gcc/powerpc-eabi/10.2.0/../../../../powerpc-eabi/lib\libc.a(lib_a-wcsnrtombs.o)
                0x000000008001c04c                _wcsnrtombs_r
 .text.__utf8_wctomb
                0x000000008001c070      0x108 d:/devkitpro/devkitppc/bin/../lib/gcc/powerpc-eabi/10.2.0/../../../../powerpc-eabi/lib\libc.a(lib_a-wctomb_r.o)
                0x000000008001c070                __utf8_wctomb
 .text.__assert_func
                0x000000008001c178       0x58 d:/devkitpro/devkitppc/bin/../lib/gcc/powerpc-eabi/10.2.0/../../../../powerpc-eabi/lib\libc.a(lib_a-assert.o)
                0x000000008001c178                __assert_func
 .text._fclose_r
                0x000000008001c1d0      0x1fc d:/devkitpro/devkitppc/bin/../lib/gcc/powerpc-eabi/10.2.0/../../../../powerpc-eabi/lib\libc.a(lib_a-fclose.o)
                0x000000008001c1d0                _fclose_r
 .text.fiprintf
                0x000000008001c3cc       0x94 d:/devkitpro/devkitppc/bin/../lib/gcc/powerpc-eabi/10.2.0/../../../../powerpc-eabi/lib\libc.a(lib_a-fiprintf.o)
                0x000000008001c3cc                fiprintf
 .text.__fputwc
                0x000000008001c460      0x18c d:/devkitpro/devkitppc/bin/../lib/gcc/powerpc-eabi/10.2.0/../../../../powerpc-eabi/lib\libc.a(lib_a-fputwc.o)
                0x000000008001c460                __fputwc
 .text._fputwc_r
                0x000000008001c5ec       0xe0 d:/devkitpro/devkitppc/bin/../lib/gcc/powerpc-eabi/10.2.0/../../../../powerpc-eabi/lib\libc.a(lib_a-fputwc.o)
                0x000000008001c5ec                _fputwc_r
 .text.__sfvwrite_r
                0x000000008001c6cc      0x5b0 d:/devkitpro/devkitppc/bin/../lib/gcc/powerpc-eabi/10.2.0/../../../../powerpc-eabi/lib\libc.a(lib_a-fvwrite.o)
                0x000000008001c6cc                __sfvwrite_r
 .text._realloc_r
                0x000000008001cc7c      0x670 d:/devkitpro/devkitppc/bin/../lib/gcc/powerpc-eabi/10.2.0/../../../../powerpc-eabi/lib\libc.a(lib_a-reallocr.o)
                0x000000008001cc7c                _realloc_r
 .text.__swbuf_r
                0x000000008001d2ec      0x1c4 d:/devkitpro/devkitppc/bin/../lib/gcc/powerpc-eabi/10.2.0/../../../../powerpc-eabi/lib\libc.a(lib_a-wbuf.o)
                0x000000008001d2ec                __swbuf_r
 .text._close_r
                0x000000008001d4b0       0xec d:/devkitpro/devkitppc/bin/../lib/gcc/powerpc-eabi/10.2.0/../../../../powerpc-eabi/lib\libsysbase.a(close.o)
                0x000000008001d4b0                _close_r
 .text._fstat_r
                0x000000008001d59c       0xb0 d:/devkitpro/devkitppc/bin/../lib/gcc/powerpc-eabi/10.2.0/../../../../powerpc-eabi/lib\libsysbase.a(fstat.o)
                0x000000008001d59c                _fstat_r
 .text._isatty_r
                0x000000008001d64c        0x8 d:/devkitpro/devkitppc/bin/../lib/gcc/powerpc-eabi/10.2.0/../../../../powerpc-eabi/lib\libsysbase.a(isatty.o)
                0x000000008001d64c                _isatty_r
 .text._lseek_r
                0x000000008001d654       0xe0 d:/devkitpro/devkitppc/bin/../lib/gcc/powerpc-eabi/10.2.0/../../../../powerpc-eabi/lib\libsysbase.a(lseek.o)
                0x000000008001d654                _lseek_r
 .text._read_r  0x000000008001d734       0xc4 d:/devkitpro/devkitppc/bin/../lib/gcc/powerpc-eabi/10.2.0/../../../../powerpc-eabi/lib\libsysbase.a(read.o)
                0x000000008001d734                _read_r
 .text._sbrk_r  0x000000008001d7f8       0x28 d:/devkitpro/devkitppc/bin/../lib/gcc/powerpc-eabi/10.2.0/../../../../powerpc-eabi/lib\libsysbase.a(sbrk.o)
                0x000000008001d7f8                _sbrk_r
 .text._write_r
                0x000000008001d820       0xc4 d:/devkitpro/devkitppc/bin/../lib/gcc/powerpc-eabi/10.2.0/../../../../powerpc-eabi/lib\libsysbase.a(write.o)
                0x000000008001d820                _write_r
 .text.__flockfile
                0x000000008001d8e4       0x54 d:/devkitpro/devkitppc/bin/../lib/gcc/powerpc-eabi/10.2.0/../../../../powerpc-eabi/lib\libsysbase.a(flock.o)
                0x000000008001d8e4                __flockfile
 .text.__funlockfile
                0x000000008001d938        0x8 d:/devkitpro/devkitppc/bin/../lib/gcc/powerpc-eabi/10.2.0/../../../../powerpc-eabi/lib\libsysbase.a(flock.o)
                0x000000008001d938                __funlockfile
 .text.__release_handle
                0x000000008001d940       0xe4 d:/devkitpro/devkitppc/bin/../lib/gcc/powerpc-eabi/10.2.0/../../../../powerpc-eabi/lib\libsysbase.a(handle_manager.o)
                0x000000008001d940                __release_handle
 .text.__get_handle
                0x000000008001da24       0x24 d:/devkitpro/devkitppc/bin/../lib/gcc/powerpc-eabi/10.2.0/../../../../powerpc-eabi/lib\libsysbase.a(handle_manager.o)
                0x000000008001da24                __get_handle
 .text.__libc_lock_init
                0x000000008001da48       0x1c d:/devkitpro/devkitppc/bin/../lib/gcc/powerpc-eabi/10.2.0/../../../../powerpc-eabi/lib\libsysbase.a(syscall_support.o)
                0x000000008001da48                __libc_lock_init
 .text.__libc_lock_close
                0x000000008001da64       0x1c d:/devkitpro/devkitppc/bin/../lib/gcc/powerpc-eabi/10.2.0/../../../../powerpc-eabi/lib\libsysbase.a(syscall_support.o)
                0x000000008001da64                __libc_lock_close
 .text.__libc_lock_release
                0x000000008001da80       0x1c d:/devkitpro/devkitppc/bin/../lib/gcc/powerpc-eabi/10.2.0/../../../../powerpc-eabi/lib\libsysbase.a(syscall_support.o)
                0x000000008001da80                __libc_lock_release
 .text.__libc_lock_acquire
                0x000000008001da9c       0x1c d:/devkitpro/devkitppc/bin/../lib/gcc/powerpc-eabi/10.2.0/../../../../powerpc-eabi/lib\libsysbase.a(syscall_support.o)
                0x000000008001da9c                __libc_lock_acquire
 .text.__malloc_lock
                0x000000008001dab8       0x14 d:/devkitpro/devkitppc/bin/../lib/gcc/powerpc-eabi/10.2.0/../../../../powerpc-eabi/lib\libsysbase.a(syscall_support.o)
                0x000000008001dab8                __malloc_lock
 .text.__malloc_unlock
                0x000000008001dacc       0x14 d:/devkitpro/devkitppc/bin/../lib/gcc/powerpc-eabi/10.2.0/../../../../powerpc-eabi/lib\libsysbase.a(syscall_support.o)
                0x000000008001dacc                __malloc_unlock
 .text.__do_global_ctors_aux
                0x000000008001dae0       0x50 d:/devkitpro/devkitppc/bin/../lib/gcc/powerpc-eabi/10.2.0/crtend.o
 *(.gnu.warning)
 *(.gnu.linkonce.t.*)
                0x000000008001db40                . = ALIGN (0x20)
 *fill*         0x000000008001db30       0x10 00000000

.glink          0x000000008001db40        0x0
 .glink         0x000000008001db40        0x0 d:/devkitpro/devkitppc/bin/../lib/gcc/powerpc-eabi/10.2.0/crtbegin.o

.fini           0x000000008001db40       0x20
 *(.fini)
 .fini          0x000000008001db40        0xc d:/devkitpro/devkitppc/bin/../lib/gcc/powerpc-eabi/10.2.0/ecrti.o
                0x000000008001db40                __fini
 .fini          0x000000008001db4c        0x4 d:/devkitpro/devkitppc/bin/../lib/gcc/powerpc-eabi/10.2.0/crtbegin.o
 .fini          0x000000008001db50       0x10 d:/devkitpro/devkitppc/bin/../lib/gcc/powerpc-eabi/10.2.0/ecrtn.o
                0x000000008001db60                . = ALIGN (0x20)
                [!provide]                        PROVIDE (__etext = .)
                [!provide]                        PROVIDE (_etext = .)
                [!provide]                        PROVIDE (etext = .)

.rodata         0x000000008001db60   0x1e955f
 *(.rodata)
 .rodata        0x000000008001db60       0xa4 single_fuzzer/single_fuzzer.o
 *(.rodata.*)
 .rodata.single_tests
                0x000000008001dc04   0x1e8480 single_fuzzer/single_fuzzer.o
 .rodata.do_test_single
                0x0000000080206084       0x1c single_fuzzer/single_fuzzer.o
 .rodata._dsp_initcode
                0x00000000802060a0       0x80 D:\devkitpro/libogc/lib/cube\libogc.a(system.o)
 .rodata.c_default_exceptionhandler.str1.4
                0x0000000080206120      0x263 D:\devkitpro/libogc/lib/cube\libogc.a(exception.o)
                                        0x267 (size before relaxing)
 *fill*         0x0000000080206383        0x1 
 .rodata.str1.4
                0x0000000080206384       0xa0 D:\devkitpro/libogc/lib/cube\libogc.a(exception.o)
 .rodata.exception_location
                0x0000000080206424       0x3c D:\devkitpro/libogc/lib/cube\libogc.a(exception.o)
 .rodata.exception_name
                0x0000000080206460       0x3c D:\devkitpro/libogc/lib/cube\libogc.a(exception.o)
 .rodata.number.str1.4
                0x000000008020649c       0x4d D:\devkitpro/libogc/lib/cube\libogc.a(kprintf.o)
 *fill*         0x00000000802064e9        0x3 
 .rodata.kvsprintf.str1.4
                0x00000000802064ec        0x7 D:\devkitpro/libogc/lib/cube\libogc.a(kprintf.o)
 *fill*         0x00000000802064f3        0x1 
 .rodata.kvsprintf
                0x00000000802064f4      0x2e4 D:\devkitpro/libogc/lib/cube\libogc.a(kprintf.o)
 .rodata.__console_write
                0x00000000802067d8       0xec D:\devkitpro/libogc/lib/cube\libogc.a(console.o)
 .rodata.str1.4
                0x00000000802068c4        0x7 D:\devkitpro/libogc/lib/cube\libogc.a(console.o)
 *fill*         0x00000000802068cb        0x1 
 .rodata.color_table
                0x00000000802068cc       0x40 D:\devkitpro/libogc/lib/cube\libogc.a(console.o)
 .rodata.dotab_stdout
                0x000000008020690c       0x70 D:\devkitpro/libogc/lib/cube\libogc.a(console.o)
                0x000000008020690c                dotab_stdout
 .rodata.abort.str1.4
                0x000000008020697c        0xf d:/devkitpro/devkitppc/bin/../lib/gcc/powerpc-eabi/10.2.0/../../../../powerpc-eabi/lib\libsysbase.a(abort.o)
 *fill*         0x000000008020698b        0x1 
 .rodata.AddDevice.str1.4
                0x000000008020698c        0x8 d:/devkitpro/devkitppc/bin/../lib/gcc/powerpc-eabi/10.2.0/../../../../powerpc-eabi/lib\libsysbase.a(iosupport.o)
 .rodata.dotab_stdnull
                0x0000000080206994       0x70 d:/devkitpro/devkitppc/bin/../lib/gcc/powerpc-eabi/10.2.0/../../../../powerpc-eabi/lib\libsysbase.a(iosupport.o)
                0x0000000080206994                dotab_stdnull
 .rodata._ctype_
                0x0000000080206a04      0x101 d:/devkitpro/devkitppc/bin/../lib/gcc/powerpc-eabi/10.2.0/../../../../powerpc-eabi/lib\libc.a(lib_a-ctype_.o)
                0x0000000080206a04                _ctype_
 *fill*         0x0000000080206b05        0x3 
 .rodata._svfprintf_r.str1.4
                0x0000000080206b08       0x42 d:/devkitpro/devkitppc/bin/../lib/gcc/powerpc-eabi/10.2.0/../../../../powerpc-eabi/lib\libc.a(lib_a-svfprintf.o)
 *fill*         0x0000000080206b4a        0x2 
 .rodata._svfprintf_r
                0x0000000080206b4c      0x164 d:/devkitpro/devkitppc/bin/../lib/gcc/powerpc-eabi/10.2.0/../../../../powerpc-eabi/lib\libc.a(lib_a-svfprintf.o)
 .rodata.cst4   0x0000000080206cb0        0x4 d:/devkitpro/devkitppc/bin/../lib/gcc/powerpc-eabi/10.2.0/../../../../powerpc-eabi/lib\libc.a(lib_a-svfprintf.o)
 *fill*         0x0000000080206cb4        0x4 
 .rodata.cst8   0x0000000080206cb8        0x8 d:/devkitpro/devkitppc/bin/../lib/gcc/powerpc-eabi/10.2.0/../../../../powerpc-eabi/lib\libc.a(lib_a-svfprintf.o)
 .rodata.blanks.1
                0x0000000080206cc0       0x10 d:/devkitpro/devkitppc/bin/../lib/gcc/powerpc-eabi/10.2.0/../../../../powerpc-eabi/lib\libc.a(lib_a-svfprintf.o)
 .rodata.zeroes.0
                0x0000000080206cd0       0x10 d:/devkitpro/devkitppc/bin/../lib/gcc/powerpc-eabi/10.2.0/../../../../powerpc-eabi/lib\libc.a(lib_a-svfprintf.o)
 .rodata._dtoa_r.str1.4
                0x0000000080206ce0       0x5d d:/devkitpro/devkitppc/bin/../lib/gcc/powerpc-eabi/10.2.0/../../../../powerpc-eabi/lib\libc.a(lib_a-dtoa.o)
                                         0x61 (size before relaxing)
 *fill*         0x0000000080206d3d        0x3 
 .rodata.cst4   0x0000000080206d40       0x20 d:/devkitpro/devkitppc/bin/../lib/gcc/powerpc-eabi/10.2.0/../../../../powerpc-eabi/lib\libc.a(lib_a-dtoa.o)
                                         0x24 (size before relaxing)
 .rodata.cst8   0x0000000080206d60       0x18 d:/devkitpro/devkitppc/bin/../lib/gcc/powerpc-eabi/10.2.0/../../../../powerpc-eabi/lib\libc.a(lib_a-dtoa.o)
 .rodata.str1.4
                0x0000000080206d78       0x48 d:/devkitpro/devkitppc/bin/../lib/gcc/powerpc-eabi/10.2.0/../../../../powerpc-eabi/lib\libc.a(lib_a-locale.o)
                                         0x4c (size before relaxing)
 .rodata.__multadd.str1.4
                0x0000000080206dc0       0x3a d:/devkitpro/devkitppc/bin/../lib/gcc/powerpc-eabi/10.2.0/../../../../powerpc-eabi/lib\libc.a(lib_a-mprec.o)
                                         0x4e (size before relaxing)
 *fill*         0x0000000080206dfa        0x6 
 .rodata.__mprec_bigtens
                0x0000000080206e00       0x28 d:/devkitpro/devkitppc/bin/../lib/gcc/powerpc-eabi/10.2.0/../../../../powerpc-eabi/lib\libc.a(lib_a-mprec.o)
                0x0000000080206e00                __mprec_bigtens
 .rodata.__mprec_tens
                0x0000000080206e28       0xc8 d:/devkitpro/devkitppc/bin/../lib/gcc/powerpc-eabi/10.2.0/../../../../powerpc-eabi/lib\libc.a(lib_a-mprec.o)
                0x0000000080206e28                __mprec_tens
 .rodata.p05.0  0x0000000080206ef0        0xc d:/devkitpro/devkitppc/bin/../lib/gcc/powerpc-eabi/10.2.0/../../../../powerpc-eabi/lib\libc.a(lib_a-mprec.o)
 .rodata._vfiprintf_r.str1.4
                0x0000000080206efc       0x2f d:/devkitpro/devkitppc/bin/../lib/gcc/powerpc-eabi/10.2.0/../../../../powerpc-eabi/lib\libc.a(lib_a-vfiprintf.o)
 .rodata._vfiprintf_r
                0x0000000080206efc      0x164 d:/devkitpro/devkitppc/bin/../lib/gcc/powerpc-eabi/10.2.0/../../../../powerpc-eabi/lib\libc.a(lib_a-vfiprintf.o)
 .rodata.blanks.1
                0x0000000080207060       0x10 d:/devkitpro/devkitppc/bin/../lib/gcc/powerpc-eabi/10.2.0/../../../../powerpc-eabi/lib\libc.a(lib_a-vfiprintf.o)
 .rodata.zeroes.0
                0x0000000080207070       0x10 d:/devkitpro/devkitppc/bin/../lib/gcc/powerpc-eabi/10.2.0/../../../../powerpc-eabi/lib\libc.a(lib_a-vfiprintf.o)
 .rodata.__assert_func.str1.4
                0x0000000080207080       0x3f d:/devkitpro/devkitppc/bin/../lib/gcc/powerpc-eabi/10.2.0/../../../../powerpc-eabi/lib\libc.a(lib_a-assert.o)
                                         0x43 (size before relaxing)
 *(.gnu.linkonce.r.*)

.eh_frame_hdr   0x00000000802070c0      0x9cc
 .eh_frame_hdr  0x00000000802070c0      0x9cc d:/devkitpro/devkitppc/bin/../lib/gcc/powerpc-eabi/10.2.0/../../../../powerpc-eabi/lib/crtmain.o
                0x00000000802070c0                __GNU_EH_FRAME_HDR

.rodata1
 *(.rodata1)

.sdata2         0x0000000080207a8c        0x4
                0x0000000080207a8c                PROVIDE (_SDA2_BASE_ = .)
 *(.sdata2)
 .sdata2        0x0000000080207a8c        0x0 d:/devkitpro/devkitppc/bin/../lib/gcc/powerpc-eabi/10.2.0/ecrti.o
                0x0000000080207a8c                __SDATA2_START__
 .sdata2        0x0000000080207a8c        0x0 d:/devkitpro/devkitppc/bin/../lib/gcc/powerpc-eabi/10.2.0/crtbegin.o
 *(.sdata2.*)
 .sdata2.__sys_inIPL
                0x0000000080207a8c        0x4 D:\devkitpro/libogc/lib/cube\libogc.a(system.o)
 *(.gnu.linkonce.s2.*)

.sbss2          0x0000000080207a90        0x0
 *(.sbss2)
 .sbss2         0x0000000080207a90        0x0 d:/devkitpro/devkitppc/bin/../lib/gcc/powerpc-eabi/10.2.0/ecrtn.o
 *(.sbss2.*)
 *(.gnu.linkonce.sb2.*)
                0x0000000080207a90                . = ALIGN (0x4)
                [!provide]                        PROVIDE (__preinit_array_start = .)

.preinit_array
 *(.preinit_array)
                [!provide]                        PROVIDE (__preinit_array_end = .)
                [!provide]                        PROVIDE (__init_array_start = .)

.init_array
 *(.init_array)
                [!provide]                        PROVIDE (__init_array_end = .)
                [!provide]                        PROVIDE (__fini_array_start = .)

.fini_array
 *(.fini_array)
                [!provide]                        PROVIDE (__fini_array_end = .)

.data           0x0000000080207a90     0x2b10
 *(.data)
 .data          0x0000000080207a90       0x10 D:\devkitpro/libogc/lib/cube\libogc.a(system_asm.o)
 .data          0x0000000080207aa0        0x4 d:/devkitpro/devkitppc/bin/../lib/gcc/powerpc-eabi/10.2.0\libgcc.a(eabi.o)
 *(.data.*)
 .data.opcodes  0x0000000080207aa4       0x1c single_fuzzer/single_fuzzer.o
 .data.mem_resetinfo
                0x0000000080207ac0       0x10 D:\devkitpro/libogc/lib/cube\libogc.a(system.o)
 .data.si_type  0x0000000080207ad0       0x10 D:\devkitpro/libogc/lib/cube\libogc.a(si.o)
 .data.sicntrl  0x0000000080207ae0       0x14 D:\devkitpro/libogc/lib/cube\libogc.a(si.o)
 .data.xy       0x0000000080207af4       0x60 D:\devkitpro/libogc/lib/cube\libogc.a(si.o)
 .data.pad_resetinfo
                0x0000000080207b54       0x10 D:\devkitpro/libogc/lib/cube\libogc.a(pad.o)
 .data.console_font_8x16
                0x0000000080207b64     0x1000 D:\devkitpro/libogc/lib/cube\libogc.a(console_font_8x16.o)
                0x0000000080207b64                console_font_8x16
 .data.devoptab_list
                0x0000000080208b64       0x40 d:/devkitpro/devkitppc/bin/../lib/gcc/powerpc-eabi/10.2.0/../../../../powerpc-eabi/lib\libsysbase.a(iosupport.o)
                0x0000000080208b64                devoptab_list
 *fill*         0x0000000080208ba4        0x4 
 .data.impure_data
                0x0000000080208ba8      0x448 d:/devkitpro/devkitppc/bin/../lib/gcc/powerpc-eabi/10.2.0/../../../../powerpc-eabi/lib\libc.a(lib_a-impure.o)
 .data.__malloc_av_
                0x0000000080208ff0      0x408 d:/devkitpro/devkitppc/bin/../lib/gcc/powerpc-eabi/10.2.0/../../../../powerpc-eabi/lib\libc.a(lib_a-mallocr.o)
                0x0000000080208ff0                __malloc_av_
 .data.__global_locale
                0x00000000802093f8      0x16c d:/devkitpro/devkitppc/bin/../lib/gcc/powerpc-eabi/10.2.0/../../../../powerpc-eabi/lib\libc.a(lib_a-locale.o)
                0x00000000802093f8                __global_locale
 .data.__stderr_handle
                0x0000000080209564        0xc d:/devkitpro/devkitppc/bin/../lib/gcc/powerpc-eabi/10.2.0/../../../../powerpc-eabi/lib\libsysbase.a(handle_manager.o)
 .data.__stdin_handle
                0x0000000080209570        0xc d:/devkitpro/devkitppc/bin/../lib/gcc/powerpc-eabi/10.2.0/../../../../powerpc-eabi/lib\libsysbase.a(handle_manager.o)
 .data.__stdout_handle
                0x000000008020957c        0xc d:/devkitpro/devkitppc/bin/../lib/gcc/powerpc-eabi/10.2.0/../../../../powerpc-eabi/lib\libsysbase.a(handle_manager.o)
 .data.handles  0x0000000080209588     0x1000 d:/devkitpro/devkitppc/bin/../lib/gcc/powerpc-eabi/10.2.0/../../../../powerpc-eabi/lib\libsysbase.a(handle_manager.o)
 *(.gnu.linkonce.d.*)
                0x000000008020a5a0                . = ALIGN (0x20)
 *fill*         0x000000008020a588       0x18 

.tm_clone_table
                0x000000008020a5a0        0x0
 .tm_clone_table
                0x000000008020a5a0        0x0 d:/devkitpro/devkitppc/bin/../lib/gcc/powerpc-eabi/10.2.0/crtbegin.o
 .tm_clone_table
                0x000000008020a5a0        0x0 d:/devkitpro/devkitppc/bin/../lib/gcc/powerpc-eabi/10.2.0/crtend.o

.branch_lt      0x000000008020a5a0        0x0
 .branch_lt     0x000000008020a5a0        0x0 d:/devkitpro/devkitppc/bin/../lib/gcc/powerpc-eabi/10.2.0/crtbegin.o

.data1
 *(.data1)

.tdata
 *(.tdata .tdata.* .gnu.linkonce.td.*)

.tbss
 *(.tbss .tbss.* .gnu.linkonce.tb.*)
 *(.tcommon)

.eh_frame       0x000000008020a5a0     0x3f28
 *(.eh_frame)
 .eh_frame      0x000000008020a5a0        0x0 d:/devkitpro/devkitppc/bin/../lib/gcc/powerpc-eabi/10.2.0/ecrti.o
                0x000000008020a5a0                __EH_FRAME_BEGIN__
 .eh_frame      0x000000008020a5a0        0x0 d:/devkitpro/devkitppc/bin/../lib/gcc/powerpc-eabi/10.2.0/crtbegin.o
 .eh_frame      0x000000008020a5a0        0x0 d:/devkitpro/devkitppc/bin/../lib/gcc/powerpc-eabi/10.2.0/crtbegin.o
 .eh_frame      0x000000008020a5a0       0x34 d:/devkitpro/devkitppc/bin/../lib/gcc/powerpc-eabi/10.2.0/../../../../powerpc-eabi/lib/crtmain.o
 .eh_frame      0x000000008020a5d4       0x28 main.o
                                         0x58 (size before relaxing)
 .eh_frame      0x000000008020a5fc       0x4c output.o
                                         0x7c (size before relaxing)
 .eh_frame      0x000000008020a648        0x0 int_fuzzer/int_fuzzer.o
                                         0x84 (size before relaxing)
 .eh_frame      0x000000008020a648       0x6c single_fuzzer/single_fuzzer.o
                                         0x80 (size before relaxing)
 .eh_frame      0x000000008020a6b4      0x4d4 D:\devkitpro/libogc/lib/cube\libogc.a(system.o)
                                        0xa74 (size before relaxing)
 .eh_frame      0x000000008020ab88       0x14 D:\devkitpro/libogc/lib/cube\libogc.a(cond.o)
                                        0x204 (size before relaxing)
 .eh_frame      0x000000008020ab9c       0x28 D:\devkitpro/libogc/lib/cube\libogc.a(decrementer.o)
                                         0x3c (size before relaxing)
 .eh_frame      0x000000008020abc4       0x14 D:\devkitpro/libogc/lib/cube\libogc.a(message.o)
                                        0x178 (size before relaxing)
 .eh_frame      0x000000008020abd8      0x468 D:\devkitpro/libogc/lib/cube\libogc.a(si.o)
                                        0x558 (size before relaxing)
 .eh_frame      0x000000008020b040       0x90 D:\devkitpro/libogc/lib/cube\libogc.a(timesupp.o)
                                        0x1ec (size before relaxing)
 .eh_frame      0x000000008020b0d0       0xa0 D:\devkitpro/libogc/lib/cube\libogc.a(lock_supp.o)
                                         0xb4 (size before relaxing)
 .eh_frame      0x000000008020b170       0xc0 D:\devkitpro/libogc/lib/cube\libogc.a(newlibc.o)
                                         0xd4 (size before relaxing)
 .eh_frame      0x000000008020b230       0x3c D:\devkitpro/libogc/lib/cube\libogc.a(sbrk.o)
                                         0x50 (size before relaxing)
 .eh_frame      0x000000008020b26c       0x74 D:\devkitpro/libogc/lib/cube\libogc.a(malloc_lock.o)
                                         0x88 (size before relaxing)
 .eh_frame      0x000000008020b2e0       0x20 D:\devkitpro/libogc/lib/cube\libogc.a(argv.o)
                                         0x34 (size before relaxing)
 .eh_frame      0x000000008020b300       0x14 D:\devkitpro/libogc/lib/cube\libogc.a(lwp_priority.o)
                                         0x28 (size before relaxing)
 .eh_frame      0x000000008020b314      0x28c D:\devkitpro/libogc/lib/cube\libogc.a(lwp_threadq.o)
                                        0x2f0 (size before relaxing)
 .eh_frame      0x000000008020b5a0      0x290 D:\devkitpro/libogc/lib/cube\libogc.a(lwp_threads.o)
                                        0x378 (size before relaxing)
 .eh_frame      0x000000008020b830        0x0 D:\devkitpro/libogc/lib/cube\libogc.a(lwp_messages.o)
                                        0x270 (size before relaxing)
 .eh_frame      0x000000008020b830      0x104 D:\devkitpro/libogc/lib/cube\libogc.a(lwp.o)
                                        0x434 (size before relaxing)
 .eh_frame      0x000000008020b934       0x3c D:\devkitpro/libogc/lib/cube\libogc.a(lwp_stack.o)
                                         0x50 (size before relaxing)
 .eh_frame      0x000000008020b970       0xac D:\devkitpro/libogc/lib/cube\libogc.a(lwp_mutex.o)
                                         0xc0 (size before relaxing)
 .eh_frame      0x000000008020ba1c      0x124 D:\devkitpro/libogc/lib/cube\libogc.a(lwp_watchdog.o)
                                        0x1a0 (size before relaxing)
 .eh_frame      0x000000008020bb40       0x30 D:\devkitpro/libogc/lib/cube\libogc.a(lwp_wkspace.o)
                                         0xa8 (size before relaxing)
 .eh_frame      0x000000008020bb70       0xb8 D:\devkitpro/libogc/lib/cube\libogc.a(lwp_objmgr.o)
                                         0xe0 (size before relaxing)
 .eh_frame      0x000000008020bc28       0x3c D:\devkitpro/libogc/lib/cube\libogc.a(lwp_heap.o)
                                         0x64 (size before relaxing)
 .eh_frame      0x000000008020bc64       0xf0 D:\devkitpro/libogc/lib/cube\libogc.a(exception.o)
                                        0x164 (size before relaxing)
 .eh_frame      0x000000008020bd54       0xc8 D:\devkitpro/libogc/lib/cube\libogc.a(irq.o)
                                        0x118 (size before relaxing)
 .eh_frame      0x000000008020be1c       0x14 D:\devkitpro/libogc/lib/cube\libogc.a(semaphore.o)
                                        0x160 (size before relaxing)
 .eh_frame      0x000000008020be30       0x64 D:\devkitpro/libogc/lib/cube\libogc.a(video.o)
                                        0x2c0 (size before relaxing)
 .eh_frame      0x000000008020be94      0x334 D:\devkitpro/libogc/lib/cube\libogc.a(pad.o)
                                        0x508 (size before relaxing)
 .eh_frame      0x000000008020c1c8      0x518 D:\devkitpro/libogc/lib/cube\libogc.a(exi.o)
                                        0x80c (size before relaxing)
 .eh_frame      0x000000008020c6e0      0x128 D:\devkitpro/libogc/lib/cube\libogc.a(mutex.o)
                                        0x150 (size before relaxing)
 .eh_frame      0x000000008020c808       0x38 D:\devkitpro/libogc/lib/cube\libogc.a(gx.o)
                                       0x1668 (size before relaxing)
 .eh_frame      0x000000008020c840      0x120 D:\devkitpro/libogc/lib/cube\libogc.a(kprintf.o)
                                        0x134 (size before relaxing)
 .eh_frame      0x000000008020c960      0x170 D:\devkitpro/libogc/lib/cube\libogc.a(console.o)
                                        0x248 (size before relaxing)
 .eh_frame      0x000000008020cad0       0x3c D:\devkitpro/libogc/lib/cube\libogc.a(lwp_queue.o)
                                         0x78 (size before relaxing)
 .eh_frame      0x000000008020cb0c        0x0 D:\devkitpro/libogc/lib/cube\libogc.a(lwp_sema.o)
                                         0xa4 (size before relaxing)
 .eh_frame      0x000000008020cb0c      0x154 D:\devkitpro/libogc/lib/cube\libogc.a(usbgecko.o)
                                        0x3d8 (size before relaxing)
 .eh_frame      0x000000008020cc60        0x0 d:/devkitpro/devkitppc/bin/../lib/gcc/powerpc-eabi/10.2.0/../../../../powerpc-eabi/lib\libm.a(lib_a-sf_cos.o)
                                         0x54 (size before relaxing)
 .eh_frame      0x000000008020cc60        0x0 d:/devkitpro/devkitppc/bin/../lib/gcc/powerpc-eabi/10.2.0/../../../../powerpc-eabi/lib\libm.a(lib_a-wf_sqrt.o)
                                         0x54 (size before relaxing)
 .eh_frame      0x000000008020cc60        0x0 d:/devkitpro/devkitppc/bin/../lib/gcc/powerpc-eabi/10.2.0/../../../../powerpc-eabi/lib\libm.a(lib_a-ef_rem_pio2.o)
                                         0x8c (size before relaxing)
 .eh_frame      0x000000008020cc60        0x0 d:/devkitpro/devkitppc/bin/../lib/gcc/powerpc-eabi/10.2.0/../../../../powerpc-eabi/lib\libm.a(lib_a-ef_sqrt.o)
                                         0x3c (size before relaxing)
 .eh_frame      0x000000008020cc60        0x0 d:/devkitpro/devkitppc/bin/../lib/gcc/powerpc-eabi/10.2.0/../../../../powerpc-eabi/lib\libm.a(lib_a-kf_cos.o)
                                         0x38 (size before relaxing)
 .eh_frame      0x000000008020cc60        0x0 d:/devkitpro/devkitppc/bin/../lib/gcc/powerpc-eabi/10.2.0/../../../../powerpc-eabi/lib\libm.a(lib_a-kf_rem_pio2.o)
                                         0x84 (size before relaxing)
 .eh_frame      0x000000008020cc60        0x0 d:/devkitpro/devkitppc/bin/../lib/gcc/powerpc-eabi/10.2.0/../../../../powerpc-eabi/lib\libm.a(lib_a-kf_sin.o)
                                         0x34 (size before relaxing)
 .eh_frame      0x000000008020cc60        0x0 d:/devkitpro/devkitppc/bin/../lib/gcc/powerpc-eabi/10.2.0/../../../../powerpc-eabi/lib\libm.a(lib_a-sf_fabs.o)
                                         0x2c (size before relaxing)
 .eh_frame      0x000000008020cc60        0x0 d:/devkitpro/devkitppc/bin/../lib/gcc/powerpc-eabi/10.2.0/../../../../powerpc-eabi/lib\libm.a(lib_a-sf_floor.o)
                                         0x34 (size before relaxing)
 .eh_frame      0x000000008020cc60        0x0 d:/devkitpro/devkitppc/bin/../lib/gcc/powerpc-eabi/10.2.0/../../../../powerpc-eabi/lib\libm.a(lib_a-sf_scalbn.o)
                                         0x3c (size before relaxing)
 .eh_frame      0x000000008020cc60        0x0 d:/devkitpro/devkitppc/bin/../lib/gcc/powerpc-eabi/10.2.0\libgcc.a(_moddi3.o)
                                         0x44 (size before relaxing)
 .eh_frame      0x000000008020cc60       0x34 d:/devkitpro/devkitppc/bin/../lib/gcc/powerpc-eabi/10.2.0\libgcc.a(_udivdi3.o)
                                         0x48 (size before relaxing)
 .eh_frame      0x000000008020cc94       0x44 d:/devkitpro/devkitppc/bin/../lib/gcc/powerpc-eabi/10.2.0\libgcc.a(_umoddi3.o)
                                         0x58 (size before relaxing)
 .eh_frame      0x000000008020ccd8       0x18 d:/devkitpro/devkitppc/bin/../lib/gcc/powerpc-eabi/10.2.0/../../../../powerpc-eabi/lib\libsysbase.a(abort.o)
                                         0x2c (size before relaxing)
 .eh_frame      0x000000008020ccf0       0x14 d:/devkitpro/devkitppc/bin/../lib/gcc/powerpc-eabi/10.2.0/../../../../powerpc-eabi/lib\libsysbase.a(iosupport.o)
                                        0x128 (size before relaxing)
 .eh_frame      0x000000008020cd04        0x0 d:/devkitpro/devkitppc/bin/../lib/gcc/powerpc-eabi/10.2.0/../../../../powerpc-eabi/lib\libsysbase.a(usleep.o)
                                         0x40 (size before relaxing)
 .eh_frame      0x000000008020cd04       0x20 d:/devkitpro/devkitppc/bin/../lib/gcc/powerpc-eabi/10.2.0/../../../../powerpc-eabi/lib\libsysbase.a(_exit.o)
                                         0x34 (size before relaxing)
 .eh_frame      0x000000008020cd24       0x14 d:/devkitpro/devkitppc/bin/../lib/gcc/powerpc-eabi/10.2.0/../../../../powerpc-eabi/lib\libsysbase.a(build_argv.o)
                                         0x28 (size before relaxing)
 .eh_frame      0x000000008020cd38        0x0 d:/devkitpro/devkitppc/bin/../lib/gcc/powerpc-eabi/10.2.0/../../../../powerpc-eabi/lib\libsysbase.a(nanosleep.o)
                                         0x34 (size before relaxing)
 .eh_frame      0x000000008020cd38       0x14 d:/devkitpro/devkitppc/bin/../lib/gcc/powerpc-eabi/10.2.0/../../../../powerpc-eabi/lib\libc.a(lib_a-calloc.o)
                                         0x28 (size before relaxing)
 .eh_frame      0x000000008020cd4c       0x30 d:/devkitpro/devkitppc/bin/../lib/gcc/powerpc-eabi/10.2.0/../../../../powerpc-eabi/lib\libc.a(lib_a-callocr.o)
                                         0x44 (size before relaxing)
 .eh_frame      0x000000008020cd7c        0x0 d:/devkitpro/devkitppc/bin/../lib/gcc/powerpc-eabi/10.2.0/../../../../powerpc-eabi/lib\libc.a(lib_a-ctype_.o)
                                         0x28 (size before relaxing)
 .eh_frame      0x000000008020cd7c        0x0 d:/devkitpro/devkitppc/bin/../lib/gcc/powerpc-eabi/10.2.0/../../../../powerpc-eabi/lib\libc.a(lib_a-errno.o)
                                         0x28 (size before relaxing)
 .eh_frame      0x000000008020cd7c       0x20 d:/devkitpro/devkitppc/bin/../lib/gcc/powerpc-eabi/10.2.0/../../../../powerpc-eabi/lib\libc.a(lib_a-exit.o)
                                         0x34 (size before relaxing)
 .eh_frame      0x000000008020cd9c        0x0 d:/devkitpro/devkitppc/bin/../lib/gcc/powerpc-eabi/10.2.0/../../../../powerpc-eabi/lib\libc.a(lib_a-malign.o)
                                         0x28 (size before relaxing)
 .eh_frame      0x000000008020cd9c        0x0 d:/devkitpro/devkitppc/bin/../lib/gcc/powerpc-eabi/10.2.0/../../../../powerpc-eabi/lib\libc.a(lib_a-malignr.o)
                                         0x74 (size before relaxing)