Archive member included to satisfy reference by file (symbol)

D:\devkitpro/libogc/lib/cube\libogc.a(video.o)
                              texture.o (VIDEO_Init)
D:\devkitpro/libogc/lib/cube\libogc.a(pad.o)
                              texture.o (PAD_Init)
D:\devkitpro/libogc/lib/cube\libogc.a(system.o)
                              D:\devkitpro/libogc/lib/cube\libogc.a(video.o) (__SYS_LockSram)
D:\devkitpro/libogc/lib/cube\libogc.a(system_asm.o)
                              D:\devkitpro/libogc/lib/cube\libogc.a(system.o) (__reset)
D:\devkitpro/libogc/lib/cube\libogc.a(cond.o)
                              D:\devkitpro/libogc/lib/cube\libogc.a(system.o) (__lwp_cond_init)
D:\devkitpro/libogc/lib/cube\libogc.a(gx.o)
                              texture.o (GX_Flush)
D:\devkitpro/libogc/lib/cube\libogc.a(gu.o)
                              texture.o (guPerspective)
D:\devkitpro/libogc/lib/cube\libogc.a(gu_psasm.o)
                              texture.o (ps_guMtxConcat)
D:\devkitpro/libogc/lib/cube\libogc.a(decrementer.o)
                              D:\devkitpro/libogc/lib/cube\libogc.a(system.o) (__decrementer_init)
D:\devkitpro/libogc/lib/cube\libogc.a(message.o)
                              D:\devkitpro/libogc/lib/cube\libogc.a(system.o) (__lwp_mqbox_init)
D:\devkitpro/libogc/lib/cube\libogc.a(si.o)
                              D:\devkitpro/libogc/lib/cube\libogc.a(pad.o) (SI_Busy)
D:\devkitpro/libogc/lib/cube\libogc.a(tpl.o)
                              texture.o (TPL_OpenTPLFromMemory)
D:\devkitpro/libogc/lib/cube\libogc.a(ogc_crt0.o)
                              (_start)
D:\devkitpro/libogc/lib/cube\libogc.a(timesupp.o)
                              D:\devkitpro/libogc/lib/cube\libogc.a(system.o) (gettick)
D:\devkitpro/libogc/lib/cube\libogc.a(lock_supp.o)
                              D:\devkitpro/libogc/lib/cube\libogc.a(system.o) (__libogc_lock_init)
D:\devkitpro/libogc/lib/cube\libogc.a(newlibc.o)
                              D:\devkitpro/libogc/lib/cube\libogc.a(system.o) (__libc_init)
D:\devkitpro/libogc/lib/cube\libogc.a(sbrk.o)
                              D:\devkitpro/libogc/lib/cube\libogc.a(system.o) (__libogc_sbrk_r)
D:\devkitpro/libogc/lib/cube\libogc.a(malloc_lock.o)
                              D:\devkitpro/libogc/lib/cube\libogc.a(system.o) (__memlock_init)
D:\devkitpro/libogc/lib/cube\libogc.a(argv.o)
                              D:\devkitpro/libogc/lib/cube\libogc.a(ogc_crt0.o) (__CheckARGV)
D:\devkitpro/libogc/lib/cube\libogc.a(lwp_priority.o)
                              D:\devkitpro/libogc/lib/cube\libogc.a(system.o) (__lwp_priority_init)
D:\devkitpro/libogc/lib/cube\libogc.a(lwp_threadq.o)
                              D:\devkitpro/libogc/lib/cube\libogc.a(cond.o) (__lwp_threadqueue_init)
D:\devkitpro/libogc/lib/cube\libogc.a(lwp_threads.o)
                              D:\devkitpro/libogc/lib/cube\libogc.a(cond.o) (_thr_executing)
D:\devkitpro/libogc/lib/cube\libogc.a(lwp_messages.o)
                              D:\devkitpro/libogc/lib/cube\libogc.a(message.o) (__lwpmq_initialize)
D:\devkitpro/libogc/lib/cube\libogc.a(lwp.o)
                              D:\devkitpro/libogc/lib/cube\libogc.a(system.o) (__lwp_sysinit)
D:\devkitpro/libogc/lib/cube\libogc.a(lwp_handler.o)
                              D:\devkitpro/libogc/lib/cube\libogc.a(lwp_threads.o) (_cpu_context_save_fp)
D:\devkitpro/libogc/lib/cube\libogc.a(lwp_stack.o)
                              D:\devkitpro/libogc/lib/cube\libogc.a(lwp_threads.o) (__lwp_stack_allocate)
D:\devkitpro/libogc/lib/cube\libogc.a(lwp_mutex.o)
                              D:\devkitpro/libogc/lib/cube\libogc.a(malloc_lock.o) (__lwp_mutex_initialize)
D:\devkitpro/libogc/lib/cube\libogc.a(lwp_watchdog.o)
                              D:\devkitpro/libogc/lib/cube\libogc.a(system.o) (__lwp_watchdog_init)
D:\devkitpro/libogc/lib/cube\libogc.a(lwp_wkspace.o)
                              D:\devkitpro/libogc/lib/cube\libogc.a(system.o) (__lwp_wkspace_init)
D:\devkitpro/libogc/lib/cube\libogc.a(lwp_objmgr.o)
                              D:\devkitpro/libogc/lib/cube\libogc.a(system.o) (__lwp_objmgr_initinfo)
D:\devkitpro/libogc/lib/cube\libogc.a(lwp_heap.o)
                              D:\devkitpro/libogc/lib/cube\libogc.a(lwp_wkspace.o) (__lwp_heap_init)
D:\devkitpro/libogc/lib/cube\libogc.a(sys_state.o)
                              D:\devkitpro/libogc/lib/cube\libogc.a(system.o) (_sys_state_curr)
D:\devkitpro/libogc/lib/cube\libogc.a(exception.o)
                              D:\devkitpro/libogc/lib/cube\libogc.a(system.o) (__systemcall_init)
D:\devkitpro/libogc/lib/cube\libogc.a(irq.o)
                              D:\devkitpro/libogc/lib/cube\libogc.a(video.o) (__UnmaskIrq)
D:\devkitpro/libogc/lib/cube\libogc.a(irq_handler.o)
                              D:\devkitpro/libogc/lib/cube\libogc.a(exception.o) (irq_exceptionhandler)
D:\devkitpro/libogc/lib/cube\libogc.a(semaphore.o)
[...]
Memory Configuration

Name             Origin             Length             Attributes
*default*        0x0000000000000000 0xffffffffffffffff

Linker script and memory map

                0x0000000080003100                . = 0x80003100

.init           0x0000000080003100      0x194
 *crt0.o(*.init)
 .init          0x0000000080003100      0x170 D:\devkitpro/libogc/lib/cube\libogc.a(ogc_crt0.o)
                0x0000000080003100                _start
                0x0000000080003240                _memset
 *(.init)
 .init          0x0000000080003270        0xc d:/devkitpro/devkitppc/bin/../lib/gcc/powerpc-eabi/10.2.0/ecrti.o
                0x0000000080003270                __init
 .init          0x000000008000327c        0x4 d:/devkitpro/devkitppc/bin/../lib/gcc/powerpc-eabi/10.2.0/crtbegin.o
 .init          0x0000000080003280        0x4 d:/devkitpro/devkitppc/bin/../lib/gcc/powerpc-eabi/10.2.0/crtend.o
 .init          0x0000000080003284       0x10 d:/devkitpro/devkitppc/bin/../lib/gcc/powerpc-eabi/10.2.0/ecrtn.o

.rela.dyn       0x0000000080003294        0x0
 .rela.iplt     0x0000000080003294        0x0 d:/devkitpro/devkitppc/bin/../lib/gcc/powerpc-eabi/10.2.0/crtbegin.o

.plt
 *(.plt)

.interp
 *(.interp)

.hash
 *(.hash)

.dynsym
 *(.dynsym)

.dynstr
 *(.dynstr)

.gnu.version
 *(.gnu.version)

.gnu.version_d
 *(.gnu.version_d)

.gnu.version_r
 *(.gnu.version_r)

.rel.init
 *(.rel.init)

.rela.init      0x0000000080003294        0x0
 *(.rela.init)
 .rela.init     0x0000000080003294        0x0 d:/devkitpro/devkitppc/bin/../lib/gcc/powerpc-eabi/10.2.0/crtbegin.o

.rel.text
 *(.rel.text .rel.text.* .rel.gnu.linkonce.t.*)

.rela.text      0x0000000080003294        0x0
 *(.rela.text .rela.text.* .rela.gnu.linkonce.t.*)
 .rela.text.deregister_tm_clones
                0x0000000080003294        0x0 d:/devkitpro/devkitppc/bin/../lib/gcc/powerpc-eabi/10.2.0/crtbegin.o
 .rela.text.register_tm_clones
                0x0000000080003294        0x0 d:/devkitpro/devkitppc/bin/../lib/gcc/powerpc-eabi/10.2.0/crtbegin.o
 .rela.text.__do_global_dtors_aux
                0x0000000080003294        0x0 d:/devkitpro/devkitppc/bin/../lib/gcc/powerpc-eabi/10.2.0/crtbegin.o
 .rela.text.frame_dummy
                0x0000000080003294        0x0 d:/devkitpro/devkitppc/bin/../lib/gcc/powerpc-eabi/10.2.0/crtbegin.o
 .rela.text.SYS_Init
                0x0000000080003294        0x0 d:/devkitpro/devkitppc/bin/../lib/gcc/powerpc-eabi/10.2.0/crtbegin.o
 .rela.text.__GXDefTlutRegionCallback
                0x0000000080003294        0x0 d:/devkitpro/devkitppc/bin/../lib/gcc/powerpc-eabi/10.2.0/crtbegin.o
 .rela.text.__SetSURegs
                0x0000000080003294        0x0 d:/devkitpro/devkitppc/bin/../lib/gcc/powerpc-eabi/10.2.0/crtbegin.o
 .rela.text.__SETVCDATTR
                0x0000000080003294        0x0 d:/devkitpro/devkitppc/bin/../lib/gcc/powerpc-eabi/10.2.0/crtbegin.o
 .rela.text.__SETVCDFMT
                0x0000000080003294        0x0 d:/devkitpro/devkitppc/bin/../lib/gcc/powerpc-eabi/10.2.0/crtbegin.o
 .rela.text.__GXCPInterruptHandler
                0x0000000080003294        0x0 d:/devkitpro/devkitppc/bin/../lib/gcc/powerpc-eabi/10.2.0/crtbegin.o
 .rela.text.GX_SetTexCoordGen2.part.0
                0x0000000080003294        0x0 d:/devkitpro/devkitppc/bin/../lib/gcc/powerpc-eabi/10.2.0/crtbegin.o
 .rela.text.__GXDefTexRegionCallback
                0x0000000080003294        0x0 d:/devkitpro/devkitppc/bin/../lib/gcc/powerpc-eabi/10.2.0/crtbegin.o
 .rela.text.__GX_SetDirtyState
                0x0000000080003294        0x0 d:/devkitpro/devkitppc/bin/../lib/gcc/powerpc-eabi/10.2.0/crtbegin.o
 .rela.text.GX_SetCPUFifo
                0x0000000080003294        0x0 d:/devkitpro/devkitppc/bin/../lib/gcc/powerpc-eabi/10.2.0/crtbegin.o
 .rela.text.GX_SetGPFifo
                0x0000000080003294        0x0 d:/devkitpro/devkitppc/bin/../lib/gcc/powerpc-eabi/10.2.0/crtbegin.o
 .rela.text.GX_Flush
                0x0000000080003294        0x0 d:/devkitpro/devkitppc/bin/../lib/gcc/powerpc-eabi/10.2.0/crtbegin.o
 .rela.text.GX_AbortFrame
                0x0000000080003294        0x0 d:/devkitpro/devkitppc/bin/../lib/gcc/powerpc-eabi/10.2.0/crtbegin.o
 .rela.text.__gx_onreset
                0x0000000080003294        0x0 d:/devkitpro/devkitppc/bin/../lib/gcc/powerpc-eabi/10.2.0/crtbegin.o
 .rela.text.GX_DrawDone
                0x0000000080003294        0x0 d:/devkitpro/devkitppc/bin/../lib/gcc/powerpc-eabi/10.2.0/crtbegin.o
 .rela.text.GX_SetDispCopyGamma
                0x0000000080003294        0x0 d:/devkitpro/devkitppc/bin/../lib/gcc/powerpc-eabi/10.2.0/crtbegin.o
 .rela.text.GX_SetDispCopyYScale
                0x0000000080003294        0x0 d:/devkitpro/devkitppc/bin/../lib/gcc/powerpc-eabi/10.2.0/crtbegin.o
 .rela.text.GX_SetDispCopyDst
                0x0000000080003294        0x0 d:/devkitpro/devkitppc/bin/../lib/gcc/powerpc-eabi/10.2.0/crtbegin.o
 .rela.text.GX_SetDispCopySrc
                0x0000000080003294        0x0 d:/devkitpro/devkitppc/bin/../lib/gcc/powerpc-eabi/10.2.0/crtbegin.o
 .rela.text.GX_CopyDisp
                0x0000000080003294        0x0 d:/devkitpro/devkitppc/bin/../lib/gcc/powerpc-eabi/10.2.0/crtbegin.o
 .rela.text.GX_SetVtxDesc
                0x0000000080003294        0x0 d:/devkitpro/devkitppc/bin/../lib/gcc/powerpc-eabi/10.2.0/crtbegin.o
 .rela.text.GX_SetVtxAttrFmt
                0x0000000080003294        0x0 d:/devkitpro/devkitppc/bin/../lib/gcc/powerpc-eabi/10.2.0/crtbegin.o
 .rela.text.GX_Begin
                0x0000000080003294        0x0 d:/devkitpro/devkitppc/bin/../lib/gcc/powerpc-eabi/10.2.0/crtbegin.o
 .rela.text.GX_SetNumTexGens
                0x0000000080003294        0x0 d:/devkitpro/devkitppc/bin/../lib/gcc/powerpc-eabi/10.2.0/crtbegin.o
 .rela.text.GX_SetZMode
                0x0000000080003294        0x0 d:/devkitpro/devkitppc/bin/../lib/gcc/powerpc-eabi/10.2.0/crtbegin.o
 .rela.text.GX_LoadTexObjPreloaded
                0x0000000080003294        0x0 d:/devkitpro/devkitppc/bin/../lib/gcc/powerpc-eabi/10.2.0/crtbegin.o
 .rela.text.GX_InvalidateTexAll
                0x0000000080003294        0x0 d:/devkitpro/devkitppc/bin/../lib/gcc/powerpc-eabi/10.2.0/crtbegin.o
 .rela.text.GX_SetBlendMode
                0x0000000080003294        0x0 d:/devkitpro/devkitppc/bin/../lib/gcc/powerpc-eabi/10.2.0/crtbegin.o
 .rela.text.GX_ClearVtxDesc
                0x0000000080003294        0x0 d:/devkitpro/devkitppc/bin/../lib/gcc/powerpc-eabi/10.2.0/crtbegin.o
 .rela.text.GX_SetTevColorIn
                0x0000000080003294        0x0 d:/devkitpro/devkitppc/bin/../lib/gcc/powerpc-eabi/10.2.0/crtbegin.o
 .rela.text.GX_SetTevAlphaIn
                0x0000000080003294        0x0 d:/devkitpro/devkitppc/bin/../lib/gcc/powerpc-eabi/10.2.0/crtbegin.o
 .rela.text.GX_SetTevColorOp
                0x0000000080003294        0x0 d:/devkitpro/devkitppc/bin/../lib/gcc/powerpc-eabi/10.2.0/crtbegin.o
 .rela.text.GX_SetTevAlphaOp
                0x0000000080003294        0x0 d:/devkitpro/devkitppc/bin/../lib/gcc/powerpc-eabi/10.2.0/crtbegin.o
 .rela.text.GX_SetCullMode
                0x0000000080003294        0x0 d:/devkitpro/devkitppc/bin/../lib/gcc/powerpc-eabi/10.2.0/crtbegin.o
 .rela.text.GX_SetScissor
                0x0000000080003294        0x0 d:/devkitpro/devkitppc/bin/../lib/gcc/powerpc-eabi/10.2.0/crtbegin.o
 .rela.text.GX_SetNumChans
                0x0000000080003294        0x0 d:/devkitpro/devkitppc/bin/../lib/gcc/powerpc-eabi/10.2.0/crtbegin.o
 .rela.text.GX_SetTevOrder
                0x0000000080003294        0x0 d:/devkitpro/devkitppc/bin/../lib/gcc/powerpc-eabi/10.2.0/crtbegin.o
 .rela.text.GX_SetTevKColorSel
                0x0000000080003294        0x0 d:/devkitpro/devkitppc/bin/../lib/gcc/powerpc-eabi/10.2.0/crtbegin.o
 .rela.text.GX_SetTevKAlphaSel
                0x0000000080003294        0x0 d:/devkitpro/devkitppc/bin/../lib/gcc/powerpc-eabi/10.2.0/crtbegin.o
 .rela.text.GX_SetTevSwapModeTable
                0x0000000080003294        0x0 d:/devkitpro/devkitppc/bin/../lib/gcc/powerpc-eabi/10.2.0/crtbegin.o
 .rela.text.GX_SetColorUpdate
                0x0000000080003294        0x0 d:/devkitpro/devkitppc/bin/../lib/gcc/powerpc-eabi/10.2.0/crtbegin.o
 .rela.text.GX_SetPixelFmt
                0x0000000080003294        0x0 d:/devkitpro/devkitppc/bin/../lib/gcc/powerpc-eabi/10.2.0/crtbegin.o
 .rela.text.GX_SetFieldMode
                0x0000000080003294        0x0 d:/devkitpro/devkitppc/bin/../lib/gcc/powerpc-eabi/10.2.0/crtbegin.o
 .rela.text.GX_SetGPMetric
                0x0000000080003294        0x0 d:/devkitpro/devkitppc/bin/../lib/gcc/powerpc-eabi/10.2.0/crtbegin.o
 .rela.text.GX_Init
                0x0000000080003294        0x0 d:/devkitpro/devkitppc/bin/../lib/gcc/powerpc-eabi/10.2.0/crtbegin.o
 .rela.text.__CheckARGV
                0x0000000080003294        0x0 d:/devkitpro/devkitppc/bin/../lib/gcc/powerpc-eabi/10.2.0/crtbegin.o
 .rela.text.__lwp_sysinit
                0x0000000080003294        0x0 d:/devkitpro/devkitppc/bin/../lib/gcc/powerpc-eabi/10.2.0/crtbegin.o
 .rela.text.__irq_init
                0x0000000080003294        0x0 d:/devkitpro/devkitppc/bin/../lib/gcc/powerpc-eabi/10.2.0/crtbegin.o

.rel.fini
 *(.rel.fini)

.rela.fini
 *(.rela.fini)

.rel.rodata
 *(.rel.rodata .rel.rodata.* .rel.gnu.linkonce.r.*)

.rela.rodata
 *(.rela.rodata .rela.rodata.* .rela.gnu.linkonce.r.*)

.rel.data
 *(.rel.data .rel.data.* .rel.gnu.linkonce.d.*)

.rela.data
 *(.rela.data .rela.data.* .rela.gnu.linkonce.d.*)

.rel.tdata
 *(.rel.tdata .rel.tdata.* .rel.gnu.linkonce.td.*)

.rela.tdata
 *(.rela.tdata .rela.tdata.* .rela.gnu.linkonce.td.*)

.rel.tbss
 *(.rel.tbss .rel.tbss.* .rel.gnu.linkonce.tb.*)

.rela.tbss
 *(.rela.tbss .rela.tbss.* .rela.gnu.linkonce.tb.*)

.rel.ctors
 *(.rel.ctors)

.rela.ctors
 *(.rela.ctors)

.rel.dtors
 *(.rel.dtors)

.rela.dtors
 *(.rela.dtors)

.rel.got
 *(.rel.got)

.rela.got
 *(.rela.got)

.rela.got1
 *(.rela.got1)

.rela.got2
 *(.rela.got2)

.rel.sdata
 *(.rel.sdata .rel.sdata.* .rel.gnu.linkonce.s.*)

.rela.sdata
 *(.rela.sdata .rela.sdata.* .rela.gnu.linkonce.s.*)

.rel.sbss
 *(.rel.sbss .rel.sbss.* .rel.gnu.linkonce.sb.*)

.rela.sbss
 *(.rela.sbss .rela.sbss.* .rel.gnu.linkonce.sb.*)

.rel.sdata2
 *(.rel.sdata2 .rel.sdata2.* .rel.gnu.linkonce.s2.*)

.rela.sdata2    0x0000000080003294        0x0
 *(.rela.sdata2 .rela.sdata2.* .rela.gnu.linkonce.s2.*)
 .rela.sdata2.__sys_inIPL
                0x0000000080003294        0x0 d:/devkitpro/devkitppc/bin/../lib/gcc/powerpc-eabi/10.2.0/crtbegin.o

.rel.sbss2
 *(.rel.sbss2 .rel.sbss2.* .rel.gnu.linkonce.sb2.*)

.rela.sbss2
 *(.rela.sbss2 .rela.sbss2.* .rela.gnu.linkonce.sb2.*)

.rel.bss
 *(.rel.bss .rel.bss.* .rel.gnu.linkonce.b.*)

.rela.bss
 *(.rela.bss .rela.bss.* .rela.gnu.linkonce.b.*)

.rel.plt
 *(.rel.plt)

.rela.plt
 *(.rela.plt)

.text           0x00000000800032a0    0x1cc40
 *(.text)
 .text          0x00000000800032a0      0x434 D:\devkitpro/libogc/lib/cube\libogc.a(system_asm.o)
                0x00000000800032a0                __realmode
                0x00000000800032b8                __configBATS
                0x000000008000338c                __InitFPRS
                0x00000000800034b8                __InitPS
                0x0000000080003514                __InitCache
                0x000000008000356c                __InitSystem
                0x00000000800035e4                __flush_cache
                0x0000000080003618                __reset
                0x0000000080003688                __InitBATS
                0x00000000800036a4                SYS_SwitchFiber
 .text          0x00000000800036d4      0x8dc D:\devkitpro/libogc/lib/cube\libogc.a(gu_psasm.o)
                0x00000000800036d4                ps_guMtxConcat
                0x0000000080003798                ps_guMtxIdentity
                0x00000000800037c4                ps_guMtxCopy
                0x00000000800037f8                ps_guMtxTranspose
                0x0000000080003848                ps_guMtxInverse
                0x0000000080003940                ps_guMtxInvXpose
                0x0000000080003a08                ps_guMtxScale
                0x0000000080003a30                ps_guMtxScaleApply
                0x0000000080003a88                ps_guMtxApplyScale
                0x0000000080003aec                ps_guMtxTrans
                0x0000000080003b20                ps_guMtxTransApply
                0x0000000080003b6c                ps_guMtxApplyTrans
                0x0000000080003be8                ps_guMtxRotTrig
                0x0000000080003c98                __ps_guMtxRotAxisRadInternal
                0x0000000080003d58                ps_guMtxReflect
                0x0000000080003dc8                ps_guVecAdd
                0x0000000080003dec                ps_guVecSub
                0x0000000080003e10                ps_guVecScale
                0x0000000080003e2c                ps_guVecNormalize
                0x0000000080003e70                ps_guVecCross
                0x0000000080003eac                ps_guVecDotProduct
                0x0000000080003ecc                ps_guVecMultiply
                0x0000000080003f20                ps_guVecMultiplySR
                0x0000000080003f90                ps_guQuatDotProduct
 *fill*         0x0000000080003fb0       0x10 00000000
 .text          0x0000000080003fc0      0x44c D:\devkitpro/libogc/lib/cube\libogc.a(lwp_handler.o)
                0x0000000080003fc0                _cpu_context_save_fp
                0x0000000080004100                _cpu_context_restore_fp
                0x0000000080004240                _cpu_context_switch
                0x0000000080004320                _cpu_context_save
                0x00000000800043a0                _cpu_context_restore
 .text          0x000000008000440c      0x1ac D:\devkitpro/libogc/lib/cube\libogc.a(irq_handler.o)
                0x000000008000440c                irq_exceptionhandler
 .text          0x00000000800045b8      0x4f4 D:\devkitpro/libogc/lib/cube\libogc.a(cache_asm.o)
                0x00000000800045b8                DCFlashInvalidate
                0x00000000800045cc                DCEnable
                0x00000000800045e0                DCDisable
                0x00000000800045f4                DCFreeze
                0x0000000080004608                DCUnfreeze
                0x000000008000461c                DCTouchLoad
                0x0000000080004624                DCBlockZero
                0x000000008000462c                DCBlockStore
                0x0000000080004634                DCBlockFlush
                0x000000008000463c                DCBlockInvalidate
                0x0000000080004644                DCInvalidateRange
                0x0000000080004674                DCFlushRange
                0x00000000800046a8                DCStoreRange
                0x00000000800046dc                DCFlushRangeNoSync
                0x000000008000470c                DCStoreRangeNoSync
                0x000000008000473c                DCZeroRange
                0x000000008000476c                DCTouchRange
                0x000000008000479c                ICInvalidateRange
                0x00000000800047d4                ICFlashInvalidate
                0x00000000800047e8                ICEnable
                0x00000000800047fc                ICDisable
                0x0000000080004810                ICFreeze
                0x0000000080004824                ICUnfreeze
                0x0000000080004838                ICBlockInvalidate
                0x0000000080004840                ICSync
                0x0000000080004848                L2Init
                0x0000000080004890                L2Enable
                0x00000000800048ac                L2Disable
                0x00000000800048c4                L2GlobalInvalidate
                0x000000008000491c                __LCEnable
                0x00000000800049e8                LCDisable
                0x0000000080004a10                LCAllocOneTag
                0x0000000080004a24                LCAllocTags
                0x0000000080004a64                LCLoadBlocks
                0x0000000080004a88                LCStoreBlocks
 .text          0x0000000080004aac      0x1ac D:\devkitpro/libogc/lib/cube\libogc.a(decrementer_handler.o)
                0x0000000080004aac                dec_exceptionhandler
 .text          0x0000000080004c58      0x35c D:\devkitpro/libogc/lib/cube\libogc.a(exception_handler.o)
                0x0000000080004c58                exceptionhandler_start
                0x0000000080004cd4                exceptionhandler_patch
                0x0000000080004d08                exceptionhandler_end
                0x0000000080004d0c                default_exceptionhandler
                0x0000000080004e3c                fpu_exceptionhandler
                0x0000000080004f84                systemcallhandler_start
                0x0000000080004fb0                systemcallhandler_end
 .text          0x0000000080004fb4       0x48 d:/devkitpro/devkitppc/bin/../lib/gcc/powerpc-eabi/10.2.0\libgcc.a(eabi.o)
                0x0000000080004fb4                __eabi
 *(.text.*)
 .text.deregister_tm_clones
                0x0000000080004ffc       0x30 d:/devkitpro/devkitppc/bin/../lib/gcc/powerpc-eabi/10.2.0/crtbegin.o
 .text.register_tm_clones
                0x000000008000502c       0x3c d:/devkitpro/devkitppc/bin/../lib/gcc/powerpc-eabi/10.2.0/crtbegin.o
 .text.__do_global_dtors_aux
                0x0000000080005068       0xd0 d:/devkitpro/devkitppc/bin/../lib/gcc/powerpc-eabi/10.2.0/crtbegin.o
 .text.frame_dummy
                0x0000000080005138       0x44 d:/devkitpro/devkitppc/bin/../lib/gcc/powerpc-eabi/10.2.0/crtbegin.o
 .text.__crtmain
                0x000000008000517c       0x44 d:/devkitpro/devkitppc/bin/../lib/gcc/powerpc-eabi/10.2.0/../../../../powerpc-eabi/lib/crtmain.o
                0x0000000080005180                __crtmain
 .text.copy_to_xfb
                0x00000000800051c0       0x74 texture.o
 .text.draw_init
                0x0000000080005234      0x124 texture.o
                0x0000000080005234                draw_init
 .text.draw_square
                0x0000000080005358      0x10c texture.o
                0x0000000080005358                draw_square
 .text.startup.main
                0x0000000080005464      0x438 texture.o
                0x0000000080005464                main
 .text.__VIRetraceHandler
                0x000000008000589c      0x1fc D:\devkitpro/libogc/lib/cube\libogc.a(video.o)
 .text.__setFbbRegs.constprop.0
                0x0000000080005a98      0x198 D:\devkitpro/libogc/lib/cube\libogc.a(video.o)
 .text.VIDEO_Init
                0x0000000080005c30      0x4f0 D:\devkitpro/libogc/lib/cube\libogc.a(video.o)
                0x0000000080005c30                VIDEO_Init
 .text.VIDEO_Configure
                0x0000000080006120      0x600 D:\devkitpro/libogc/lib/cube\libogc.a(video.o)
                0x0000000080006120                VIDEO_Configure
 .text.VIDEO_WaitVSync
                0x0000000080006720       0x74 D:\devkitpro/libogc/lib/cube\libogc.a(video.o)
                0x0000000080006720                VIDEO_WaitVSync
 .text.VIDEO_SetFramebuffer
                0x0000000080006794      0x108 D:\devkitpro/libogc/lib/cube\libogc.a(video.o)
                0x0000000080006794                VIDEO_SetFramebuffer
 .text.VIDEO_SetNextFramebuffer
                0x000000008000689c       0x70 D:\devkitpro/libogc/lib/cube\libogc.a(video.o)
                0x000000008000689c                VIDEO_SetNextFramebuffer
 .text.VIDEO_Flush
                0x000000008000690c       0xf4 D:\devkitpro/libogc/lib/cube\libogc.a(video.o)
                0x000000008000690c                VIDEO_Flush
 .text.VIDEO_SetBlack
                0x0000000080006a00      0x144 D:\devkitpro/libogc/lib/cube\libogc.a(video.o)
                0x0000000080006a00                VIDEO_SetBlack
 .text.VIDEO_GetCurrentTvMode
                0x0000000080006b44       0x78 D:\devkitpro/libogc/lib/cube\libogc.a(video.o)
                0x0000000080006b44                VIDEO_GetCurrentTvMode
 .text.VIDEO_GetPreferredMode
                0x0000000080006bbc       0xa0 D:\devkitpro/libogc/lib/cube\libogc.a(video.o)
                0x0000000080006bbc                VIDEO_GetPreferredMode
 .text.VIDEO_GetCurrentLine
                0x0000000080006c5c       0x98 D:\devkitpro/libogc/lib/cube\libogc.a(video.o)
                0x0000000080006c5c                VIDEO_GetCurrentLine
 .text.VIDEO_SetPostRetraceCallback
                0x0000000080006cf4       0x40 D:\devkitpro/libogc/lib/cube\libogc.a(video.o)
                0x0000000080006cf4                VIDEO_SetPostRetraceCallback
 .text.VIDEO_GetFrameBufferSize
                0x0000000080006d34       0x34 D:\devkitpro/libogc/lib/cube\libogc.a(video.o)
                0x0000000080006d34                VIDEO_GetFrameBufferSize
 .text.SPEC1_MakeStatus
                0x0000000080006d68      0x104 D:\devkitpro/libogc/lib/cube\libogc.a(pad.o)
 .text.__pad_samplinghandler
                0x0000000080006e6c        0x4 D:\devkitpro/libogc/lib/cube\libogc.a(pad.o)
 .text.__pad_doreset
                0x0000000080006e70       0x50 D:\devkitpro/libogc/lib/cube\libogc.a(pad.o)
 .text.__pad_updateorigin
                0x0000000080006ec0       0xa0 D:\devkitpro/libogc/lib/cube\libogc.a(pad.o)
 .text.__pad_disable
                0x0000000080006f60       0xbc D:\devkitpro/libogc/lib/cube\libogc.a(pad.o)
 .text.__pad_receivecheckcallback
                0x000000008000701c       0x84 D:\devkitpro/libogc/lib/cube\libogc.a(pad.o)
 .text.__pad_typeandstatuscallback
                0x00000000800070a0      0x1ac D:\devkitpro/libogc/lib/cube\libogc.a(pad.o)
 .text.__pad_originupdatecallback
                0x000000008000724c       0x74 D:\devkitpro/libogc/lib/cube\libogc.a(pad.o)
 .text.__pad_onreset
                0x00000000800072c0      0x108 D:\devkitpro/libogc/lib/cube\libogc.a(pad.o)
 .text.SPEC2_MakeStatus
                0x00000000800073c8      0x208 D:\devkitpro/libogc/lib/cube\libogc.a(pad.o)
 .text.__pad_origincallback
                0x00000000800075d0       0x74 D:\devkitpro/libogc/lib/cube\libogc.a(pad.o)
 .text.__pad_probecallback
                0x0000000080007644       0x88 D:\devkitpro/libogc/lib/cube\libogc.a(pad.o)
 .text.__PADDisableRecalibration
                0x00000000800076cc       0x58 D:\devkitpro/libogc/lib/cube\libogc.a(pad.o)
                0x00000000800076cc                __PADDisableRecalibration
 .text.PAD_Reset
                0x0000000080007724       0xf0 D:\devkitpro/libogc/lib/cube\libogc.a(pad.o)
                0x0000000080007724                PAD_Reset
 .text.PAD_Read
                0x0000000080007814      0x2f8 D:\devkitpro/libogc/lib/cube\libogc.a(pad.o)
                0x0000000080007814                PAD_Read
 .text.PAD_Init
                0x0000000080007b0c       0xf8 D:\devkitpro/libogc/lib/cube\libogc.a(pad.o)
                0x0000000080007b0c                PAD_Init
 .text.PAD_ScanPads
                0x0000000080007c04      0x2f8 D:\devkitpro/libogc/lib/cube\libogc.a(pad.o)
                0x0000000080007c04                PAD_ScanPads
 .text.PAD_ButtonsDown
                0x0000000080007efc       0x38 D:\devkitpro/libogc/lib/cube\libogc.a(pad.o)
                0x0000000080007efc                PAD_ButtonsDown
 .text.PAD_StickY
                0x0000000080007f34       0x3c D:\devkitpro/libogc/lib/cube\libogc.a(pad.o)
                0x0000000080007f34                PAD_StickY
 .text.__reload
                0x0000000080007f70       0x14 D:\devkitpro/libogc/lib/cube\libogc.a(system.o)
                0x0000000080007f70                __reload
 .text.__call_resetfuncs
                0x0000000080007f84       0xbc D:\devkitpro/libogc/lib/cube\libogc.a(system.o)
 .text.__MEMInterruptHandler
                0x0000000080008040       0x14 D:\devkitpro/libogc/lib/cube\libogc.a(system.o)
 .text.__RSWDefaultHandler
                0x0000000080008054        0x4 D:\devkitpro/libogc/lib/cube\libogc.a(system.o)
 .text.__RSWHandler
                0x0000000080008058       0xf4 D:\devkitpro/libogc/lib/cube\libogc.a(system.o)
 .text.__sys_alarmhandler
                0x000000008000814c       0xfc D:\devkitpro/libogc/lib/cube\libogc.a(system.o)
 .text.__sram_write
                0x0000000080008248      0x148 D:\devkitpro/libogc/lib/cube\libogc.a(system.o)
 .text.__sram_writecallback
                0x0000000080008390       0x54 D:\devkitpro/libogc/lib/cube\libogc.a(system.o)
 .text.__mem_onreset
                0x00000000800083e4       0x48 D:\devkitpro/libogc/lib/cube\libogc.a(system.o)
 .text.__unlocksram
                0x000000008000842c      0x178 D:\devkitpro/libogc/lib/cube\libogc.a(system.o)
 .text.__syscall_sbrk_r
                0x00000000800085a4        0x4 D:\devkitpro/libogc/lib/cube\libogc.a(system.o)
                0x00000000800085a4                __syscall_sbrk_r
 .text.__syscall_lock_init
                0x00000000800085a8        0x4 D:\devkitpro/libogc/lib/cube\libogc.a(system.o)
                0x00000000800085a8                __syscall_lock_init
 .text.__syscall_lock_close
                0x00000000800085ac        0x4 D:\devkitpro/libogc/lib/cube\libogc.a(system.o)
                0x00000000800085ac                __syscall_lock_close
 .text.__syscall_lock_release
                0x00000000800085b0        0x4 D:\devkitpro/libogc/lib/cube\libogc.a(system.o)
                0x00000000800085b0                __syscall_lock_release
 .text.__syscall_lock_acquire
                0x00000000800085b4        0x4 D:\devkitpro/libogc/lib/cube\libogc.a(system.o)
                0x00000000800085b4                __syscall_lock_acquire
 .text.__syscall_malloc_lock
                0x00000000800085b8        0x4 D:\devkitpro/libogc/lib/cube\libogc.a(system.o)
                0x00000000800085b8                __syscall_malloc_lock
 .text.__syscall_malloc_unlock
                0x00000000800085bc        0x4 D:\devkitpro/libogc/lib/cube\libogc.a(system.o)
                0x00000000800085bc                __syscall_malloc_unlock
 .text.__SYS_LockSram
                0x00000000800085c0       0x5c D:\devkitpro/libogc/lib/cube\libogc.a(system.o)
                0x00000000800085c0                __SYS_LockSram
 .text.__SYS_UnlockSram
                0x000000008000861c        0x8 D:\devkitpro/libogc/lib/cube\libogc.a(system.o)
                0x000000008000861c                __SYS_UnlockSram
 .text.__SYS_PreInit
                0x0000000080008624        0x4 D:\devkitpro/libogc/lib/cube\libogc.a(system.o)
                0x0000000080008624                __SYS_PreInit
 .text.SYS_PreMain
                0x0000000080008628        0x4 D:\devkitpro/libogc/lib/cube\libogc.a(system.o)
                0x0000000080008628                SYS_PreMain
 .text.SYS_ResetButtonDown
                0x000000008000862c       0x18 D:\devkitpro/libogc/lib/cube\libogc.a(system.o)
                0x000000008000862c                SYS_ResetButtonDown
 .text.SYS_ResetSystem
                0x0000000080008644      0x300 D:\devkitpro/libogc/lib/cube\libogc.a(system.o)
                0x0000000080008644                SYS_ResetSystem
 .text.__syscall_exit
                0x0000000080008944       0x34 D:\devkitpro/libogc/lib/cube\libogc.a(system.o)
                0x0000000080008944                __syscall_exit
 .text.SYS_RegisterResetFunc
                0x0000000080008978       0x78 D:\devkitpro/libogc/lib/cube\libogc.a(system.o)
                0x0000000080008978                SYS_RegisterResetFunc
 .text.SYS_SetArena1Lo
                0x00000000800089f0       0x38 D:\devkitpro/libogc/lib/cube\libogc.a(system.o)
                0x00000000800089f0                SYS_SetArena1Lo
 .text.SYS_GetArena1Lo
                0x0000000080008a28       0x38 D:\devkitpro/libogc/lib/cube\libogc.a(system.o)
                0x0000000080008a28                SYS_GetArena1Lo
 .text.SYS_GetArena1Hi
                0x0000000080008a60       0x38 D:\devkitpro/libogc/lib/cube\libogc.a(system.o)
                0x0000000080008a60                SYS_GetArena1Hi
 .text.SYS_AllocateFramebuffer
                0x0000000080008a98       0x28 D:\devkitpro/libogc/lib/cube\libogc.a(system.o)
                0x0000000080008a98                SYS_AllocateFramebuffer
 .text.SYS_CreateAlarm
                0x0000000080008ac0      0x10c D:\devkitpro/libogc/lib/cube\libogc.a(system.o)
                0x0000000080008ac0                SYS_CreateAlarm
 .text.SYS_SetAlarm
                0x0000000080008bcc      0x1e8 D:\devkitpro/libogc/lib/cube\libogc.a(system.o)
                0x0000000080008bcc                SYS_SetAlarm
 .text.SYS_CancelAlarm
                0x0000000080008db4       0xdc D:\devkitpro/libogc/lib/cube\libogc.a(system.o)
                0x0000000080008db4                SYS_CancelAlarm
 .text.SYS_SetWirelessID
                0x0000000080008e90       0x94 D:\devkitpro/libogc/lib/cube\libogc.a(system.o)
                0x0000000080008e90                SYS_SetWirelessID
 .text.SYS_GetWirelessID
                0x0000000080008f24       0x90 D:\devkitpro/libogc/lib/cube\libogc.a(system.o)
                0x0000000080008f24                SYS_GetWirelessID
 .text.SYS_SetGBSMode
                0x0000000080008fb4       0xa8 D:\devkitpro/libogc/lib/cube\libogc.a(system.o)
                0x0000000080008fb4                SYS_SetGBSMode
 .text.__sram_init
                0x000000008000905c      0x1b0 D:\devkitpro/libogc/lib/cube\libogc.a(system.o)
                0x000000008000905c                __sram_init
 .text.SYS_Init
                0x000000008000920c      0x664 D:\devkitpro/libogc/lib/cube\libogc.a(system.o)
                0x000000008000920c                SYS_Init
 .text.__lwp_cond_init
                0x0000000080009870       0x14 D:\devkitpro/libogc/lib/cube\libogc.a(cond.o)
                0x0000000080009870                __lwp_cond_init
 .text.__GXTokenInterruptHandler
                0x0000000080009884       0x68 D:\devkitpro/libogc/lib/cube\libogc.a(gx.o)
 .text.__GXDefTlutRegionCallback
                0x00000000800098ec       0x18 D:\devkitpro/libogc/lib/cube\libogc.a(gx.o)
 .text.__SetSURegs
                0x0000000080009904       0x90 D:\devkitpro/libogc/lib/cube\libogc.a(gx.o)
 .text.__SETVCDATTR
                0x0000000080009994      0x230 D:\devkitpro/libogc/lib/cube\libogc.a(gx.o)
 .text.__SETVCDFMT
                0x0000000080009bc4      0x4b8 D:\devkitpro/libogc/lib/cube\libogc.a(gx.o)
 .text.__GXCPInterruptHandler
                0x000000008000a07c      0x17c D:\devkitpro/libogc/lib/cube\libogc.a(gx.o)
 .text.__GXFinishInterruptHandler
                0x000000008000a1f8       0x58 D:\devkitpro/libogc/lib/cube\libogc.a(gx.o)
 .text.GX_SetTexCoordGen2.part.0
                0x000000008000a250      0x258 D:\devkitpro/libogc/lib/cube\libogc.a(gx.o)
 .text.__GXDefTexRegionCallback
                0x000000008000a4a8       0x58 D:\devkitpro/libogc/lib/cube\libogc.a(gx.o)
 .text.GX_InitTexObj.part.0
                0x000000008000a500      0x1e4 D:\devkitpro/libogc/lib/cube\libogc.a(gx.o)
 .text.__GX_SetDirtyState
                0x000000008000a6e4      0x938 D:\devkitpro/libogc/lib/cube\libogc.a(gx.o)
 .text.GX_SetCPUFifo
                0x000000008000b01c      0x234 D:\devkitpro/libogc/lib/cube\libogc.a(gx.o)
                0x000000008000b01c                GX_SetCPUFifo
 .text.GX_SetGPFifo
                0x000000008000b250      0x308 D:\devkitpro/libogc/lib/cube\libogc.a(gx.o)
                0x000000008000b250                GX_SetGPFifo
 .text.GX_Flush
                0x000000008000b558       0x94 D:\devkitpro/libogc/lib/cube\libogc.a(gx.o)
                0x000000008000b558                GX_Flush
 .text.GX_AbortFrame
                0x000000008000b5ec      0x2b0 D:\devkitpro/libogc/lib/cube\libogc.a(gx.o)
                0x000000008000b5ec                GX_AbortFrame
 .text.__gx_onreset
                0x000000008000b89c       0x7c D:\devkitpro/libogc/lib/cube\libogc.a(gx.o)
 .text.GX_DrawDone
                0x000000008000b918       0xf8 D:\devkitpro/libogc/lib/cube\libogc.a(gx.o)
                0x000000008000b918                GX_DrawDone
 .text.GX_SetViewport
                0x000000008000ba10       0x78 D:\devkitpro/libogc/lib/cube\libogc.a(gx.o)
                0x000000008000ba10                GX_SetViewport
 .text.GX_LoadProjectionMtx
                0x000000008000ba88       0xf0 D:\devkitpro/libogc/lib/cube\libogc.a(gx.o)
                0x000000008000ba88                GX_LoadProjectionMtx
 .text.GX_SetCopyClear
                0x000000008000bb78       0x4c D:\devkitpro/libogc/lib/cube\libogc.a(gx.o)
                0x000000008000bb78                GX_SetCopyClear
 .text.GX_SetDispCopyGamma
                0x000000008000bbc4       0x18 D:\devkitpro/libogc/lib/cube\libogc.a(gx.o)
                0x000000008000bbc4                GX_SetDispCopyGamma
 .text.GX_SetCopyFilter
                0x000000008000bbdc      0x268 D:\devkitpro/libogc/lib/cube\libogc.a(gx.o)
                0x000000008000bbdc                GX_SetCopyFilter
 .text.GX_SetDispCopyYScale
                0x000000008000be44      0x134 D:\devkitpro/libogc/lib/cube\libogc.a(gx.o)
                0x000000008000be44                GX_SetDispCopyYScale
 .text.GX_SetDispCopyDst
                0x000000008000bf78       0x20 D:\devkitpro/libogc/lib/cube\libogc.a(gx.o)
                0x000000008000bf78                GX_SetDispCopyDst
 .text.GX_SetDispCopySrc
                0x000000008000bf98       0x38 D:\devkitpro/libogc/lib/cube\libogc.a(gx.o)
                0x000000008000bf98                GX_SetDispCopySrc
 .text.GX_CopyDisp
                0x000000008000bfd0      0x12c D:\devkitpro/libogc/lib/cube\libogc.a(gx.o)
                0x000000008000bfd0                GX_CopyDisp
 .text.GX_SetArray
                0x000000008000c0fc       0x88 D:\devkitpro/libogc/lib/cube\libogc.a(gx.o)
                0x000000008000c0fc                GX_SetArray
 .text.GX_SetVtxDesc
                0x000000008000c184       0x34 D:\devkitpro/libogc/lib/cube\libogc.a(gx.o)
                0x000000008000c184                GX_SetVtxDesc
 .text.GX_SetVtxAttrFmt
                0x000000008000c1b8       0x54 D:\devkitpro/libogc/lib/cube\libogc.a(gx.o)
                0x000000008000c1b8                GX_SetVtxAttrFmt
 .text.GX_Begin
                0x000000008000c20c       0x7c D:\devkitpro/libogc/lib/cube\libogc.a(gx.o)
                0x000000008000c20c                GX_Begin
 .text.GX_SetTexCoordGen
                0x000000008000c288       0x14 D:\devkitpro/libogc/lib/cube\libogc.a(gx.o)
                0x000000008000c288                GX_SetTexCoordGen
 .text.GX_LoadPosMtxImm
                0x000000008000c29c       0x50 D:\devkitpro/libogc/lib/cube\libogc.a(gx.o)
                0x000000008000c29c                GX_LoadPosMtxImm
 .text.GX_SetNumTexGens
                0x000000008000c2ec       0x28 D:\devkitpro/libogc/lib/cube\libogc.a(gx.o)
                0x000000008000c2ec                GX_SetNumTexGens
 .text.GX_InvVtxCache
                0x000000008000c314       0x14 D:\devkitpro/libogc/lib/cube\libogc.a(gx.o)
                0x000000008000c314                GX_InvVtxCache
 .text.GX_SetZMode
                0x000000008000c328       0x38 D:\devkitpro/libogc/lib/cube\libogc.a(gx.o)
                0x000000008000c328                GX_SetZMode
 .text.GX_InitTexObj
                0x000000008000c360        0xc D:\devkitpro/libogc/lib/cube\libogc.a(gx.o)
                0x000000008000c360                GX_InitTexObj
 .text.GX_InitTexObjLOD
                0x000000008000c36c      0x200 D:\devkitpro/libogc/lib/cube\libogc.a(gx.o)
                0x000000008000c36c                GX_InitTexObjLOD
 .text.GX_LoadTexObjPreloaded
                0x000000008000c56c      0x158 D:\devkitpro/libogc/lib/cube\libogc.a(gx.o)
                0x000000008000c56c                GX_LoadTexObjPreloaded
 .text.GX_LoadTexObj
                0x000000008000c6c4       0x5c D:\devkitpro/libogc/lib/cube\libogc.a(gx.o)
                0x000000008000c6c4                GX_LoadTexObj
 .text.GX_InvalidateTexAll
                0x000000008000c720       0x50 D:\devkitpro/libogc/lib/cube\libogc.a(gx.o)
                0x000000008000c720                GX_InvalidateTexAll
 .text.GX_SetBlendMode
                0x000000008000c770       0xa0 D:\devkitpro/libogc/lib/cube\libogc.a(gx.o)
                0x000000008000c770                GX_SetBlendMode
 .text.GX_ClearVtxDesc
                0x000000008000c810       0x38 D:\devkitpro/libogc/lib/cube\libogc.a(gx.o)
                0x000000008000c810                GX_ClearVtxDesc
 .text.GX_SetTevColorIn
                0x000000008000c848       0x44 D:\devkitpro/libogc/lib/cube\libogc.a(gx.o)
                0x000000008000c848                GX_SetTevColorIn
 .text.GX_SetTevAlphaIn
                0x000000008000c88c       0x44 D:\devkitpro/libogc/lib/cube\libogc.a(gx.o)
                0x000000008000c88c                GX_SetTevAlphaIn
 .text.GX_SetTevColorOp
                0x000000008000c8d0       0x98 D:\devkitpro/libogc/lib/cube\libogc.a(gx.o)
                0x000000008000c8d0                GX_SetTevColorOp
 .text.GX_SetTevAlphaOp
                0x000000008000c968       0x98 D:\devkitpro/libogc/lib/cube\libogc.a(gx.o)
                0x000000008000c968                GX_SetTevAlphaOp
 .text.GX_SetTevOp
                0x000000008000ca00      0x168 D:\devkitpro/libogc/lib/cube\libogc.a(gx.o)
                0x000000008000ca00                GX_SetTevOp
 .text.GX_SetCullMode
                0x000000008000cb68       0x2c D:\devkitpro/libogc/lib/cube\libogc.a(gx.o)
                0x000000008000cb68                GX_SetCullMode
 .text.GX_SetScissor
                0x000000008000cb94       0x78 D:\devkitpro/libogc/lib/cube\libogc.a(gx.o)
                0x000000008000cb94                GX_SetScissor
 .text.GX_SetNumChans
                0x000000008000cc0c       0x28 D:\devkitpro/libogc/lib/cube\libogc.a(gx.o)
                0x000000008000cc0c                GX_SetNumChans
 .text.GX_SetTevOrder
                0x000000008000cc34      0x18c D:\devkitpro/libogc/lib/cube\libogc.a(gx.o)
                0x000000008000cc34                GX_SetTevOrder
 .text.GX_SetTevKColorSel
                0x000000008000cdc0       0x54 D:\devkitpro/libogc/lib/cube\libogc.a(gx.o)
                0x000000008000cdc0                GX_SetTevKColorSel
 .text.GX_SetTevKAlphaSel
                0x000000008000ce14       0x54 D:\devkitpro/libogc/lib/cube\libogc.a(gx.o)
                0x000000008000ce14                GX_SetTevKAlphaSel
 .text.GX_SetTevSwapModeTable
                0x000000008000ce68       0x64 D:\devkitpro/libogc/lib/cube\libogc.a(gx.o)
                0x000000008000ce68                GX_SetTevSwapModeTable
 .text.GX_SetFog
                0x000000008000cecc      0x230 D:\devkitpro/libogc/lib/cube\libogc.a(gx.o)
                0x000000008000cecc                GX_SetFog
 .text.GX_SetColorUpdate
                0x000000008000d0fc       0x30 D:\devkitpro/libogc/lib/cube\libogc.a(gx.o)
                0x000000008000d0fc                GX_SetColorUpdate
 .text.GX_SetPixelFmt
                0x000000008000d12c       0xe0 D:\devkitpro/libogc/lib/cube\libogc.a(gx.o)
                0x000000008000d12c                GX_SetPixelFmt
 .text.GX_SetFieldMode
                0x000000008000d20c       0x58 D:\devkitpro/libogc/lib/cube\libogc.a(gx.o)
                0x000000008000d20c                GX_SetFieldMode
 .text.GX_SetGPMetric
                0x000000008000d264      0x7fc D:\devkitpro/libogc/lib/cube\libogc.a(gx.o)
                0x000000008000d264                GX_SetGPMetric
 .text.GX_Init  0x000000008000da60     0x1720 D:\devkitpro/libogc/lib/cube\libogc.a(gx.o)
                0x000000008000da60                GX_Init
 .text.guPerspective
                0x000000008000f180       0xe4 D:\devkitpro/libogc/lib/cube\libogc.a(gu.o)
                0x000000008000f180                guPerspective
 .text.guLookAt
                0x000000008000f264      0x13c D:\devkitpro/libogc/lib/cube\libogc.a(gu.o)
                0x000000008000f264                guLookAt
 .text.ps_guMtxRotAxisRad
                0x000000008000f3a0       0x50 D:\devkitpro/libogc/lib/cube\libogc.a(gu.o)
                0x000000008000f3a0                ps_guMtxRotAxisRad
 .text.__decrementer_init
                0x000000008000f3f0        0x4 D:\devkitpro/libogc/lib/cube\libogc.a(decrementer.o)
                0x000000008000f3f0                __decrementer_init
 .text.c_decrementer_handler
                0x000000008000f3f4        0xc D:\devkitpro/libogc/lib/cube\libogc.a(decrementer.o)
                0x000000008000f3f4                c_decrementer_handler
 .text.__lwp_mqbox_init
                0x000000008000f400       0x14 D:\devkitpro/libogc/lib/cube\libogc.a(message.o)
                0x000000008000f400                __lwp_mqbox_init
 .text.__si_transfer
                0x000000008000f414      0x188 D:\devkitpro/libogc/lib/cube\libogc.a(si.o)
 .text.__si_alarmhandler
                0x000000008000f59c      0x10c D:\devkitpro/libogc/lib/cube\libogc.a(si.o)
 .text.__si_completetransfer
                0x000000008000f6a8      0x1f8 D:\devkitpro/libogc/lib/cube\libogc.a(si.o)
 .text.__si_transfernext
                0x000000008000f8a0      0x294 D:\devkitpro/libogc/lib/cube\libogc.a(si.o)
 .text.SI_Busy  0x000000008000fb34       0x18 D:\devkitpro/libogc/lib/cube\libogc.a(si.o)
                0x000000008000fb34                SI_Busy
 .text.SI_IsChanBusy
                0x000000008000fb4c       0x38 D:\devkitpro/libogc/lib/cube\libogc.a(si.o)
                0x000000008000fb4c                SI_IsChanBusy
 .text.SI_SetXY
                0x000000008000fb84       0x64 D:\devkitpro/libogc/lib/cube\libogc.a(si.o)
                0x000000008000fb84                SI_SetXY
 .text.SI_EnablePolling
                0x000000008000fbe8       0x80 D:\devkitpro/libogc/lib/cube\libogc.a(si.o)
                0x000000008000fbe8                SI_EnablePolling
 .text.SI_DisablePolling
                0x000000008000fc68       0x58 D:\devkitpro/libogc/lib/cube\libogc.a(si.o)
                0x000000008000fc68                SI_DisablePolling
 .text.SI_SetSamplingRate
                0x000000008000fcc0       0xdc D:\devkitpro/libogc/lib/cube\libogc.a(si.o)
                0x000000008000fcc0                SI_SetSamplingRate
 .text.SI_RefreshSamplingRate
                0x000000008000fd9c        0x8 D:\devkitpro/libogc/lib/cube\libogc.a(si.o)
                0x000000008000fd9c                SI_RefreshSamplingRate
 .text.SI_GetStatus
                0x000000008000fda4       0x78 D:\devkitpro/libogc/lib/cube\libogc.a(si.o)
                0x000000008000fda4                SI_GetStatus
 .text.SI_GetResponseRaw
                0x000000008000fe1c       0xe8 D:\devkitpro/libogc/lib/cube\libogc.a(si.o)
                0x000000008000fe1c                SI_GetResponseRaw
 .text.SI_GetResponse
                0x000000008000ff04       0xb8 D:\devkitpro/libogc/lib/cube\libogc.a(si.o)
                0x000000008000ff04                SI_GetResponse
 .text.SI_SetCommand
                0x000000008000ffbc       0x10 D:\devkitpro/libogc/lib/cube\libogc.a(si.o)
                0x000000008000ffbc                SI_SetCommand
 .text.SI_Transfer
                0x000000008000ffcc      0x274 D:\devkitpro/libogc/lib/cube\libogc.a(si.o)
                0x000000008000ffcc                SI_Transfer
 .text.__si_gettypecallback
                0x0000000080010240      0x2c4 D:\devkitpro/libogc/lib/cube\libogc.a(si.o)
 .text.__si_interrupthandler
                0x0000000080010504      0x2bc D:\devkitpro/libogc/lib/cube\libogc.a(si.o)
 .text.SI_GetType
                0x00000000800107c0      0x214 D:\devkitpro/libogc/lib/cube\libogc.a(si.o)
                0x00000000800107c0                SI_GetType
 .text.SI_GetTypeAsync
                0x00000000800109d4      0x1a4 D:\devkitpro/libogc/lib/cube\libogc.a(si.o)
                0x00000000800109d4                SI_GetTypeAsync
 .text.SI_EnablePollingInterrupt
                0x0000000080010b78       0x80 D:\devkitpro/libogc/lib/cube\libogc.a(si.o)
                0x0000000080010b78                SI_EnablePollingInterrupt
 .text.SI_UnregisterPollingHandler
                0x0000000080010bf8      0x118 D:\devkitpro/libogc/lib/cube\libogc.a(si.o)
                0x0000000080010bf8                SI_UnregisterPollingHandler
 .text.__si_init
                0x0000000080010d10       0xe8 D:\devkitpro/libogc/lib/cube\libogc.a(si.o)
                0x0000000080010d10                __si_init
 .text.TPL_GetTextureSize
                0x0000000080010df8       0x9c D:\devkitpro/libogc/lib/cube\libogc.a(tpl.o)
 .text.TPL_OpenTPLFromMemory
                0x0000000080010e94       0xa4 D:\devkitpro/libogc/lib/cube\libogc.a(tpl.o)
                0x0000000080010e94                TPL_OpenTPLFromMemory
 .text.TPL_GetTexture
                0x0000000080010f38      0x1fc D:\devkitpro/libogc/lib/cube\libogc.a(tpl.o)
                0x0000000080010f38                TPL_GetTexture
 .text.gettick  0x0000000080011134        0x8 D:\devkitpro/libogc/lib/cube\libogc.a(timesupp.o)
                0x0000000080011134                gettick
 .text.gettime  0x000000008001113c       0x18 D:\devkitpro/libogc/lib/cube\libogc.a(timesupp.o)
                0x000000008001113c                gettime
 .text.diff_usec
                0x0000000080011154       0x88 D:\devkitpro/libogc/lib/cube\libogc.a(timesupp.o)
                0x0000000080011154                diff_usec
 .text.__timesystem_init
                0x00000000800111dc       0x1c D:\devkitpro/libogc/lib/cube\libogc.a(timesupp.o)
                0x00000000800111dc                __timesystem_init
 .text.udelay   0x00000000800111f8       0xac D:\devkitpro/libogc/lib/cube\libogc.a(timesupp.o)
                0x00000000800111f8                udelay
 .text.__libogc_lock_init
                0x00000000800112a4       0x78 D:\devkitpro/libogc/lib/cube\libogc.a(lock_supp.o)
                0x00000000800112a4                __libogc_lock_init
 .text.__libogc_lock_close
                0x000000008001131c       0x64 D:\devkitpro/libogc/lib/cube\libogc.a(lock_supp.o)
                0x000000008001131c                __libogc_lock_close
 .text.__libogc_lock_acquire
                0x0000000080011380       0x20 D:\devkitpro/libogc/lib/cube\libogc.a(lock_supp.o)
                0x0000000080011380                __libogc_lock_acquire
 .text.__libogc_lock_release
                0x00000000800113a0       0x20 D:\devkitpro/libogc/lib/cube\libogc.a(lock_supp.o)
                0x00000000800113a0                __libogc_lock_release
 .text.__libc_create_hook
                0x00000000800113c0       0x10 D:\devkitpro/libogc/lib/cube\libogc.a(newlibc.o)
                0x00000000800113c0                __libc_create_hook
 .text.__libc_start_hook
                0x00000000800113d0       0x9c D:\devkitpro/libogc/lib/cube\libogc.a(newlibc.o)
                0x00000000800113d0                __libc_start_hook
 .text.__libc_delete_hook
                0x000000008001146c      0x108 D:\devkitpro/libogc/lib/cube\libogc.a(newlibc.o)
                0x000000008001146c                __libc_delete_hook
 .text.__libc_init
                0x0000000080011574       0xb0 D:\devkitpro/libogc/lib/cube\libogc.a(newlibc.o)
                0x0000000080011574                __libc_init
 .text.__libogc_sbrk_r
                0x0000000080011624       0xe0 D:\devkitpro/libogc/lib/cube\libogc.a(sbrk.o)
                0x0000000080011624                __libogc_sbrk_r
 .text.__memlock_init
                0x0000000080011704       0x7c D:\devkitpro/libogc/lib/cube\libogc.a(malloc_lock.o)
                0x0000000080011704                __memlock_init
 .text.__libogc_malloc_lock
                0x0000000080011780      0x1f8 D:\devkitpro/libogc/lib/cube\libogc.a(malloc_lock.o)
                0x0000000080011780                __libogc_malloc_lock
 .text.__libogc_malloc_unlock
                0x0000000080011978       0x64 D:\devkitpro/libogc/lib/cube\libogc.a(malloc_lock.o)
                0x0000000080011978                __libogc_malloc_unlock
 .text.__CheckARGV
                0x00000000800119dc       0x80 D:\devkitpro/libogc/lib/cube\libogc.a(argv.o)
                0x00000000800119dc                __CheckARGV
 .text.__lwp_priority_init
                0x0000000080011a5c       0x1c D:\devkitpro/libogc/lib/cube\libogc.a(lwp_priority.o)
                0x0000000080011a5c                __lwp_priority_init
 .text.__lwp_threadqueue_enqueuefifo
                0x0000000080011a78      0x144 D:\devkitpro/libogc/lib/cube\libogc.a(lwp_threadq.o)
                0x0000000080011a78                __lwp_threadqueue_enqueuefifo
 .text.__lwp_threadqueue_dequeuefifo
                0x0000000080011bbc      0x14c D:\devkitpro/libogc/lib/cube\libogc.a(lwp_threadq.o)
                0x0000000080011bbc                __lwp_threadqueue_dequeuefifo
 .text.__lwp_threadqueue_enqueuepriority
                0x0000000080011d08      0x344 D:\devkitpro/libogc/lib/cube\libogc.a(lwp_threadq.o)
                0x0000000080011d08                __lwp_threadqueue_enqueuepriority
 .text.__lwp_threadqueue_dequeuepriority
                0x000000008001204c      0x1d8 D:\devkitpro/libogc/lib/cube\libogc.a(lwp_threadq.o)
                0x000000008001204c                __lwp_threadqueue_dequeuepriority
 .text.__lwp_threadqueue_init
                0x0000000080012224       0x88 D:\devkitpro/libogc/lib/cube\libogc.a(lwp_threadq.o)
                0x0000000080012224                __lwp_threadqueue_init
 .text.__lwp_threadqueue_enqueue
                0x00000000800122ac      0x138 D:\devkitpro/libogc/lib/cube\libogc.a(lwp_threadq.o)
                0x00000000800122ac                __lwp_threadqueue_enqueue
 .text.__lwp_threadqueue_dequeue
                0x00000000800123e4       0x24 D:\devkitpro/libogc/lib/cube\libogc.a(lwp_threadq.o)
                0x00000000800123e4                __lwp_threadqueue_dequeue
 .text.__lwp_threadqueue_flush
                0x0000000080012408       0x68 D:\devkitpro/libogc/lib/cube\libogc.a(lwp_threadq.o)
                0x0000000080012408                __lwp_threadqueue_flush
 .text.__lwp_threadqueue_extractfifo
                0x0000000080012470       0xe8 D:\devkitpro/libogc/lib/cube\libogc.a(lwp_threadq.o)
                0x0000000080012470                __lwp_threadqueue_extractfifo
 .text.__lwp_threadqueue_extractpriority
                0x0000000080012558      0x148 D:\devkitpro/libogc/lib/cube\libogc.a(lwp_threadq.o)
                0x0000000080012558                __lwp_threadqueue_extractpriority
 .text.__lwp_threadqueue_timeout
                0x00000000800126a0       0xd0 D:\devkitpro/libogc/lib/cube\libogc.a(lwp_threadq.o)
 .text.__lwp_threadqueue_extractproxy
                0x0000000080012770       0x88 D:\devkitpro/libogc/lib/cube\libogc.a(lwp_threadq.o)
                0x0000000080012770                __lwp_threadqueue_extractproxy
 .text.__lwp_isr_in_progress
                0x00000000800127f8        0x8 D:\devkitpro/libogc/lib/cube\libogc.a(lwp_threads.o)
                0x00000000800127f8                __lwp_isr_in_progress
 .text.__thread_dispatch_fp
                0x0000000080012800       0x88 D:\devkitpro/libogc/lib/cube\libogc.a(lwp_threads.o)
                0x0000000080012800                __thread_dispatch_fp
 .text.__thread_dispatch
                0x0000000080012888      0x110 D:\devkitpro/libogc/lib/cube\libogc.a(lwp_threads.o)
                0x0000000080012888                __thread_dispatch
 .text.__lwp_thread_resettimeslice
                0x0000000080012998       0xb4 D:\devkitpro/libogc/lib/cube\libogc.a(lwp_threads.o)
                0x0000000080012998                __lwp_thread_resettimeslice
 .text.__lwp_thread_tickle_timeslice
                0x0000000080012a4c       0xc8 D:\devkitpro/libogc/lib/cube\libogc.a(lwp_threads.o)
                0x0000000080012a4c                __lwp_thread_tickle_timeslice
 .text.__lwp_thread_setstate
                0x0000000080012b14      0x16c D:\devkitpro/libogc/lib/cube\libogc.a(lwp_threads.o)
                0x0000000080012b14                __lwp_thread_setstate
 .text.__lwp_thread_clearstate
                0x0000000080012c80       0xe4 D:\devkitpro/libogc/lib/cube\libogc.a(lwp_threads.o)
                0x0000000080012c80                __lwp_thread_clearstate
 .text.__lwp_thread_suspend
                0x0000000080012d64      0x17c D:\devkitpro/libogc/lib/cube\libogc.a(lwp_threads.o)
                0x0000000080012d64                __lwp_thread_suspend
 .text.__lwp_thread_settransient
                0x0000000080012ee0       0xb4 D:\devkitpro/libogc/lib/cube\libogc.a(lwp_threads.o)
                0x0000000080012ee0                __lwp_thread_settransient
 .text.__lwp_thread_changepriority
                0x0000000080012f94      0x1f8 D:\devkitpro/libogc/lib/cube\libogc.a(lwp_threads.o)
                0x0000000080012f94                __lwp_thread_changepriority
 .text.__lwp_thread_resume
                0x000000008001318c      0x12c D:\devkitpro/libogc/lib/cube\libogc.a(lwp_threads.o)
                0x000000008001318c                __lwp_thread_resume
 .text.__lwp_thread_ready
                0x00000000800132b8       0xf0 D:\devkitpro/libogc/lib/cube\libogc.a(lwp_threads.o)
                0x00000000800132b8                __lwp_thread_ready
 .text.__lwp_thread_init
                0x00000000800133a8      0x16c D:\devkitpro/libogc/lib/cube\libogc.a(lwp_threads.o)
                0x00000000800133a8                __lwp_thread_init
 .text.__lwp_thread_close
                0x0000000080013514      0x138 D:\devkitpro/libogc/lib/cube\libogc.a(lwp_threads.o)
                0x0000000080013514                __lwp_thread_close
 .text.__lwp_thread_handler
                0x000000008001364c       0xd8 D:\devkitpro/libogc/lib/cube\libogc.a(lwp_threads.o)
 .text.__lwp_thread_closeall
                0x0000000080013724       0xb4 D:\devkitpro/libogc/lib/cube\libogc.a(lwp_threads.o)
                0x0000000080013724                __lwp_thread_closeall
 .text.__lwp_thread_start
                0x00000000800137d8       0xe8 D:\devkitpro/libogc/lib/cube\libogc.a(lwp_threads.o)
                0x00000000800137d8                __lwp_thread_start
 .text.__lwp_thread_startmultitasking
                0x00000000800138c0       0xac D:\devkitpro/libogc/lib/cube\libogc.a(lwp_threads.o)
                0x00000000800138c0                __lwp_thread_startmultitasking
 .text.__lwp_thread_stopmultitasking
                0x000000008001396c       0x58 D:\devkitpro/libogc/lib/cube\libogc.a(lwp_threads.o)
                0x000000008001396c                __lwp_thread_stopmultitasking
 .text.__lwp_thread_coreinit
                0x00000000800139c4       0xc8 D:\devkitpro/libogc/lib/cube\libogc.a(lwp_threads.o)
                0x00000000800139c4                __lwp_thread_coreinit
 .text.idle_func
                0x0000000080013a8c        0x4 D:\devkitpro/libogc/lib/cube\libogc.a(lwp.o)
 .text.__lwp_sysinit
                0x0000000080013a90      0x114 D:\devkitpro/libogc/lib/cube\libogc.a(lwp.o)
                0x0000000080013a90                __lwp_sysinit
 .text.LWP_SuspendThread
                0x0000000080013ba4       0xc0 D:\devkitpro/libogc/lib/cube\libogc.a(lwp.o)
                0x0000000080013ba4                LWP_SuspendThread
 .text.LWP_ResumeThread
                0x0000000080013c64       0xd0 D:\devkitpro/libogc/lib/cube\libogc.a(lwp.o)
                0x0000000080013c64                LWP_ResumeThread
 .text.LWP_GetSelf
                0x0000000080013d34       0x28 D:\devkitpro/libogc/lib/cube\libogc.a(lwp.o)
                0x0000000080013d34                LWP_GetSelf
 .text.LWP_InitQueue
                0x0000000080013d5c      0x148 D:\devkitpro/libogc/lib/cube\libogc.a(lwp.o)
                0x0000000080013d5c                LWP_InitQueue
 .text.LWP_ThreadSleep
                0x0000000080013ea4      0x110 D:\devkitpro/libogc/lib/cube\libogc.a(lwp.o)
                0x0000000080013ea4                LWP_ThreadSleep
 .text.LWP_ThreadBroadcast
                0x0000000080013fb4       0x88 D:\devkitpro/libogc/lib/cube\libogc.a(lwp.o)
                0x0000000080013fb4                LWP_ThreadBroadcast
 .text.__lwp_stack_allocate
                0x000000008001403c       0x60 D:\devkitpro/libogc/lib/cube\libogc.a(lwp_stack.o)
                0x000000008001403c                __lwp_stack_allocate
 .text.__lwp_stack_free
                0x000000008001409c       0x1c D:\devkitpro/libogc/lib/cube\libogc.a(lwp_stack.o)
                0x000000008001409c                __lwp_stack_free
 .text.__lwp_mutex_initialize
                0x00000000800140b8       0xa4 D:\devkitpro/libogc/lib/cube\libogc.a(lwp_mutex.o)
                0x00000000800140b8                __lwp_mutex_initialize
 .text.__lwp_mutex_surrender
                0x000000008001415c      0x164 D:\devkitpro/libogc/lib/cube\libogc.a(lwp_mutex.o)
                0x000000008001415c                __lwp_mutex_surrender
 .text.__lwp_mutex_seize_irq_blocking
                0x00000000800142c0       0xf8 D:\devkitpro/libogc/lib/cube\libogc.a(lwp_mutex.o)
                0x00000000800142c0                __lwp_mutex_seize_irq_blocking
 .text.__lwp_mutex_flush
                0x00000000800143b8        0x4 D:\devkitpro/libogc/lib/cube\libogc.a(lwp_mutex.o)
                0x00000000800143b8                __lwp_mutex_flush
 .text.__lwp_wd_settimer
                0x00000000800143bc       0xe0 D:\devkitpro/libogc/lib/cube\libogc.a(lwp_watchdog.o)
 .text.__lwp_watchdog_init
                0x000000008001449c       0x2c D:\devkitpro/libogc/lib/cube\libogc.a(lwp_watchdog.o)
                0x000000008001449c                __lwp_watchdog_init
 .text.__lwp_wd_insert
                0x00000000800144c8      0x1b0 D:\devkitpro/libogc/lib/cube\libogc.a(lwp_watchdog.o)
                0x00000000800144c8                __lwp_wd_insert
 .text.__lwp_wd_remove
                0x0000000080014678      0x138 D:\devkitpro/libogc/lib/cube\libogc.a(lwp_watchdog.o)
                0x0000000080014678                __lwp_wd_remove
 .text.__lwp_wd_tickle
                0x00000000800147b0      0x120 D:\devkitpro/libogc/lib/cube\libogc.a(lwp_watchdog.o)
                0x00000000800147b0                __lwp_wd_tickle
 .text.__lwp_wkspace_init
                0x00000000800148d0       0xc0 D:\devkitpro/libogc/lib/cube\libogc.a(lwp_wkspace.o)
                0x00000000800148d0                __lwp_wkspace_init
 .text.__lwp_objmgr_initinfo
                0x0000000080014990      0x1a0 D:\devkitpro/libogc/lib/cube\libogc.a(lwp_objmgr.o)
                0x0000000080014990                __lwp_objmgr_initinfo
 .text.__lwp_objmgr_getisrdisable
                0x0000000080014b30       0x60 D:\devkitpro/libogc/lib/cube\libogc.a(lwp_objmgr.o)
                0x0000000080014b30                __lwp_objmgr_getisrdisable
 .text.__lwp_objmgr_getnoprotection
                0x0000000080014b90       0x24 D:\devkitpro/libogc/lib/cube\libogc.a(lwp_objmgr.o)
                0x0000000080014b90                __lwp_objmgr_getnoprotection
 .text.__lwp_objmgr_get
                0x0000000080014bb4       0x70 D:\devkitpro/libogc/lib/cube\libogc.a(lwp_objmgr.o)
                0x0000000080014bb4                __lwp_objmgr_get
 .text.__lwp_objmgr_allocate
                0x0000000080014c24       0x88 D:\devkitpro/libogc/lib/cube\libogc.a(lwp_objmgr.o)
                0x0000000080014c24                __lwp_objmgr_allocate
 .text.__lwp_objmgr_free
                0x0000000080014cac       0x60 D:\devkitpro/libogc/lib/cube\libogc.a(lwp_objmgr.o)
                0x0000000080014cac                __lwp_objmgr_free
 .text.__lwp_heap_init
                0x0000000080014d0c       0xa4 D:\devkitpro/libogc/lib/cube\libogc.a(lwp_heap.o)
                0x0000000080014d0c                __lwp_heap_init
 .text.__lwp_heap_allocate
                0x0000000080014db0      0x16c D:\devkitpro/libogc/lib/cube\libogc.a(lwp_heap.o)
                0x0000000080014db0                __lwp_heap_allocate
 .text.__lwp_heap_free
                0x0000000080014f1c      0x188 D:\devkitpro/libogc/lib/cube\libogc.a(lwp_heap.o)
                0x0000000080014f1c                __lwp_heap_free
 .text.__systemcall_init
                0x00000000800150a4       0x70 D:\devkitpro/libogc/lib/cube\libogc.a(exception.o)
                0x00000000800150a4                __systemcall_init
 .text.__exception_init
                0x0000000080015114      0x12c D:\devkitpro/libogc/lib/cube\libogc.a(exception.o)
                0x0000000080015114                __exception_init
 .text.__exception_close
                0x0000000080015240       0xac D:\devkitpro/libogc/lib/cube\libogc.a(exception.o)
                0x0000000080015240                __exception_close
 .text.__exception_closeall
                0x00000000800152ec       0x70 D:\devkitpro/libogc/lib/cube\libogc.a(exception.o)
                0x00000000800152ec                __exception_closeall
 .text.c_default_exceptionhandler
                0x000000008001535c      0x444 D:\devkitpro/libogc/lib/cube\libogc.a(exception.o)
                0x000000008001535c                c_default_exceptionhandler
 .text.__SetInterrupts
                0x00000000800157a0      0x28c D:\devkitpro/libogc/lib/cube\libogc.a(irq.o)
 .text.c_irqdispatcher
                0x0000000080015a2c      0x2a0 D:\devkitpro/libogc/lib/cube\libogc.a(irq.o)
                0x0000000080015a2c                c_irqdispatcher
 .text.__UnmaskIrq
                0x0000000080015ccc       0x84 D:\devkitpro/libogc/lib/cube\libogc.a(irq.o)
                0x0000000080015ccc                __UnmaskIrq
 .text.__MaskIrq
                0x0000000080015d50       0x84 D:\devkitpro/libogc/lib/cube\libogc.a(irq.o)
                0x0000000080015d50                __MaskIrq
 .text.__irq_init
                0x0000000080015dd4       0x9c D:\devkitpro/libogc/lib/cube\libogc.a(irq.o)
                0x0000000080015dd4                __irq_init
 .text.IRQ_Request
                0x0000000080015e70       0x50 D:\devkitpro/libogc/lib/cube\libogc.a(irq.o)
                0x0000000080015e70                IRQ_Request
 .text.IRQ_GetHandler
                0x0000000080015ec0       0x44 D:\devkitpro/libogc/lib/cube\libogc.a(irq.o)
                0x0000000080015ec0                IRQ_GetHandler
 .text.__lwp_sema_init
                0x0000000080015f04       0x14 D:\devkitpro/libogc/lib/cube\libogc.a(semaphore.o)
                0x0000000080015f04                __lwp_sema_init
 .text.__exi_irq_handler
                0x0000000080015f18       0x58 D:\devkitpro/libogc/lib/cube\libogc.a(exi.o)
 .text.__ext_irq_handler
                0x0000000080015f70       0xc8 D:\devkitpro/libogc/lib/cube\libogc.a(exi.o)
 .text.__tc_irq_handler
                0x0000000080016038      0x174 D:\devkitpro/libogc/lib/cube\libogc.a(exi.o)
 .text.__exi_probe
                0x00000000800161ac      0x204 D:\devkitpro/libogc/lib/cube\libogc.a(exi.o)
 .text.__exi_attach
                0x00000000800163b0      0x104 D:\devkitpro/libogc/lib/cube\libogc.a(exi.o)
 .text.EXI_Lock
                0x00000000800164b4      0x218 D:\devkitpro/libogc/lib/cube\libogc.a(exi.o)
                0x00000000800164b4                EXI_Lock
 .text.EXI_Unlock
                0x00000000800166cc      0x228 D:\devkitpro/libogc/lib/cube\libogc.a(exi.o)
                0x00000000800166cc                EXI_Unlock
 .text.EXI_Select
                0x00000000800168f4      0x230 D:\devkitpro/libogc/lib/cube\libogc.a(exi.o)
                0x00000000800168f4                EXI_Select
 .text.EXI_Deselect
                0x0000000080016b24      0x174 D:\devkitpro/libogc/lib/cube\libogc.a(exi.o)
                0x0000000080016b24                EXI_Deselect
 .text.EXI_Sync
                0x0000000080016c98      0x108 D:\devkitpro/libogc/lib/cube\libogc.a(exi.o)
                0x0000000080016c98                EXI_Sync
 .text.EXI_Imm  0x0000000080016da0      0x1f4 D:\devkitpro/libogc/lib/cube\libogc.a(exi.o)
                0x0000000080016da0                EXI_Imm
 .text.EXI_ImmEx
                0x0000000080016f94       0xd8 D:\devkitpro/libogc/lib/cube\libogc.a(exi.o)
                0x0000000080016f94                EXI_ImmEx
 .text.EXI_Dma  0x000000008001706c      0x16c D:\devkitpro/libogc/lib/cube\libogc.a(exi.o)
                0x000000008001706c                EXI_Dma
 .text.EXI_Detach
                0x00000000800171d8       0xd4 D:\devkitpro/libogc/lib/cube\libogc.a(exi.o)
                0x00000000800171d8                EXI_Detach
 .text.EXI_GetID
                0x00000000800172ac      0x338 D:\devkitpro/libogc/lib/cube\libogc.a(exi.o)
                0x00000000800172ac                EXI_GetID
 .text.__unlocked_handler
                0x00000000800175e4       0x28 D:\devkitpro/libogc/lib/cube\libogc.a(exi.o)
 .text.EXI_ProbeReset
                0x000000008001760c       0x70 D:\devkitpro/libogc/lib/cube\libogc.a(exi.o)
                0x000000008001760c                EXI_ProbeReset
 .text.__exi_init
                0x000000008001767c      0x200 D:\devkitpro/libogc/lib/cube\libogc.a(exi.o)
                0x000000008001767c                __exi_init
 .text.__lwp_mutex_locksupp.constprop.0
                0x000000008001787c      0x294 D:\devkitpro/libogc/lib/cube\libogc.a(mutex.o)
 .text.__lwp_mutex_init
                0x0000000080017b10       0x14 D:\devkitpro/libogc/lib/cube\libogc.a(mutex.o)
                0x0000000080017b10                __lwp_mutex_init
 .text.LWP_MutexInit
                0x0000000080017b24       0xe4 D:\devkitpro/libogc/lib/cube\libogc.a(mutex.o)
                0x0000000080017b24                LWP_MutexInit
 .text.LWP_MutexDestroy
                0x0000000080017c08       0xf0 D:\devkitpro/libogc/lib/cube\libogc.a(mutex.o)
                0x0000000080017c08                LWP_MutexDestroy
 .text.LWP_MutexLock
                0x0000000080017cf8        0x8 D:\devkitpro/libogc/lib/cube\libogc.a(mutex.o)
                0x0000000080017cf8                LWP_MutexLock
 .text.LWP_MutexUnlock
                0x0000000080017d00       0x9c D:\devkitpro/libogc/lib/cube\libogc.a(mutex.o)
                0x0000000080017d00                LWP_MutexUnlock
 .text.number   0x0000000080017d9c      0x364 D:\devkitpro/libogc/lib/cube\libogc.a(kprintf.o)
 .text.kvsprintf
                0x0000000080018100      0x7a0 D:\devkitpro/libogc/lib/cube\libogc.a(kprintf.o)
                0x0000000080018100                kvsprintf
 .text.kprintf  0x00000000800188a0       0xac D:\devkitpro/libogc/lib/cube\libogc.a(kprintf.o)
                0x00000000800188a0                kprintf
 .text.__console_clear_line
                0x000000008001894c       0x90 D:\devkitpro/libogc/lib/cube\libogc.a(console.o)
 .text.__console_clear
                0x00000000800189dc       0x8c D:\devkitpro/libogc/lib/cube\libogc.a(console.o)
 .text.__console_write
                0x0000000080018a68      0x7c4 D:\devkitpro/libogc/lib/cube\libogc.a(console.o)
                0x0000000080018a68                __console_write
 .text.__console_init
                0x000000008001922c      0x108 D:\devkitpro/libogc/lib/cube\libogc.a(console.o)
                0x000000008001922c                __console_init
 .text.CON_EnableGecko
                0x0000000080019334      0x100 D:\devkitpro/libogc/lib/cube\libogc.a(console.o)
                0x0000000080019334                CON_EnableGecko
 .text.__lwp_queue_initialize
                0x0000000080019434       0x98 D:\devkitpro/libogc/lib/cube\libogc.a(lwp_queue.o)
                0x0000000080019434                __lwp_queue_initialize
 .text.__lwp_queue_get
                0x00000000800194cc       0x74 D:\devkitpro/libogc/lib/cube\libogc.a(lwp_queue.o)
                0x00000000800194cc                __lwp_queue_get
 .text.__lwp_queue_append
                0x0000000080019540       0x4c D:\devkitpro/libogc/lib/cube\libogc.a(lwp_queue.o)
                0x0000000080019540                __lwp_queue_append
 .text.__usbgecko_exi_unlock
                0x000000008001958c       0x34 D:\devkitpro/libogc/lib/cube\libogc.a(usbgecko.o)
 .text.usb_isgeckoalive
                0x00000000800195c0      0x1c0 D:\devkitpro/libogc/lib/cube\libogc.a(usbgecko.o)
                0x00000000800195c0                usb_isgeckoalive
 .text.usb_sendbuffer_ex
                0x0000000080019780      0x214 D:\devkitpro/libogc/lib/cube\libogc.a(usbgecko.o)
                0x0000000080019780                usb_sendbuffer_ex
 .text.usb_sendbuffer
                0x0000000080019994        0x8 D:\devkitpro/libogc/lib/cube\libogc.a(usbgecko.o)
                0x0000000080019994                usb_sendbuffer
 .text.usb_sendbuffer_safe_ex
                0x000000008001999c      0x29c D:\devkitpro/libogc/lib/cube\libogc.a(usbgecko.o)
                0x000000008001999c                usb_sendbuffer_safe_ex
 .text.usb_sendbuffer_safe
                0x0000000080019c38        0x8 D:\devkitpro/libogc/lib/cube\libogc.a(usbgecko.o)
                0x0000000080019c38                usb_sendbuffer_safe
 .text.cosf     0x0000000080019c40       0xdc d:/devkitpro/devkitppc/bin/../lib/gcc/powerpc-eabi/10.2.0/../../../../powerpc-eabi/lib\libm.a(lib_a-sf_cos.o)
                0x0000000080019c40                cosf
 .text.tanf     0x0000000080019d1c       0x84 d:/devkitpro/devkitppc/bin/../lib/gcc/powerpc-eabi/10.2.0/../../../../powerpc-eabi/lib\libm.a(lib_a-sf_tan.o)
                0x0000000080019d1c                tanf
 .text.sincosf  0x0000000080019da0       0x58 d:/devkitpro/devkitppc/bin/../lib/gcc/powerpc-eabi/10.2.0/../../../../powerpc-eabi/lib\libm.a(lib_a-wf_sincos.o)
                0x0000000080019da0                sincosf
 .text.__ieee754_rem_pio2f
                0x0000000080019df8      0x430 d:/devkitpro/devkitppc/bin/../lib/gcc/powerpc-eabi/10.2.0/../../../../powerpc-eabi/lib\libm.a(lib_a-ef_rem_pio2.o)
                0x0000000080019df8                __ieee754_rem_pio2f
 .text.__kernel_cosf
                0x000000008001a228      0x188 d:/devkitpro/devkitppc/bin/../lib/gcc/powerpc-eabi/10.2.0/../../../../powerpc-eabi/lib\libm.a(lib_a-kf_cos.o)
                0x000000008001a228                __kernel_cosf
 .text.__kernel_rem_pio2f
                0x000000008001a3b0      0xe9c d:/devkitpro/devkitppc/bin/../lib/gcc/powerpc-eabi/10.2.0/../../../../powerpc-eabi/lib\libm.a(lib_a-kf_rem_pio2.o)
                0x000000008001a3b0                __kernel_rem_pio2f
 .text.__kernel_sinf
                0x000000008001b24c       0xcc d:/devkitpro/devkitppc/bin/../lib/gcc/powerpc-eabi/10.2.0/../../../../powerpc-eabi/lib\libm.a(lib_a-kf_sin.o)
                0x000000008001b24c                __kernel_sinf
 .text.__kernel_tanf
                0x000000008001b318      0x2b4 d:/devkitpro/devkitppc/bin/../lib/gcc/powerpc-eabi/10.2.0/../../../../powerpc-eabi/lib\libm.a(lib_a-kf_tan.o)
                0x000000008001b318                __kernel_tanf
 .text.fabsf    0x000000008001b5cc       0x20 d:/devkitpro/devkitppc/bin/../lib/gcc/powerpc-eabi/10.2.0/../../../../powerpc-eabi/lib\libm.a(lib_a-sf_fabs.o)
                0x000000008001b5cc                fabsf
 .text.floorf   0x000000008001b5ec      0x100 d:/devkitpro/devkitppc/bin/../lib/gcc/powerpc-eabi/10.2.0/../../../../powerpc-eabi/lib\libm.a(lib_a-sf_floor.o)
                0x000000008001b5ec                floorf
 .text.scalbnf  0x000000008001b6ec      0x17c d:/devkitpro/devkitppc/bin/../lib/gcc/powerpc-eabi/10.2.0/../../../../powerpc-eabi/lib\libm.a(lib_a-sf_scalbn.o)
                0x000000008001b6ec                scalbnf
 .text.sinf     0x000000008001b868       0xe0 d:/devkitpro/devkitppc/bin/../lib/gcc/powerpc-eabi/10.2.0/../../../../powerpc-eabi/lib\libm.a(lib_a-sf_sin.o)
                0x000000008001b868                sinf
 .text.__udivdi3
                0x000000008001b948      0x3bc d:/devkitpro/devkitppc/bin/../lib/gcc/powerpc-eabi/10.2.0\libgcc.a(_udivdi3.o)
                0x000000008001b948                __udivdi3
 .text.unlikely.abort
                0x000000008001bd04       0x28 d:/devkitpro/devkitppc/bin/../lib/gcc/powerpc-eabi/10.2.0/../../../../powerpc-eabi/lib\libsysbase.a(abort.o)
                0x000000008001bd04                abort
 .text.null_write
                0x000000008001bd2c        0x8 d:/devkitpro/devkitppc/bin/../lib/gcc/powerpc-eabi/10.2.0/../../../../powerpc-eabi/lib\libsysbase.a(iosupport.o)
 .text._exit    0x000000008001bd34       0x28 d:/devkitpro/devkitppc/bin/../lib/gcc/powerpc-eabi/10.2.0/../../../../powerpc-eabi/lib\libsysbase.a(_exit.o)
                0x000000008001bd34                _exit
 .text.build_argv
                0x000000008001bd5c       0xcc d:/devkitpro/devkitppc/bin/../lib/gcc/powerpc-eabi/10.2.0/../../../../powerpc-eabi/lib\libsysbase.a(build_argv.o)
                0x000000008001bd5c                build_argv
 .text.calloc   0x000000008001be28       0x18 d:/devkitpro/devkitppc/bin/../lib/gcc/powerpc-eabi/10.2.0/../../../../powerpc-eabi/lib\libc.a(lib_a-calloc.o)
                0x000000008001be28                calloc
 .text._calloc_r
                0x000000008001be40       0xc4 d:/devkitpro/devkitppc/bin/../lib/gcc/powerpc-eabi/10.2.0/../../../../powerpc-eabi/lib\libc.a(lib_a-callocr.o)
                0x000000008001be40                _calloc_r
 .text.exit     0x000000008001bf04       0x40 d:/devkitpro/devkitppc/bin/../lib/gcc/powerpc-eabi/10.2.0/../../../../powerpc-eabi/lib\libc.a(lib_a-exit.o)
                0x000000008001bf04                exit
 .text._fclose_r
                0x000000008001bf44      0x1fc d:/devkitpro/devkitppc/bin/../lib/gcc/powerpc-eabi/10.2.0/../../../../powerpc-eabi/lib\libc.a(lib_a-fclose.o)
                0x000000008001bf44                _fclose_r
 .text.__sflush_r
                0x000000008001c140      0x340 d:/devkitpro/devkitppc/bin/../lib/gcc/powerpc-eabi/10.2.0/../../../../powerpc-eabi/lib\libc.a(lib_a-fflush.o)
                0x000000008001c140                __sflush_r
 .text._fflush_r
                0x000000008001c480      0x108 d:/devkitpro/devkitppc/bin/../lib/gcc/powerpc-eabi/10.2.0/../../../../powerpc-eabi/lib\libc.a(lib_a-fflush.o)
                0x000000008001c480                _fflush_r
 .text.fflush   0x000000008001c588      0x104 d:/devkitpro/devkitppc/bin/../lib/gcc/powerpc-eabi/10.2.0/../../../../powerpc-eabi/lib\libc.a(lib_a-fflush.o)
                0x000000008001c588                fflush
 .text._cleanup_r
                0x000000008001c68c        0xc d:/devkitpro/devkitppc/bin/../lib/gcc/powerpc-eabi/10.2.0/../../../../powerpc-eabi/lib\libc.a(lib_a-findfp.o)
                0x000000008001c68c                _cleanup_r
 .text.__sinit  0x000000008001c698      0x1f8 d:/devkitpro/devkitppc/bin/../lib/gcc/powerpc-eabi/10.2.0/../../../../powerpc-eabi/lib\libc.a(lib_a-findfp.o)
                0x000000008001c698                __sinit
 .text.__sfp_lock_acquire
                0x000000008001c890       0x58 d:/devkitpro/devkitppc/bin/../lib/gcc/powerpc-eabi/10.2.0/../../../../powerpc-eabi/lib\libc.a(lib_a-findfp.o)
                0x000000008001c890                __sfp_lock_acquire
 .text.__sfp_lock_release
                0x000000008001c8e8        0xc d:/devkitpro/devkitppc/bin/../lib/gcc/powerpc-eabi/10.2.0/../../../../powerpc-eabi/lib\libc.a(lib_a-findfp.o)
                0x000000008001c8e8                __sfp_lock_release
 .text._fread_r
                0x000000008001c8f4      0x42c d:/devkitpro/devkitppc/bin/../lib/gcc/powerpc-eabi/10.2.0/../../../../powerpc-eabi/lib\libc.a(lib_a-fread.o)
                0x000000008001c8f4                _fread_r
 .text.fread    0x000000008001cd20       0x28 d:/devkitpro/devkitppc/bin/../lib/gcc/powerpc-eabi/10.2.0/../../../../powerpc-eabi/lib\libc.a(lib_a-fread.o)
                0x000000008001cd20                fread
 .text._malloc_trim_r
                0x000000008001cd48      0x138 d:/devkitpro/devkitppc/bin/../lib/gcc/powerpc-eabi/10.2.0/../../../../powerpc-eabi/lib\libc.a(lib_a-freer.o)
                0x000000008001cd48                _malloc_trim_r
 .text._free_r  0x000000008001ce80      0x340 d:/devkitpro/devkitppc/bin/../lib/gcc/powerpc-eabi/10.2.0/../../../../powerpc-eabi/lib\libc.a(lib_a-freer.o)
                0x000000008001ce80                _free_r
 .text.fseek    0x000000008001d1c0       0x1c d:/devkitpro/devkitppc/bin/../lib/gcc/powerpc-eabi/10.2.0/../../../../powerpc-eabi/lib\libc.a(lib_a-fseek.o)
                0x000000008001d1c0                fseek
 .text._fseeko_r
                0x000000008001d1dc      0x648 d:/devkitpro/devkitppc/bin/../lib/gcc/powerpc-eabi/10.2.0/../../../../powerpc-eabi/lib\libc.a(lib_a-fseeko.o)
                0x000000008001d1dc                _fseeko_r
 .text._ftello_r
                0x000000008001d824      0x1f8 d:/devkitpro/devkitppc/bin/../lib/gcc/powerpc-eabi/10.2.0/../../../../powerpc-eabi/lib\libc.a(lib_a-ftello.o)
                0x000000008001d824                _ftello_r
 .text._fwalk   0x000000008001da1c       0xa4 d:/devkitpro/devkitppc/bin/../lib/gcc/powerpc-eabi/10.2.0/../../../../powerpc-eabi/lib\libc.a(lib_a-fwalk.o)
                0x000000008001da1c                _fwalk
 .text._fwalk_reent
                0x000000008001dac0       0xb4 d:/devkitpro/devkitppc/bin/../lib/gcc/powerpc-eabi/10.2.0/../../../../powerpc-eabi/lib\libc.a(lib_a-fwalk.o)
                0x000000008001dac0                _fwalk_reent
 .text.__smakebuf_r
                0x000000008001db74      0x194 d:/devkitpro/devkitppc/bin/../lib/gcc/powerpc-eabi/10.2.0/../../../../powerpc-eabi/lib\libc.a(lib_a-makebuf.o)
                0x000000008001db74                __smakebuf_r
 .text.__swhatbuf_r
                0x000000008001dd08       0xdc d:/devkitpro/devkitppc/bin/../lib/gcc/powerpc-eabi/10.2.0/../../../../powerpc-eabi/lib\libc.a(lib_a-makebuf.o)
                0x000000008001dd08                __swhatbuf_r
 .text.memalign
                0x000000008001dde4       0x18 d:/devkitpro/devkitppc/bin/../lib/gcc/powerpc-eabi/10.2.0/../../../../powerpc-eabi/lib\libc.a(lib_a-malign.o)
                0x000000008001dde4                memalign
 .text._memalign_r
                0x000000008001ddfc      0x1b4 d:/devkitpro/devkitppc/bin/../lib/gcc/powerpc-eabi/10.2.0/../../../../powerpc-eabi/lib\libc.a(lib_a-malignr.o)
                0x000000008001ddfc                _memalign_r
 .text.malloc   0x000000008001dfb0       0x10 d:/devkitpro/devkitppc/bin/../lib/gcc/powerpc-eabi/10.2.0/../../../../powerpc-eabi/lib\libc.a(lib_a-malloc.o)
                0x000000008001dfb0                malloc
 .text.free     0x000000008001dfc0       0x10 d:/devkitpro/devkitppc/bin/../lib/gcc/powerpc-eabi/10.2.0/../../../../powerpc-eabi/lib\libc.a(lib_a-malloc.o)
                0x000000008001dfc0                free
 .text._malloc_r
                0x000000008001dfd0      0x894 d:/devkitpro/devkitppc/bin/../lib/gcc/powerpc-eabi/10.2.0/../../../../powerpc-eabi/lib\libc.a(lib_a-mallocr.o)
                0x000000008001dfd0                _malloc_r
 .text.memcpy   0x000000008001e864      0x13c d:/devkitpro/devkitppc/bin/../lib/gcc/powerpc-eabi/10.2.0/../../../../powerpc-eabi/lib\libc.a(lib_a-memcpy.o)
                0x000000008001e864                memcpy
 .text.memmove  0x000000008001e9a0      0x1ac d:/devkitpro/devkitppc/bin/../lib/gcc/powerpc-eabi/10.2.0/../../../../powerpc-eabi/lib\libc.a(lib_a-memmove.o)
                0x000000008001e9a0                memmove
 .text.memset   0x000000008001eb4c      0x1b0 d:/devkitpro/devkitppc/bin/../lib/gcc/powerpc-eabi/10.2.0/../../../../powerpc-eabi/lib\libc.a(lib_a-memset.o)
                0x000000008001eb4c                memset
 .text.cleanup_glue
                0x000000008001ecfc       0xac d:/devkitpro/devkitppc/bin/../lib/gcc/powerpc-eabi/10.2.0/../../../../powerpc-eabi/lib\libc.a(lib_a-reent.o)
                0x000000008001ecfc                cleanup_glue
 .text._reclaim_reent
                0x000000008001eda8      0x14c d:/devkitpro/devkitppc/bin/../lib/gcc/powerpc-eabi/10.2.0/../../../../powerpc-eabi/lib\libc.a(lib_a-reent.o)
                0x000000008001eda8                _reclaim_reent
 .text.lflush   0x000000008001eef4       0x1c d:/devkitpro/devkitppc/bin/../lib/gcc/powerpc-eabi/10.2.0/../../../../powerpc-eabi/lib\libc.a(lib_a-refill.o)
 .text.__srefill_r
                0x000000008001ef10      0x25c d:/devkitpro/devkitppc/bin/../lib/gcc/powerpc-eabi/10.2.0/../../../../powerpc-eabi/lib\libc.a(lib_a-refill.o)
                0x000000008001ef10                __srefill_r
 .text.setvbuf  0x000000008001f16c      0x308 d:/devkitpro/devkitppc/bin/../lib/gcc/powerpc-eabi/10.2.0/../../../../powerpc-eabi/lib\libc.a(lib_a-setvbuf.o)
                0x000000008001f16c                setvbuf
 .text.__sread  0x000000008001f474       0x74 d:/devkitpro/devkitppc/bin/../lib/gcc/powerpc-eabi/10.2.0/../../../../powerpc-eabi/lib\libc.a(lib_a-stdio.o)
                0x000000008001f474                __sread
 .text.__swrite
                0x000000008001f4e8       0xb8 d:/devkitpro/devkitppc/bin/../lib/gcc/powerpc-eabi/10.2.0/../../../../powerpc-eabi/lib\libc.a(lib_a-stdio.o)
                0x000000008001f4e8                __swrite
 .text.__sseek  0x000000008001f5a0       0x70 d:/devkitpro/devkitppc/bin/../lib/gcc/powerpc-eabi/10.2.0/../../../../powerpc-eabi/lib\libc.a(lib_a-stdio.o)
                0x000000008001f5a0                __sseek
 .text.__sclose
                0x000000008001f610        0x8 d:/devkitpro/devkitppc/bin/../lib/gcc/powerpc-eabi/10.2.0/../../../../powerpc-eabi/lib\libc.a(lib_a-stdio.o)
                0x000000008001f610                __sclose
 .text.strnlen  0x000000008001f618       0x78 d:/devkitpro/devkitppc/bin/../lib/gcc/powerpc-eabi/10.2.0/../../../../powerpc-eabi/lib\libc.a(lib_a-strnlen.o)
                0x000000008001f618                strnlen
 .text.write    0x000000008001f690       0x20 d:/devkitpro/devkitppc/bin/../lib/gcc/powerpc-eabi/10.2.0/../../../../powerpc-eabi/lib\libc.a(lib_a-syswrite.o)
                0x000000008001f690                write
 .text.__call_exitprocs
                0x000000008001f6b0      0x1a4 d:/devkitpro/devkitppc/bin/../lib/gcc/powerpc-eabi/10.2.0/../../../../powerpc-eabi/lib\libc.a(lib_a-__call_atexit.o)
                0x000000008001f6b0                __call_exitprocs
 .text._close_r
                0x000000008001f854       0xec d:/devkitpro/devkitppc/bin/../lib/gcc/powerpc-eabi/10.2.0/../../../../powerpc-eabi/lib\libsysbase.a(close.o)
                0x000000008001f854                _close_r
 .text._fstat_r
                0x000000008001f940       0xb0 d:/devkitpro/devkitppc/bin/../lib/gcc/powerpc-eabi/10.2.0/../../../../powerpc-eabi/lib\libsysbase.a(fstat.o)
                0x000000008001f940                _fstat_r
 .text._isatty_r
                0x000000008001f9f0        0x8 d:/devkitpro/devkitppc/bin/../lib/gcc/powerpc-eabi/10.2.0/../../../../powerpc-eabi/lib\libsysbase.a(isatty.o)
                0x000000008001f9f0                _isatty_r
 .text._lseek_r
                0x000000008001f9f8       0xe0 d:/devkitpro/devkitppc/bin/../lib/gcc/powerpc-eabi/10.2.0/../../../../powerpc-eabi/lib\libsysbase.a(lseek.o)
                0x000000008001f9f8                _lseek_r
 .text._read_r  0x000000008001fad8       0xc4 d:/devkitpro/devkitppc/bin/../lib/gcc/powerpc-eabi/10.2.0/../../../../powerpc-eabi/lib\libsysbase.a(read.o)
                0x000000008001fad8                _read_r
 .text._sbrk_r  0x000000008001fb9c       0x28 d:/devkitpro/devkitppc/bin/../lib/gcc/powerpc-eabi/10.2.0/../../../../powerpc-eabi/lib\libsysbase.a(sbrk.o)
                0x000000008001fb9c                _sbrk_r
 .text._write_r
                0x000000008001fbc4       0xc4 d:/devkitpro/devkitppc/bin/../lib/gcc/powerpc-eabi/10.2.0/../../../../powerpc-eabi/lib\libsysbase.a(write.o)
                0x000000008001fbc4                _write_r
 .text.__flockfile
                0x000000008001fc88       0x54 d:/devkitpro/devkitppc/bin/../lib/gcc/powerpc-eabi/10.2.0/../../../../powerpc-eabi/lib\libsysbase.a(flock.o)
                0x000000008001fc88                __flockfile
 .text.__funlockfile
                0x000000008001fcdc        0x8 d:/devkitpro/devkitppc/bin/../lib/gcc/powerpc-eabi/10.2.0/../../../../powerpc-eabi/lib\libsysbase.a(flock.o)
                0x000000008001fcdc                __funlockfile
 .text.__release_handle
                0x000000008001fce4       0xe4 d:/devkitpro/devkitppc/bin/../lib/gcc/powerpc-eabi/10.2.0/../../../../powerpc-eabi/lib\libsysbase.a(handle_manager.o)
                0x000000008001fce4                __release_handle
 .text.__get_handle
                0x000000008001fdc8       0x24 d:/devkitpro/devkitppc/bin/../lib/gcc/powerpc-eabi/10.2.0/../../../../powerpc-eabi/lib\libsysbase.a(handle_manager.o)
                0x000000008001fdc8                __get_handle
 .text.__libc_lock_init
                0x000000008001fdec       0x1c d:/devkitpro/devkitppc/bin/../lib/gcc/powerpc-eabi/10.2.0/../../../../powerpc-eabi/lib\libsysbase.a(syscall_support.o)
                0x000000008001fdec                __libc_lock_init
 .text.__libc_lock_close
                0x000000008001fe08       0x1c d:/devkitpro/devkitppc/bin/../lib/gcc/powerpc-eabi/10.2.0/../../../../powerpc-eabi/lib\libsysbase.a(syscall_support.o)
                0x000000008001fe08                __libc_lock_close
 .text.__libc_lock_release
                0x000000008001fe24       0x1c d:/devkitpro/devkitppc/bin/../lib/gcc/powerpc-eabi/10.2.0/../../../../powerpc-eabi/lib\libsysbase.a(syscall_support.o)
                0x000000008001fe24                __libc_lock_release
 .text.__libc_lock_acquire
                0x000000008001fe40       0x1c d:/devkitpro/devkitppc/bin/../lib/gcc/powerpc-eabi/10.2.0/../../../../powerpc-eabi/lib\libsysbase.a(syscall_support.o)
                0x000000008001fe40                __libc_lock_acquire
 .text.__malloc_lock
                0x000000008001fe5c       0x14 d:/devkitpro/devkitppc/bin/../lib/gcc/powerpc-eabi/10.2.0/../../../../powerpc-eabi/lib\libsysbase.a(syscall_support.o)
                0x000000008001fe5c                __malloc_lock
 .text.__malloc_unlock
                0x000000008001fe70       0x14 d:/devkitpro/devkitppc/bin/../lib/gcc/powerpc-eabi/10.2.0/../../../../powerpc-eabi/lib\libsysbase.a(syscall_support.o)
                0x000000008001fe70                __malloc_unlock
 .text.__do_global_ctors_aux
                0x000000008001fe84       0x50 d:/devkitpro/devkitppc/bin/../lib/gcc/powerpc-eabi/10.2.0/crtend.o
 *(.gnu.warning)
 *(.gnu.linkonce.t.*)
                0x000000008001fee0                . = ALIGN (0x20)
 *fill*         0x000000008001fed4        0xc 00000000

.glink          0x000000008001fee0        0x0
 .glink         0x000000008001fee0        0x0 d:/devkitpro/devkitppc/bin/../lib/gcc/powerpc-eabi/10.2.0/crtbegin.o

.fini           0x000000008001fee0       0x20
 *(.fini)
 .fini          0x000000008001fee0        0xc d:/devkitpro/devkitppc/bin/../lib/gcc/powerpc-eabi/10.2.0/ecrti.o
                0x000000008001fee0                __fini
 .fini          0x000000008001feec        0x4 d:/devkitpro/devkitppc/bin/../lib/gcc/powerpc-eabi/10.2.0/crtbegin.o
 .fini          0x000000008001fef0       0x10 d:/devkitpro/devkitppc/bin/../lib/gcc/powerpc-eabi/10.2.0/ecrtn.o
                0x000000008001ff00                . = ALIGN (0x20)
                [!provide]                        PROVIDE (__etext = .)
                [!provide]                        PROVIDE (_etext = .)
                [!provide]                        PROVIDE (etext = .)

.rodata         0x000000008001ff00     0x92e8
 *(.rodata)
 .rodata        0x000000008001ff00       0x50 D:\devkitpro/libogc/lib/cube\libogc.a(gx.o)
 *(.rodata.*)
 *fill*         0x000000008001ff50       0x10 
 .rodata.textures_tpl
                0x000000008001ff60     0x8040 textures.tpl.o
                0x000000008001ff60                textures_tpl
                0x0000000080027fa0                textures_tpl_end
 .rodata.cst4   0x0000000080027fa0       0x28 texture.o
 .rodata.CSWTCH.139
                0x0000000080027fc8       0x5c D:\devkitpro/libogc/lib/cube\libogc.a(video.o)
 .rodata.CSWTCH.177
                0x0000000080028024       0x18 D:\devkitpro/libogc/lib/cube\libogc.a(video.o)
 .rodata.CSWTCH.178
                0x000000008002803c       0x18 D:\devkitpro/libogc/lib/cube\libogc.a(video.o)
 .rodata.video_timing
                0x0000000080028054      0x110 D:\devkitpro/libogc/lib/cube\libogc.a(video.o)
 .rodata._dsp_initcode
                0x0000000080028164       0x80 D:\devkitpro/libogc/lib/cube\libogc.a(system.o)
 .rodata.__SETVCDATTR
                0x00000000800281e4       0x68 D:\devkitpro/libogc/lib/cube\libogc.a(gx.o)
 .rodata.GX_SetTexCoordGen2.part.0
                0x000000008002824c       0x20 D:\devkitpro/libogc/lib/cube\libogc.a(gx.o)
 .rodata.GX_InitTexObj.part.0
                0x000000008002826c       0x3c D:\devkitpro/libogc/lib/cube\libogc.a(gx.o)
 .rodata.GX_SetTevOp
                0x00000000800282a8       0x14 D:\devkitpro/libogc/lib/cube\libogc.a(gx.o)
 .rodata.GX_SetGPMetric
                0x00000000800282bc       0xe4 D:\devkitpro/libogc/lib/cube\libogc.a(gx.o)
 .rodata.cst4   0x00000000800283a0       0x54 D:\devkitpro/libogc/lib/cube\libogc.a(gx.o)
                                         0x6c (size before relaxing)
 .rodata.CSWTCH.1062
                0x00000000800283f4       0x15 D:\devkitpro/libogc/lib/cube\libogc.a(gx.o)
 *fill*         0x0000000080028409        0x3 
 .rodata.CSWTCH.1063
                0x000000008002840c       0x15 D:\devkitpro/libogc/lib/cube\libogc.a(gx.o)
 *fill*         0x0000000080028421        0x3 
 .rodata._gxtevcolid
                0x0000000080028424        0x9 D:\devkitpro/libogc/lib/cube\libogc.a(gx.o)
 *fill*         0x000000008002842d        0x3 
 .rodata.cst4   0x0000000080028430        0xc D:\devkitpro/libogc/lib/cube\libogc.a(gu.o)
                                         0x20 (size before relaxing)
 .rodata.TPL_GetTextureSize
                0x000000008002843c       0x3c D:\devkitpro/libogc/lib/cube\libogc.a(tpl.o)
 .rodata.cst4   0x0000000080028478        0x8 D:\devkitpro/libogc/lib/cube\libogc.a(tpl.o)
 .rodata.c_default_exceptionhandler.str1.4
                0x0000000080028478      0x263 D:\devkitpro/libogc/lib/cube\libogc.a(exception.o)
                                        0x267 (size before relaxing)
 *fill*         0x00000000800286db        0x1 
 .rodata.str1.4
                0x00000000800286dc       0xa0 D:\devkitpro/libogc/lib/cube\libogc.a(exception.o)
 .rodata.exception_location
                0x000000008002877c       0x3c D:\devkitpro/libogc/lib/cube\libogc.a(exception.o)
 .rodata.exception_name
                0x00000000800287b8       0x3c D:\devkitpro/libogc/lib/cube\libogc.a(exception.o)
 .rodata.number.str1.4
                0x00000000800287f4       0x4d D:\devkitpro/libogc/lib/cube\libogc.a(kprintf.o)
 *fill*         0x0000000080028841        0x3 
 .rodata.kvsprintf.str1.4
                0x0000000080028844        0x7 D:\devkitpro/libogc/lib/cube\libogc.a(kprintf.o)
 *fill*         0x000000008002884b        0x1 
 .rodata.kvsprintf
                0x000000008002884c      0x2e4 D:\devkitpro/libogc/lib/cube\libogc.a(kprintf.o)
 .rodata.__console_write
                0x0000000080028b30       0xec D:\devkitpro/libogc/lib/cube\libogc.a(console.o)
 .rodata.str1.4
                0x0000000080028c1c        0x7 D:\devkitpro/libogc/lib/cube\libogc.a(console.o)
 *fill*         0x0000000080028c23        0x1 
 .rodata.color_table
                0x0000000080028c24       0x40 D:\devkitpro/libogc/lib/cube\libogc.a(console.o)
 .rodata.dotab_stdout
                0x0000000080028c64       0x70 D:\devkitpro/libogc/lib/cube\libogc.a(console.o)
                0x0000000080028c64                dotab_stdout
 .rodata.cst4   0x0000000080028cd4        0x4 d:/devkitpro/devkitppc/bin/../lib/gcc/powerpc-eabi/10.2.0/../../../../powerpc-eabi/lib\libm.a(lib_a-sf_cos.o)
 .rodata.cst4   0x0000000080028cd4        0x4 d:/devkitpro/devkitppc/bin/../lib/gcc/powerpc-eabi/10.2.0/../../../../powerpc-eabi/lib\libm.a(lib_a-sf_tan.o)
 .rodata.cst4   0x0000000080028cd4       0x1c d:/devkitpro/devkitppc/bin/../lib/gcc/powerpc-eabi/10.2.0/../../../../powerpc-eabi/lib\libm.a(lib_a-ef_rem_pio2.o)
                                         0x2c (size before relaxing)
 .rodata.npio2_hw
                0x0000000080028cf0       0x80 d:/devkitpro/devkitppc/bin/../lib/gcc/powerpc-eabi/10.2.0/../../../../powerpc-eabi/lib\libm.a(lib_a-ef_rem_pio2.o)
 .rodata.two_over_pi
                0x0000000080028d70      0x318 d:/devkitpro/devkitppc/bin/../lib/gcc/powerpc-eabi/10.2.0/../../../../powerpc-eabi/lib\libm.a(lib_a-ef_rem_pio2.o)
 .rodata.cst4   0x0000000080029088       0x20 d:/devkitpro/devkitppc/bin/../lib/gcc/powerpc-eabi/10.2.0/../../../../powerpc-eabi/lib\libm.a(lib_a-kf_cos.o)
                                         0x28 (size before relaxing)
 .rodata.cst4   0x00000000800290a8       0x10 d:/devkitpro/devkitppc/bin/../lib/gcc/powerpc-eabi/10.2.0/../../../../powerpc-eabi/lib\libm.a(lib_a-kf_rem_pio2.o)
                                         0x24 (size before relaxing)
 .rodata.PIo2   0x00000000800290b8       0x2c d:/devkitpro/devkitppc/bin/../lib/gcc/powerpc-eabi/10.2.0/../../../../powerpc-eabi/lib\libm.a(lib_a-kf_rem_pio2.o)
 .rodata.init_jk
                0x00000000800290e4        0xc d:/devkitpro/devkitppc/bin/../lib/gcc/powerpc-eabi/10.2.0/../../../../powerpc-eabi/lib\libm.a(lib_a-kf_rem_pio2.o)
 .rodata.cst4   0x00000000800290f0       0x1c d:/devkitpro/devkitppc/bin/../lib/gcc/powerpc-eabi/10.2.0/../../../../powerpc-eabi/lib\libm.a(lib_a-kf_sin.o)
                                         0x20 (size before relaxing)
 .rodata.cst4   0x000000008002910c       0x3c d:/devkitpro/devkitppc/bin/../lib/gcc/powerpc-eabi/10.2.0/../../../../powerpc-eabi/lib\libm.a(lib_a-kf_tan.o)
                                         0x50 (size before relaxing)
 .rodata.cst4   0x0000000080029148        0x4 d:/devkitpro/devkitppc/bin/../lib/gcc/powerpc-eabi/10.2.0/../../../../powerpc-eabi/lib\libm.a(lib_a-sf_floor.o)
                                          0xc (size before relaxing)
 .rodata.cst4   0x000000008002914c       0x14 d:/devkitpro/devkitppc/bin/../lib/gcc/powerpc-eabi/10.2.0/../../../../powerpc-eabi/lib\libm.a(lib_a-sf_scalbn.o)